Archive member included to satisfy reference by file (symbol)

/home/mcw/MCW/Dell/EDK2/edk2/Build/OvmfX64/DEBUG_GCC5/X64/MdeModulePkg/Bus/Pci/NvmExpressDxe/NvmExpressDxe/OUTPUT/NvmExpressDxe.lib(NvmExpressBlockIo.obj)
                              (--whole-archive)
/home/mcw/MCW/Dell/EDK2/edk2/Build/OvmfX64/DEBUG_GCC5/X64/MdeModulePkg/Bus/Pci/NvmExpressDxe/NvmExpressDxe/OUTPUT/NvmExpressDxe.lib(ComponentName.obj)
                              (--whole-archive)
/home/mcw/MCW/Dell/EDK2/edk2/Build/OvmfX64/DEBUG_GCC5/X64/MdeModulePkg/Bus/Pci/NvmExpressDxe/NvmExpressDxe/OUTPUT/NvmExpressDxe.lib(NvmExpress.obj)
                              (--whole-archive)
/home/mcw/MCW/Dell/EDK2/edk2/Build/OvmfX64/DEBUG_GCC5/X64/MdeModulePkg/Bus/Pci/NvmExpressDxe/NvmExpressDxe/OUTPUT/NvmExpressDxe.lib(NvmExpressDiskInfo.obj)
                              (--whole-archive)
/home/mcw/MCW/Dell/EDK2/edk2/Build/OvmfX64/DEBUG_GCC5/X64/MdeModulePkg/Bus/Pci/NvmExpressDxe/NvmExpressDxe/OUTPUT/NvmExpressDxe.lib(NvmExpressHci.obj)
                              (--whole-archive)
/home/mcw/MCW/Dell/EDK2/edk2/Build/OvmfX64/DEBUG_GCC5/X64/MdeModulePkg/Bus/Pci/NvmExpressDxe/NvmExpressDxe/OUTPUT/NvmExpressDxe.lib(NvmExpressPassthru.obj)
                              (--whole-archive)
/home/mcw/MCW/Dell/EDK2/edk2/Build/OvmfX64/DEBUG_GCC5/X64/MdeModulePkg/Bus/Pci/NvmExpressDxe/NvmExpressDxe/OUTPUT/NvmExpressDxe.lib(NvmExpressMediaSanitize.obj)
                              (--whole-archive)
/home/mcw/MCW/Dell/EDK2/edk2/Build/OvmfX64/DEBUG_GCC5/X64/MdeModulePkg/Bus/Pci/NvmExpressDxe/NvmExpressDxe/OUTPUT/NvmExpressDxe.lib(AutoGen.obj)
                              (--whole-archive)
/home/mcw/MCW/Dell/EDK2/edk2/Build/OvmfX64/DEBUG_GCC5/X64/MdePkg/Library/RegisterFilterLibNull/RegisterFilterLibNull/OUTPUT/FilterLibNull.lib(RegisterFilterLibNull.obj)
                              (--whole-archive)
/home/mcw/MCW/Dell/EDK2/edk2/Build/OvmfX64/DEBUG_GCC5/X64/MdePkg/Library/DxePcdLib/DxePcdLib/OUTPUT/DxePcdLib.lib(DxePcdLib.obj)
                              (--whole-archive)
/home/mcw/MCW/Dell/EDK2/edk2/Build/OvmfX64/DEBUG_GCC5/X64/MdePkg/Library/BaseLib/BaseLib/OUTPUT/BaseLib.lib(CheckSum.obj)
                              (--whole-archive)
/home/mcw/MCW/Dell/EDK2/edk2/Build/OvmfX64/DEBUG_GCC5/X64/MdePkg/Library/BaseLib/BaseLib/OUTPUT/BaseLib.lib(SwitchStack.obj)
                              (--whole-archive)
/home/mcw/MCW/Dell/EDK2/edk2/Build/OvmfX64/DEBUG_GCC5/X64/MdePkg/Library/BaseLib/BaseLib/OUTPUT/BaseLib.lib(SwapBytes64.obj)
                              (--whole-archive)
/home/mcw/MCW/Dell/EDK2/edk2/Build/OvmfX64/DEBUG_GCC5/X64/MdePkg/Library/BaseLib/BaseLib/OUTPUT/BaseLib.lib(SwapBytes32.obj)
                              (--whole-archive)
/home/mcw/MCW/Dell/EDK2/edk2/Build/OvmfX64/DEBUG_GCC5/X64/MdePkg/Library/BaseLib/BaseLib/OUTPUT/BaseLib.lib(SwapBytes16.obj)
                              (--whole-archive)
/home/mcw/MCW/Dell/EDK2/edk2/Build/OvmfX64/DEBUG_GCC5/X64/MdePkg/Library/BaseLib/BaseLib/OUTPUT/BaseLib.lib(LongJump.obj)
                              (--whole-archive)
/home/mcw/MCW/Dell/EDK2/edk2/Build/OvmfX64/DEBUG_GCC5/X64/MdePkg/Library/BaseLib/BaseLib/OUTPUT/BaseLib.lib(SetJump.obj)
                              (--whole-archive)
/home/mcw/MCW/Dell/EDK2/edk2/Build/OvmfX64/DEBUG_GCC5/X64/MdePkg/Library/BaseLib/BaseLib/OUTPUT/BaseLib.lib(QuickSort.obj)
                              (--whole-archive)
/home/mcw/MCW/Dell/EDK2/edk2/Build/OvmfX64/DEBUG_GCC5/X64/MdePkg/Library/BaseLib/BaseLib/OUTPUT/BaseLib.lib(RShiftU64.obj)
                              (--whole-archive)
/home/mcw/MCW/Dell/EDK2/edk2/Build/OvmfX64/DEBUG_GCC5/X64/MdePkg/Library/BaseLib/BaseLib/OUTPUT/BaseLib.lib(RRotU64.obj)
                              (--whole-archive)
/home/mcw/MCW/Dell/EDK2/edk2/Build/OvmfX64/DEBUG_GCC5/X64/MdePkg/Library/BaseLib/BaseLib/OUTPUT/BaseLib.lib(RRotU32.obj)
                              (--whole-archive)
/home/mcw/MCW/Dell/EDK2/edk2/Build/OvmfX64/DEBUG_GCC5/X64/MdePkg/Library/BaseLib/BaseLib/OUTPUT/BaseLib.lib(MultU64x64.obj)
                              (--whole-archive)
/home/mcw/MCW/Dell/EDK2/edk2/Build/OvmfX64/DEBUG_GCC5/X64/MdePkg/Library/BaseLib/BaseLib/OUTPUT/BaseLib.lib(MultU64x32.obj)
                              (--whole-archive)
/home/mcw/MCW/Dell/EDK2/edk2/Build/OvmfX64/DEBUG_GCC5/X64/MdePkg/Library/BaseLib/BaseLib/OUTPUT/BaseLib.lib(MultS64x64.obj)
                              (--whole-archive)
/home/mcw/MCW/Dell/EDK2/edk2/Build/OvmfX64/DEBUG_GCC5/X64/MdePkg/Library/BaseLib/BaseLib/OUTPUT/BaseLib.lib(ModU64x32.obj)
                              (--whole-archive)
/home/mcw/MCW/Dell/EDK2/edk2/Build/OvmfX64/DEBUG_GCC5/X64/MdePkg/Library/BaseLib/BaseLib/OUTPUT/BaseLib.lib(LShiftU64.obj)
                              (--whole-archive)
/home/mcw/MCW/Dell/EDK2/edk2/Build/OvmfX64/DEBUG_GCC5/X64/MdePkg/Library/BaseLib/BaseLib/OUTPUT/BaseLib.lib(LRotU64.obj)
                              (--whole-archive)
[...]
Memory Configuration

Name             Origin             Length             Attributes
*default*        0x0000000000000000 0xffffffffffffffff

Linker script and memory map

START GROUP
LOAD /tmp/cc4RXlbU.ltrans0.ltrans.o
LOAD /tmp/cc3OXgdG.debug.temp.o
LOAD /tmp/ccvLUYTC.debug.temp.o
LOAD /tmp/ccQ15iOP.debug.temp.o
LOAD /tmp/ccIkUKmV.debug.temp.o
LOAD /tmp/cch2MMVy.debug.temp.o
LOAD /tmp/ccvaIYSJ.debug.temp.o
LOAD /tmp/cc4uOEy8.debug.temp.o
LOAD /tmp/ccKNFfI3.debug.temp.o
LOAD /tmp/cczyrfpc.debug.temp.o
LOAD /tmp/ccnxRMWn.debug.temp.o
LOAD /tmp/ccoOmaAr.debug.temp.o
LOAD /tmp/ccS1qkdL.debug.temp.o
LOAD /tmp/ccZHzkTf.debug.temp.o
LOAD /tmp/ccwu90Wm.debug.temp.o
LOAD /tmp/ccYTCZQW.debug.temp.o
LOAD /tmp/ccmyUcJ2.debug.temp.o
LOAD /tmp/ccD7aJQG.debug.temp.o
LOAD /tmp/ccSbe2b9.debug.temp.o
LOAD /tmp/ccYdgskY.debug.temp.o
LOAD /tmp/ccKxfknn.debug.temp.o
LOAD /tmp/ccRVf1eN.debug.temp.o
LOAD /tmp/cc9aOpI8.debug.temp.o
LOAD /tmp/cc3sO6Wg.debug.temp.o
LOAD /tmp/ccSZt2dI.debug.temp.o
LOAD /tmp/cc2h4CO8.debug.temp.o
LOAD /tmp/ccsV5S2p.debug.temp.o
LOAD /tmp/ccQdOz6e.debug.temp.o
LOAD /tmp/ccduhRp1.debug.temp.o
LOAD /tmp/ccyJVJiQ.debug.temp.o
LOAD /tmp/ccjdLgPu.debug.temp.o
LOAD /tmp/ccXw0hnp.debug.temp.o
LOAD /tmp/cctAwXTb.debug.temp.o
LOAD /tmp/ccZmNhjE.debug.temp.o
LOAD /tmp/ccQ6zvvJ.debug.temp.o
LOAD /tmp/ccR0srYS.debug.temp.o
LOAD /tmp/cc6c9fkY.debug.temp.o
LOAD /tmp/cc8odFKk.debug.temp.o
LOAD /tmp/ccCRzZjQ.debug.temp.o
LOAD /tmp/ccxhjFea.debug.temp.o
LOAD /tmp/ccIAg9ho.debug.temp.o
LOAD /tmp/ccR9aPtU.debug.temp.o
LOAD /tmp/ccolfEX8.debug.temp.o
LOAD /tmp/ccU0Jlzd.debug.temp.o
LOAD /tmp/ccc6NnpL.debug.temp.o
LOAD /tmp/ccGzFjpR.debug.temp.o
LOAD /tmp/ccvjLjJ1.debug.temp.o
LOAD /tmp/ccn7I6Xz.debug.temp.o
LOAD /tmp/cc5B1S6u.debug.temp.o
LOAD /tmp/ccdNgYXg.debug.temp.o
LOAD /tmp/ccrLPSBe.debug.temp.o
LOAD /tmp/ccm0XwQ2.debug.temp.o
LOAD /tmp/cclVKhIe.debug.temp.o
LOAD /tmp/cc0Ps7pb.debug.temp.o
LOAD /tmp/ccjDRCUz.debug.temp.o
LOAD /tmp/ccBTFScZ.debug.temp.o
LOAD /tmp/ccEWkgfL.debug.temp.o
LOAD /tmp/ccy3Qt08.debug.temp.o
LOAD /tmp/ccuOpgsM.debug.temp.o
LOAD /tmp/ccLJHRKu.debug.temp.o
LOAD /tmp/ccpiMgk6.debug.temp.o
LOAD /tmp/cceOysFu.debug.temp.o
LOAD /tmp/ccLUxmn5.debug.temp.o
LOAD /tmp/cco8YgCR.debug.temp.o
LOAD /tmp/ccpItX18.debug.temp.o
LOAD /tmp/ccgMFKrW.debug.temp.o
LOAD /tmp/cctWi4jD.debug.temp.o
LOAD /tmp/ccxWxVRw.debug.temp.o
LOAD /tmp/cclW71Uh.debug.temp.o
LOAD /tmp/cc9jflQN.debug.temp.o
LOAD /tmp/cczaQxum.debug.temp.o
LOAD /tmp/ccLcY4Jt.debug.temp.o
LOAD /tmp/cco76THC.debug.temp.o
LOAD /tmp/ccZyiFQr.debug.temp.o
LOAD /tmp/ccrgUb39.debug.temp.o
LOAD /tmp/cccnhirs.debug.temp.o
LOAD /tmp/ccWB6kIY.debug.temp.o
LOAD /tmp/ccnFuOo5.debug.temp.o
LOAD /tmp/ccdS6ynR.debug.temp.o
LOAD /tmp/ccCQ4uPh.debug.temp.o
LOAD /tmp/ccHhRsWy.debug.temp.o
LOAD /tmp/ccguWJAV.debug.temp.o
LOAD /tmp/cctp85M9.debug.temp.o
LOAD /tmp/ccNF6HVq.debug.temp.o
LOAD /tmp/ccaFRSPD.debug.temp.o
LOAD /tmp/cckBJESg.debug.temp.o
LOAD /tmp/cc1pxCc4.debug.temp.o
LOAD /tmp/cck7UF7L.debug.temp.o
LOAD /tmp/cciADYln.debug.temp.o
LOAD /tmp/ccR0YNWp.debug.temp.o
LOAD /tmp/ccd912Sv.debug.temp.o
LOAD /tmp/ccDnYTk7.debug.temp.o
LOAD /tmp/ccNNAigS.debug.temp.o
LOAD /tmp/ccAtN0so.debug.temp.o
LOAD /tmp/cch1nzfn.debug.temp.o
LOAD /tmp/ccbJS5Up.debug.temp.o
LOAD /tmp/ccNeANsX.debug.temp.o
LOAD /tmp/cccannQ6.debug.temp.o
LOAD /tmp/ccGA78Ry.debug.temp.o
LOAD /tmp/ccjXZQ8t.debug.temp.o
LOAD /tmp/cc6f0CUJ.debug.temp.o
LOAD /tmp/ccMybYlU.debug.temp.o
LOAD /tmp/cc4IsNJD.debug.temp.o
LOAD /tmp/ccwrWwDI.debug.temp.o
LOAD /tmp/ccOYscVz.debug.temp.o
LOAD /tmp/cca8sxF5.debug.temp.o
LOAD /tmp/ccDeoxLS.debug.temp.o
LOAD /tmp/ccrx7LSl.debug.temp.o
LOAD /tmp/ccJ0V4RB.debug.temp.o
LOAD /tmp/cce4cjIb.debug.temp.o
LOAD /tmp/ccMnq3tY.debug.temp.o
LOAD /tmp/ccPy6fdQ.debug.temp.o
LOAD /tmp/ccLz194R.debug.temp.o
LOAD /tmp/ccEJojoO.debug.temp.o
LOAD /home/mcw/MCW/Dell/EDK2/edk2/Build/OvmfX64/DEBUG_GCC5/X64/MdeModulePkg/Bus/Pci/NvmExpressDxe/NvmExpressDxe/OUTPUT/NvmExpressDxe.lib
LOAD /home/mcw/MCW/Dell/EDK2/edk2/Build/OvmfX64/DEBUG_GCC5/X64/MdePkg/Library/RegisterFilterLibNull/RegisterFilterLibNull/OUTPUT/FilterLibNull.lib
LOAD /home/mcw/MCW/Dell/EDK2/edk2/Build/OvmfX64/DEBUG_GCC5/X64/MdePkg/Library/DxePcdLib/DxePcdLib/OUTPUT/DxePcdLib.lib
LOAD /home/mcw/MCW/Dell/EDK2/edk2/Build/OvmfX64/DEBUG_GCC5/X64/MdePkg/Library/BaseLib/BaseLib/OUTPUT/BaseLib.lib
LOAD /home/mcw/MCW/Dell/EDK2/edk2/Build/OvmfX64/DEBUG_GCC5/X64/MdePkg/Library/BaseMemoryLibRepStr/BaseMemoryLibRepStr/OUTPUT/BaseMemoryLibRepStr.lib
LOAD /home/mcw/MCW/Dell/EDK2/edk2/Build/OvmfX64/DEBUG_GCC5/X64/MdePkg/Library/TdxLib/TdxLib/OUTPUT/TdxLib.lib
LOAD /home/mcw/MCW/Dell/EDK2/edk2/Build/OvmfX64/DEBUG_GCC5/X64/OvmfPkg/Library/MemDebugLogLib/MemDebugLogLibNull/OUTPUT/MemDebugLogLibNull.lib
LOAD /home/mcw/MCW/Dell/EDK2/edk2/Build/OvmfX64/DEBUG_GCC5/X64/MdePkg/Library/BaseDebugPrintErrorLevelLib/BaseDebugPrintErrorLevelLib/OUTPUT/BaseDebugPrintErrorLevelLib.lib
LOAD /home/mcw/MCW/Dell/EDK2/edk2/Build/OvmfX64/DEBUG_GCC5/X64/MdePkg/Library/BaseIoLibIntrinsic/BaseIoLibIntrinsicSev/OUTPUT/BaseIoLibIntrinsicSev.lib
LOAD /home/mcw/MCW/Dell/EDK2/edk2/Build/OvmfX64/DEBUG_GCC5/X64/MdePkg/Library/BasePrintLib/BasePrintLib/OUTPUT/BasePrintLib.lib
LOAD /home/mcw/MCW/Dell/EDK2/edk2/Build/OvmfX64/DEBUG_GCC5/X64/OvmfPkg/Library/PlatformDebugLibIoPort/PlatformDebugLibIoPort/OUTPUT/PlatformDebugLibIoPort.lib
LOAD /home/mcw/MCW/Dell/EDK2/edk2/Build/OvmfX64/DEBUG_GCC5/X64/OvmfPkg/Library/CcProbeLib/DxeCcProbeLib/OUTPUT/DxeCcProbeLib.lib
LOAD /home/mcw/MCW/Dell/EDK2/edk2/Build/OvmfX64/DEBUG_GCC5/X64/MdePkg/Library/UefiBootServicesTableLib/UefiBootServicesTableLib/OUTPUT/UefiBootServicesTableLib.lib
LOAD /home/mcw/MCW/Dell/EDK2/edk2/Build/OvmfX64/DEBUG_GCC5/X64/MdePkg/Library/UefiMemoryAllocationLib/UefiMemoryAllocationLib/OUTPUT/UefiMemoryAllocationLib.lib
LOAD /home/mcw/MCW/Dell/EDK2/edk2/Build/OvmfX64/DEBUG_GCC5/X64/MdePkg/Library/StackCheckLibNull/StackCheckLibNull/OUTPUT/StackCheckLibNull.lib
LOAD /home/mcw/MCW/Dell/EDK2/edk2/Build/OvmfX64/DEBUG_GCC5/X64/MdePkg/Library/UefiRuntimeServicesTableLib/UefiRuntimeServicesTableLib/OUTPUT/UefiRuntimeServicesTableLib.lib
LOAD /home/mcw/MCW/Dell/EDK2/edk2/Build/OvmfX64/DEBUG_GCC5/X64/MdePkg/Library/UefiDevicePathLibDevicePathProtocol/UefiDevicePathLibDevicePathProtocol/OUTPUT/UefiDevicePathLibDevicePathProtocol.lib
LOAD /home/mcw/MCW/Dell/EDK2/edk2/Build/OvmfX64/DEBUG_GCC5/X64/MdePkg/Library/UefiDriverEntryPoint/UefiDriverEntryPoint/OUTPUT/UefiDriverEntryPoint.lib
LOAD /home/mcw/MCW/Dell/EDK2/edk2/Build/OvmfX64/DEBUG_GCC5/X64/MdePkg/Library/UefiLib/UefiLib/OUTPUT/UefiLib.lib
LOAD /home/mcw/MCW/Dell/EDK2/edk2/Build/OvmfX64/DEBUG_GCC5/X64/MdeModulePkg/Library/DxeReportStatusCodeLib/DxeReportStatusCodeLib/OUTPUT/DxeReportStatusCodeLib.lib
END GROUP
                0x0000000000000228                PECOFF_HEADER_SIZE = 0x228
                0x0000000000000228                . = PECOFF_HEADER_SIZE

.text           0x0000000000000240     0xa569
 *(.entry)
 *(.text .text.* .stub .gnu.linkonce.t.*)
 .text.NvmExpressDiskInfoInquiry
                0x0000000000000240        0xf /tmp/cc4RXlbU.ltrans0.ltrans.o
 .text.NvmExpressDiskInfoSenseData
                0x000000000000024f        0xf /tmp/cc4RXlbU.ltrans0.ltrans.o
 .text.NvmExpressDiskInfoWhichIde
                0x000000000000025e        0xf /tmp/cc4RXlbU.ltrans0.ltrans.o
 .text.AsciiStrnLenS
                0x000000000000026d       0x26 /tmp/cc4RXlbU.ltrans0.ltrans.o
 .text.BasePrintLibFillBuffer
                0x0000000000000293       0x2d /tmp/cc4RXlbU.ltrans0.ltrans.o
 .text.DebugPrintEnabled
                0x00000000000002c0        0x3 /tmp/cc4RXlbU.ltrans0.ltrans.o
 .text.ReadCcGuestType
                0x00000000000002c3       0x24 /tmp/cc4RXlbU.ltrans0.ltrans.o
 .text.EfiEventGroupSignal
                0x00000000000002e7       0x6b /tmp/cc4RXlbU.ltrans0.ltrans.o
 .text.EfiEventEmptyFunction
                0x0000000000000352        0x5 /tmp/cc4RXlbU.ltrans0.ltrans.o
 .text.InternalGetReportStatusCode.part.0
                0x0000000000000357       0x49 /tmp/cc4RXlbU.ltrans0.ltrans.o
 .text.OnStatusCodeRuntimeProtocolInstalledNotification
                0x00000000000003a0       0x3e /tmp/cc4RXlbU.ltrans0.ltrans.o
 .text.ReportStatusCode.constprop.0
                0x00000000000003de       0x41 /tmp/cc4RXlbU.ltrans0.ltrans.o
 .text.InternalAllocatePool.constprop.0
                0x000000000000041f       0x35 /tmp/cc4RXlbU.ltrans0.ltrans.o
 .text.IoWriteFifo8
                0x0000000000000454       0x96 /tmp/cc4RXlbU.ltrans0.ltrans.o
 .text.PlatformDebugLibIoPortFound
                0x00000000000004ea       0xa3 /tmp/cc4RXlbU.ltrans0.ltrans.o
 .text.BasePrintLibSPrint.constprop.0
                0x000000000000058d       0x2a /tmp/cc4RXlbU.ltrans0.ltrans.o
 .text.BasePrintLibSPrintMarker.constprop.0
                0x00000000000005b7      0xadd /tmp/cc4RXlbU.ltrans0.ltrans.o
 .text.AsciiSPrint.constprop.0
                0x0000000000001094       0x32 /tmp/cc4RXlbU.ltrans0.ltrans.o
 .text.DebugAssert
                0x00000000000010c6       0x83 /tmp/cc4RXlbU.ltrans0.ltrans.o
 .text.NvmExpressMediaClear
                0x0000000000001149       0xd2 /tmp/cc4RXlbU.ltrans0.ltrans.o
 .text.InternalBaseLibIsListValid
                0x000000000000121b       0x6f /tmp/cc4RXlbU.ltrans0.ltrans.o
 .text.InitializeListHead
                0x000000000000128a        0xb /tmp/cc4RXlbU.ltrans0.ltrans.o
 .text.InsertTailList
                0x0000000000001295       0x52 /tmp/cc4RXlbU.ltrans0.ltrans.o
 .text.GetFirstNode
                0x00000000000012e7       0x37 /tmp/cc4RXlbU.ltrans0.ltrans.o
 .text.GetNextNode
                0x000000000000131e       0x37 /tmp/cc4RXlbU.ltrans0.ltrans.o
 .text.IsListEmpty
                0x0000000000001355       0x3a /tmp/cc4RXlbU.ltrans0.ltrans.o
 .text.NvmeBlockIoFlushBlocksEx
                0x000000000000138f       0xcf /tmp/cc4RXlbU.ltrans0.ltrans.o
 .text.IsNull   0x000000000000145e       0x3f /tmp/cc4RXlbU.ltrans0.ltrans.o
 .text.RemoveEntryList
                0x000000000000149d       0x45 /tmp/cc4RXlbU.ltrans0.ltrans.o
 .text.AsciiStrSize
                0x00000000000014e2       0x72 /tmp/cc4RXlbU.ltrans0.ltrans.o
 .text.AsciiStrnCmp
                0x0000000000001554       0xc7 /tmp/cc4RXlbU.ltrans0.ltrans.o
 .text.IsLanguageSupported
                0x000000000000161b       0x65 /tmp/cc4RXlbU.ltrans0.ltrans.o
 .text.ReadUnaligned16
                0x0000000000001680        0x4 /tmp/cc4RXlbU.ltrans0.ltrans.o
 .text.ReadUnaligned32
                0x0000000000001684       0x32 /tmp/cc4RXlbU.ltrans0.ltrans.o
 .text.WriteUnaligned32
                0x00000000000016b6        0x5 /tmp/cc4RXlbU.ltrans0.ltrans.o
 .text.ReadNvmeControllerConfiguration
                0x00000000000016bb       0x54 /tmp/cc4RXlbU.ltrans0.ltrans.o
 .text.ReadNvmeControllerStatus
                0x000000000000170f       0x54 /tmp/cc4RXlbU.ltrans0.ltrans.o
 .text.ZeroMem  0x0000000000001763       0x7a /tmp/cc4RXlbU.ltrans0.ltrans.o
 .text.ReadSectors
                0x00000000000017dd       0xf5 /tmp/cc4RXlbU.ltrans0.ltrans.o
 .text.WriteSectors
                0x00000000000018d2      0x107 /tmp/cc4RXlbU.ltrans0.ltrans.o
 .text.NvmeBlockIoFlushBlocks
                0x00000000000019d9      0x110 /tmp/cc4RXlbU.ltrans0.ltrans.o
 .text.TrustTransferNvmeDevice
                0x0000000000001ae9      0x113 /tmp/cc4RXlbU.ltrans0.ltrans.o
 .text.NvmeStorageSecurityReceiveData
                0x0000000000001bfc       0xd1 /tmp/cc4RXlbU.ltrans0.ltrans.o
 .text.NvmeStorageSecuritySendData
                0x0000000000001ccd       0xc8 /tmp/cc4RXlbU.ltrans0.ltrans.o
 .text.NvmeIdentifyNamespace
                0x0000000000001d95       0xbb /tmp/cc4RXlbU.ltrans0.ltrans.o
 .text.AllocateZeroPool
                0x0000000000001e50       0x35 /tmp/cc4RXlbU.ltrans0.ltrans.o
 .text.CopyMem  0x0000000000001e85       0x8a /tmp/cc4RXlbU.ltrans0.ltrans.o
 .text.NvmExpressDiskInfoIdentify
                0x0000000000001f0f       0x7f /tmp/cc4RXlbU.ltrans0.ltrans.o
 .text.AllocateCopyPool
                0x0000000000001f8e       0x68 /tmp/cc4RXlbU.ltrans0.ltrans.o
 .text.DevicePathNodeLength
                0x0000000000001ff6       0x3c /tmp/cc4RXlbU.ltrans0.ltrans.o
 .text.NvmExpressGetNamespace
                0x0000000000002032       0xb2 /tmp/cc4RXlbU.ltrans0.ltrans.o
 .text.IsDevicePathEnd
                0x00000000000020e4       0x6f /tmp/cc4RXlbU.ltrans0.ltrans.o
 .text.NvmExpressDriverBindingSupported
                0x0000000000002153      0x188 /tmp/cc4RXlbU.ltrans0.ltrans.o
 .text.UnicodeSPrintAsciiFormat.constprop.0
                0x00000000000022db       0x59 /tmp/cc4RXlbU.ltrans0.ltrans.o
 .text.DebugPrintMarker.constprop.0
                0x0000000000002334       0x86 /tmp/cc4RXlbU.ltrans0.ltrans.o
 .text.DebugPrint
                0x00000000000023ba       0x2b /tmp/cc4RXlbU.ltrans0.ltrans.o
 .text.NvmeRead
                0x00000000000023e5      0x16a /tmp/cc4RXlbU.ltrans0.ltrans.o
 .text.NvmeBlockIoReadBlocks
                0x000000000000254f      0x103 /tmp/cc4RXlbU.ltrans0.ltrans.o
 .text.NvmeWrite
                0x0000000000002652      0x16a /tmp/cc4RXlbU.ltrans0.ltrans.o
 .text.NvmeBlockIoWriteBlocks
                0x00000000000027bc      0x103 /tmp/cc4RXlbU.ltrans0.ltrans.o
 .text.WriteNvmeControllerConfiguration
                0x00000000000028bf      0x14b /tmp/cc4RXlbU.ltrans0.ltrans.o
 .text.NvmeShutdownAllControllers
                0x0000000000002a0a      0x1e3 /tmp/cc4RXlbU.ltrans0.ltrans.o
 .text.NvmeDumpStatus
                0x0000000000002bed      0x85a /tmp/cc4RXlbU.ltrans0.ltrans.o
 .text.NvmExpressFormatNvm
                0x0000000000003447      0x25a /tmp/cc4RXlbU.ltrans0.ltrans.o
 .text.NvmExpressMediaFormat
                0x00000000000036a1       0xcd /tmp/cc4RXlbU.ltrans0.ltrans.o
 .text.NvmExpressMediaPurge
                0x000000000000376e      0x278 /tmp/cc4RXlbU.ltrans0.ltrans.o
 .text.ProcessLibraryDestructorList
                0x00000000000039e6       0x61 /tmp/cc4RXlbU.ltrans0.ltrans.o
 .text._DriverUnloadHandler
                0x0000000000003a47      0x175 /tmp/cc4RXlbU.ltrans0.ltrans.o
 .text.FreePool
                0x0000000000003bbc       0x4f /tmp/cc4RXlbU.ltrans0.ltrans.o
 .text.AsyncIoCallback
                0x0000000000003c0b       0xe0 /tmp/cc4RXlbU.ltrans0.ltrans.o
 .text.AsyncReadSectors
                0x0000000000003ceb      0x232 /tmp/cc4RXlbU.ltrans0.ltrans.o
 .text.AsyncWriteSectors
                0x0000000000003f1d      0x235 /tmp/cc4RXlbU.ltrans0.ltrans.o
 .text.NvmeBlockIoReadBlocksEx
                0x0000000000004152      0x34b /tmp/cc4RXlbU.ltrans0.ltrans.o
 .text.NvmeBlockIoWriteBlocksEx
                0x000000000000449d      0x34b /tmp/cc4RXlbU.ltrans0.ltrans.o
 .text.ProcessAsyncTaskList
                0x00000000000047e8      0x3cc /tmp/cc4RXlbU.ltrans0.ltrans.o
 .text.NvmExpressDriverBindingStop
                0x0000000000004bb4      0x4c3 /tmp/cc4RXlbU.ltrans0.ltrans.o
 .text.NvmeControllerInit
                0x0000000000005077      0xc64 /tmp/cc4RXlbU.ltrans0.ltrans.o
 .text.NvmeBlockIoReset
                0x0000000000005cdb       0x9c /tmp/cc4RXlbU.ltrans0.ltrans.o
 .text.NvmeBlockIoResetEx
                0x0000000000005d77      0x101 /tmp/cc4RXlbU.ltrans0.ltrans.o
 .text.NvmExpressPassThru
                0x0000000000005e78      0xc8c /tmp/cc4RXlbU.ltrans0.ltrans.o
 .text.NvmExpressGetNextNamespace
                0x0000000000006b04      0x106 /tmp/cc4RXlbU.ltrans0.ltrans.o
 .text.NvmExpressBuildDevicePath
                0x0000000000006c0a       0xef /tmp/cc4RXlbU.ltrans0.ltrans.o
 .text.CompareMem.constprop.0
                0x0000000000006cf9       0xb5 /tmp/cc4RXlbU.ltrans0.ltrans.o
 .text.AddUnicodeString2
                0x0000000000006dae      0x20b /tmp/cc4RXlbU.ltrans0.ltrans.o
 .text.EnumerateNvmeDevNamespace
                0x0000000000006fb9      0x6d6 /tmp/cc4RXlbU.ltrans0.ltrans.o
 .text.NvmExpressDriverBindingStart
                0x000000000000768f      0x590 /tmp/cc4RXlbU.ltrans0.ltrans.o
 .text.LookupUnicodeString2
                0x0000000000007c1f       0xdb /tmp/cc4RXlbU.ltrans0.ltrans.o
 .text.NvmExpressComponentNameGetDriverName
                0x0000000000007cfa       0x3b /tmp/cc4RXlbU.ltrans0.ltrans.o
 .text.NvmExpressComponentNameGetControllerName
                0x0000000000007d35      0x1c4 /tmp/cc4RXlbU.ltrans0.ltrans.o
 .text._ModuleEntryPoint
                0x0000000000007ef9      0x415 /tmp/cc4RXlbU.ltrans0.ltrans.o
                0x0000000000007ef9                _ModuleEntryPoint
 *fill*         0x000000000000830e        0x2 
 .text          0x0000000000008310       0x7c /home/mcw/MCW/Dell/EDK2/edk2/Build/OvmfX64/DEBUG_GCC5/X64/MdePkg/Library/BaseLib/BaseLib/OUTPUT/BaseLib.lib(TdVmcall.obj)
                0x0000000000008310                TdVmCall
 *fill*         0x000000000000838c        0x4 
 .text          0x0000000000008390       0x1d /home/mcw/MCW/Dell/EDK2/edk2/Build/OvmfX64/DEBUG_GCC5/X64/MdePkg/Library/BaseMemoryLibRepStr/BaseMemoryLibRepStr/OUTPUT/BaseMemoryLibRepStr.lib(CompareMem.obj)
                0x0000000000008390                InternalMemCompareMem
 *fill*         0x00000000000083ad        0x3 
 .text          0x00000000000083b0       0x1d /home/mcw/MCW/Dell/EDK2/edk2/Build/OvmfX64/DEBUG_GCC5/X64/MdePkg/Library/BaseMemoryLibRepStr/BaseMemoryLibRepStr/OUTPUT/BaseMemoryLibRepStr.lib(ZeroMem.obj)
                0x00000000000083b0                InternalMemZeroMem
 *fill*         0x00000000000083cd        0x3 
 .text          0x00000000000083d0       0x3c /home/mcw/MCW/Dell/EDK2/edk2/Build/OvmfX64/DEBUG_GCC5/X64/MdePkg/Library/BaseMemoryLibRepStr/BaseMemoryLibRepStr/OUTPUT/BaseMemoryLibRepStr.lib(CopyMem.obj)
                0x00000000000083d0                InternalMemCopyMem
 *fill*         0x000000000000840c        0x4 
 .text          0x0000000000008410      0x116 /home/mcw/MCW/Dell/EDK2/edk2/Build/OvmfX64/DEBUG_GCC5/X64/MdePkg/Library/BaseIoLibIntrinsic/BaseIoLibIntrinsicSev/OUTPUT/BaseIoLibIntrinsicSev.lib(IoFifoSev.obj)
                0x0000000000008410                SevNoRepIo
                0x0000000000008450                SevIoReadFifo8
                0x0000000000008472                SevIoReadFifo16
                0x0000000000008498                SevIoReadFifo32
                0x00000000000084bb                SevIoWriteFifo8
                0x00000000000084dd                SevIoWriteFifo16
                0x0000000000008503                SevIoWriteFifo32
 .text.__stack_chk_fail
                0x0000000000008526        0x5 /home/mcw/MCW/Dell/EDK2/edk2/Build/OvmfX64/DEBUG_GCC5/X64/MdePkg/Library/StackCheckLibNull/StackCheckLibNull/OUTPUT/StackCheckLibNull.lib(StackCheckLibNullGcc.obj)
                0x0000000000008526                __stack_chk_fail
 *(.rodata .rodata.* .gnu.linkonce.r.*)
 .rodata.BasePrintLibSPrintMarker.constprop.0.str1.1
                0x000000000000852b      0x17c /tmp/cc4RXlbU.ltrans0.ltrans.o
                                        0x193 (size before relaxing)
 *fill*         0x00000000000086a7        0x1 
 .rodata.BasePrintLibSPrintMarker.constprop.0
                0x00000000000086a8       0xec /tmp/cc4RXlbU.ltrans0.ltrans.o
 .rodata.AsciiSPrint.constprop.0.str1.1
                0x0000000000008794       0x14 /tmp/cc4RXlbU.ltrans0.ltrans.o
 .rodata.NvmExpressMediaClear.str1.1
                0x00000000000087a8       0x6f /tmp/cc4RXlbU.ltrans0.ltrans.o
 .rodata.InternalBaseLibIsListValid.str1.1
                0x0000000000008817       0x97 /tmp/cc4RXlbU.ltrans0.ltrans.o
 .rodata.InsertTailList.str1.1
                0x00000000000088ae       0x26 /tmp/cc4RXlbU.ltrans0.ltrans.o
 .rodata.GetFirstNode.str1.1
                0x00000000000088d4       0x22 /tmp/cc4RXlbU.ltrans0.ltrans.o
 .rodata.NvmeBlockIoFlushBlocksEx.str1.1
                0x00000000000088f6       0x54 /tmp/cc4RXlbU.ltrans0.ltrans.o
 .rodata.RemoveEntryList.str1.1
                0x000000000000894a       0x15 /tmp/cc4RXlbU.ltrans0.ltrans.o
 .rodata.StrnLenS.str1.1
                0x000000000000895f       0x63 /tmp/cc4RXlbU.ltrans0.ltrans.o
 .rodata.AsciiStrSize.str1.1
                0x00000000000089c2       0x8c /tmp/cc4RXlbU.ltrans0.ltrans.o
 .rodata.AsciiStrnCmp.str1.1
                0x0000000000008a4e       0x70 /tmp/cc4RXlbU.ltrans0.ltrans.o
 .rodata.ReadUnaligned32.str1.1
                0x0000000000008abe       0x40 /tmp/cc4RXlbU.ltrans0.ltrans.o
 .rodata.ZeroMem.str1.1
                0x0000000000008afe       0x87 /tmp/cc4RXlbU.ltrans0.ltrans.o
 .rodata.CopyMem.str1.1
                0x0000000000008b85       0xd2 /tmp/cc4RXlbU.ltrans0.ltrans.o
 .rodata.NvmExpressDiskInfoIdentify.str1.1
                0x0000000000008c57       0x55 /tmp/cc4RXlbU.ltrans0.ltrans.o
 .rodata.AllocateCopyPool.str1.1
                0x0000000000008cac       0x98 /tmp/cc4RXlbU.ltrans0.ltrans.o
 .rodata.DevicePathNodeLength.str1.1
                0x0000000000008d44       0x79 /tmp/cc4RXlbU.ltrans0.ltrans.o
 .rodata.NvmExpressGetNamespace.str1.1
                0x0000000000008dbd       0x55 /tmp/cc4RXlbU.ltrans0.ltrans.o
 .rodata.UnicodeSPrintAsciiFormat.constprop.0.str1.1
                0x0000000000008e12       0x76 /tmp/cc4RXlbU.ltrans0.ltrans.o
 .rodata.NvmeRead.str1.1
                0x0000000000008e88       0x5b /tmp/cc4RXlbU.ltrans0.ltrans.o
 .rodata.WriteNvmeControllerConfiguration.str1.1
                0x0000000000008ee3       0x59 /tmp/cc4RXlbU.ltrans0.ltrans.o
 .rodata.NvmeShutdownAllControllers.str1.1
                0x0000000000008f3c       0xd0 /tmp/cc4RXlbU.ltrans0.ltrans.o
 .rodata.NvmeDumpStatus.str1.1
                0x000000000000900c      0x5ef /tmp/cc4RXlbU.ltrans0.ltrans.o
 *fill*         0x00000000000095fb        0x1 
 .rodata.NvmeDumpStatus
                0x00000000000095fc       0xa4 /tmp/cc4RXlbU.ltrans0.ltrans.o
 .rodata.NvmExpressFormatNvm.str1.1
                0x00000000000096a0       0x3f /tmp/cc4RXlbU.ltrans0.ltrans.o
 .rodata.NvmExpressMediaPurge.str1.1
                0x00000000000096df       0x3e /tmp/cc4RXlbU.ltrans0.ltrans.o
 .rodata.ProcessLibraryDestructorList.str1.1
                0x000000000000971d       0xb6 /tmp/cc4RXlbU.ltrans0.ltrans.o
 .rodata.ProcessAsyncTaskList.str1.1
                0x00000000000097d3       0x61 /tmp/cc4RXlbU.ltrans0.ltrans.o
 .rodata.NvmeControllerInit.str1.1
                0x0000000000009834      0x43c /tmp/cc4RXlbU.ltrans0.ltrans.o
 .rodata.NvmExpressPassThru.str1.1
                0x0000000000009c70       0xf1 /tmp/cc4RXlbU.ltrans0.ltrans.o
 .rodata.CompareMem.constprop.0.str1.1
                0x0000000000009d61       0x93 /tmp/cc4RXlbU.ltrans0.ltrans.o
 .rodata.AddUnicodeString2.str1.1
                0x0000000000009df4       0x3a /tmp/cc4RXlbU.ltrans0.ltrans.o
 .rodata.EnumerateNvmeDevNamespace.str1.1
                0x0000000000009e2e       0xc8 /tmp/cc4RXlbU.ltrans0.ltrans.o
                                         0xcb (size before relaxing)
 .rodata.NvmExpressDriverBindingStart.str1.1
                0x0000000000009ef6      0x159 /tmp/cc4RXlbU.ltrans0.ltrans.o
 .rodata.NvmExpressComponentNameGetControllerName.str1.1
                0x000000000000a04f       0x50 /tmp/cc4RXlbU.ltrans0.ltrans.o
 .rodata._ModuleEntryPoint.str1.1
                0x000000000000a09f      0x266 /tmp/cc4RXlbU.ltrans0.ltrans.o
 *fill*         0x000000000000a305        0xb 
 .rodata.mHexStr
                0x000000000000a310       0x10 /tmp/cc4RXlbU.ltrans0.ltrans.o
 .rodata.mWarningString
                0x000000000000a320       0xc8 /tmp/cc4RXlbU.ltrans0.ltrans.o
 *fill*         0x000000000000a3e8       0x18 
 .rodata.mErrorString
                0x000000000000a400      0x2df /tmp/cc4RXlbU.ltrans0.ltrans.o
 *fill*         0x000000000000a6df        0x1 
 .rodata.__func__.0.lto_priv.1
                0x000000000000a6e0       0x13 /tmp/cc4RXlbU.ltrans0.ltrans.o
 *fill*         0x000000000000a6f3        0xd 
 .rodata.__func__.1.lto_priv.1
                0x000000000000a700       0x14 /tmp/cc4RXlbU.ltrans0.ltrans.o
 .rodata.str1.1
                0x000000000000a714        0x7 /tmp/cc4RXlbU.ltrans0.ltrans.o
 *fill*         0x000000000000a71b        0x1 
 .rodata.str2.2
                0x000000000000a71c       0x54 /tmp/cc4RXlbU.ltrans0.ltrans.o
 .rodata.__func__.0.lto_priv.0
                0x000000000000a770        0xf /tmp/cc4RXlbU.ltrans0.ltrans.o
 *fill*         0x000000000000a77f        0x1 
 .rodata.__func__.1.lto_priv.0
                0x000000000000a780        0xe /tmp/cc4RXlbU.ltrans0.ltrans.o
 *fill*         0x000000000000a78e        0x2 
 .rodata.__func__.2
                0x000000000000a790        0xa /tmp/cc4RXlbU.ltrans0.ltrans.o
 *fill*         0x000000000000a79a        0x6 
 .rodata.__func__.3
                0x000000000000a7a0        0x9 /tmp/cc4RXlbU.ltrans0.ltrans.o
 *(.got .got.*)
 .got           0x000000000000a7a9        0x0 NvmExpressBlockIo.obj (symbol from plugin)
 .got.plt       0x000000000000a7a9        0x0 NvmExpressBlockIo.obj (symbol from plugin)
 *:AutoGen.obj(.data.g*Guid)

.plt            0x000000000000a7b0        0x0
 .plt           0x000000000000a7b0        0x0 NvmExpressBlockIo.obj (symbol from plugin)

.plt.got        0x000000000000a7b0        0x0
 .plt.got       0x000000000000a7b0        0x0 NvmExpressBlockIo.obj (symbol from plugin)

.data           0x000000000000a7c0      0x2b0
 *(.data .data.* .gnu.linkonce.d.*)
 .data.gEfiCallerIdGuid
                0x000000000000a7c0       0x10 /tmp/cc4RXlbU.ltrans0.ltrans.o
 .data.gEfiDevicePathUtilitiesProtocolGuid
                0x000000000000a7d0       0x10 /tmp/cc4RXlbU.ltrans0.ltrans.o
 .data.gEfiStatusCodeRuntimeProtocolGuid
                0x000000000000a7e0       0x10 /tmp/cc4RXlbU.ltrans0.ltrans.o
 .data.gEfiLoadedImageProtocolGuid
                0x000000000000a7f0       0x10 /tmp/cc4RXlbU.ltrans0.ltrans.o
 .data.gEfiComponentName2ProtocolGuid
                0x000000000000a800       0x10 /tmp/cc4RXlbU.ltrans0.ltrans.o
 .data.gEfiComponentNameProtocolGuid
                0x000000000000a810       0x10 /tmp/cc4RXlbU.ltrans0.ltrans.o
 .data.gNvmExpressDriverSupportedEfiVersion
                0x000000000000a820        0x8 /tmp/cc4RXlbU.ltrans0.ltrans.o
 *fill*         0x000000000000a828        0x8 
 .data.gEfiDriverSupportedEfiVersionProtocolGuid
                0x000000000000a830       0x10 /tmp/cc4RXlbU.ltrans0.ltrans.o
 .data.gEfiDriverBindingProtocolGuid
                0x000000000000a840       0x10 /tmp/cc4RXlbU.ltrans0.ltrans.o
 .data.gNVMeEnableCompleteEventGroupGuid
                0x000000000000a850       0x10 /tmp/cc4RXlbU.ltrans0.ltrans.o
 .data.gNVMeEnableStartEventGroupGuid
                0x000000000000a860       0x10 /tmp/cc4RXlbU.ltrans0.ltrans.o
 .data.gEfiResetNotificationProtocolGuid
                0x000000000000a870       0x10 /tmp/cc4RXlbU.ltrans0.ltrans.o
 .data.gEfiNvmExpressPassThruMode
                0x000000000000a880        0xc /tmp/cc4RXlbU.ltrans0.ltrans.o
 *fill*         0x000000000000a88c       0x14 
 .data.rel.local.gNvmExpressDiskInfoProtocolTemplate
                0x000000000000a8a0       0x30 /tmp/cc4RXlbU.ltrans0.ltrans.o
 .data.rel.local.gNvmExpressComponentName2
                0x000000000000a8d0       0x18 /tmp/cc4RXlbU.ltrans0.ltrans.o
 *fill*         0x000000000000a8e8        0x8 
 .data.gEfiStorageSecurityCommandProtocolGuid
                0x000000000000a8f0       0x10 /tmp/cc4RXlbU.ltrans0.ltrans.o
 .data.gMediaSanitizeProtocolGuid
                0x000000000000a900       0x10 /tmp/cc4RXlbU.ltrans0.ltrans.o
 .data.gEfiDiskInfoProtocolGuid
                0x000000000000a910       0x10 /tmp/cc4RXlbU.ltrans0.ltrans.o
 .data.gEfiBlockIo2ProtocolGuid
                0x000000000000a920       0x10 /tmp/cc4RXlbU.ltrans0.ltrans.o
 .data.gEfiDevicePathProtocolGuid
                0x000000000000a930       0x10 /tmp/cc4RXlbU.ltrans0.ltrans.o
 .data.rel.local.mNvmExpressControllerNameTable
                0x000000000000a940       0x20 /tmp/cc4RXlbU.ltrans0.ltrans.o
 .data.gEfiBlockIoProtocolGuid
                0x000000000000a960       0x10 /tmp/cc4RXlbU.ltrans0.ltrans.o
 .data.gEfiNvmExpressPassThruProtocolGuid
                0x000000000000a970       0x10 /tmp/cc4RXlbU.ltrans0.ltrans.o
 .data.gEfiPciIoProtocolGuid
                0x000000000000a980       0x10 /tmp/cc4RXlbU.ltrans0.ltrans.o
 *fill*         0x000000000000a990       0x10 
 .data.rel.local.gNvmExpressDriverBinding
                0x000000000000a9a0       0x30 /tmp/cc4RXlbU.ltrans0.ltrans.o
 *fill*         0x000000000000a9d0       0x10 
 .data.rel.local.mNvmExpressDriverNameTable
                0x000000000000a9e0       0x20 /tmp/cc4RXlbU.ltrans0.ltrans.o
 .data.rel.local.gNvmExpressComponentName
                0x000000000000aa00       0x18 /tmp/cc4RXlbU.ltrans0.ltrans.o
 .data.rel.ro   0x000000000000aa18        0x0 NvmExpressBlockIo.obj (symbol from plugin)
 *(.bss .bss.*)
 .bss.gRT       0x000000000000aa18        0x8 /tmp/cc4RXlbU.ltrans0.ltrans.o
 .bss.gST       0x000000000000aa20        0x8 /tmp/cc4RXlbU.ltrans0.ltrans.o
 .bss.mCcProbeGuestType
                0x000000000000aa28        0x1 /tmp/cc4RXlbU.ltrans0.ltrans.o
 .bss.mCcProbed
                0x000000000000aa29        0x1 /tmp/cc4RXlbU.ltrans0.ltrans.o
 .bss.mDebugIoPortFound
                0x000000000000aa2a        0x1 /tmp/cc4RXlbU.ltrans0.ltrans.o
 .bss.mDebugIoPortChecked
                0x000000000000aa2b        0x1 /tmp/cc4RXlbU.ltrans0.ltrans.o
 *fill*         0x000000000000aa2c        0x4 
 .bss.mDeadLoopComparator
                0x000000000000aa30        0x8 /tmp/cc4RXlbU.ltrans0.ltrans.o
 .bss.mOnStatusCodeProtocolInstallEvent
                0x000000000000aa38        0x8 /tmp/cc4RXlbU.ltrans0.ltrans.o
 .bss.mReportStatusCodeLibStatusCodeProtocol
                0x000000000000aa40        0x8 /tmp/cc4RXlbU.ltrans0.ltrans.o
 .bss.gImageHandle
                0x000000000000aa48        0x8 /tmp/cc4RXlbU.ltrans0.ltrans.o
 .bss.mNvmeControllerNumber
                0x000000000000aa50        0x8 /tmp/cc4RXlbU.ltrans0.ltrans.o
 .bss.mDevicePathLibDevicePathUtilities
                0x000000000000aa58        0x8 /tmp/cc4RXlbU.ltrans0.ltrans.o
 .bss.gBS       0x000000000000aa60        0x8 /tmp/cc4RXlbU.ltrans0.ltrans.o
 .bss.__stack_chk_guard
                0x000000000000aa68        0x8 /home/mcw/MCW/Dell/EDK2/edk2/Build/OvmfX64/DEBUG_GCC5/X64/MdePkg/Library/StackCheckLibNull/StackCheckLibNull/OUTPUT/StackCheckLibNull.lib(StackCheckLibNullGcc.obj)
                0x000000000000aa68                __stack_chk_guard
 *(.prmexportdescriptor)

.eh_frame       0x000000000000aa80        0x0
 *(.eh_frame)
 .eh_frame      0x000000000000aa80        0x0 NvmExpressBlockIo.obj (symbol from plugin)
 .eh_frame      0x000000000000aa80        0x0 NvmExpressBlockIo.obj (symbol from plugin)

.dynbss         0x000000000000aa80        0x0
 .dynbss        0x000000000000aa80        0x0 NvmExpressBlockIo.obj (symbol from plugin)

.gnu.version_d  0x000000000000aa80        0x0
 .gnu.version_d
                0x000000000000aa80        0x0 NvmExpressBlockIo.obj (symbol from plugin)

.gnu.version    0x000000000000aa80        0x0
 .gnu.version   0x000000000000aa80        0x0 NvmExpressBlockIo.obj (symbol from plugin)

.gnu.version_r  0x000000000000aa80        0x0
 .gnu.version_r
                0x000000000000aa80        0x0 NvmExpressBlockIo.obj (symbol from plugin)

.dynamic        0x000000000000aa80       0xc0
 *(.dynamic)
 .dynamic       0x000000000000aa80       0xc0 NvmExpressBlockIo.obj (symbol from plugin)
                0x000000000000aa80                _DYNAMIC

.rela           0x000000000000ab40      0x198
 *(.rela .rela.*)
 .rela.plt      0x000000000000ab40        0x0 NvmExpressBlockIo.obj (symbol from plugin)
 .rela.got      0x000000000000ab40        0x0 NvmExpressBlockIo.obj (symbol from plugin)
 .rela.bss      0x000000000000ab40        0x0 NvmExpressBlockIo.obj (symbol from plugin)
 .rela.data.rel.ro
                0x000000000000ab40        0x0 NvmExpressBlockIo.obj (symbol from plugin)
 .rela.ifunc    0x000000000000ab40        0x0 NvmExpressBlockIo.obj (symbol from plugin)
 .rela.data.rel.local.gNvmExpressDiskInfoProtocolTemplate
                0x000000000000ab40       0x60 NvmExpressBlockIo.obj (symbol from plugin)
 .rela.data.rel.local.gNvmExpressComponentName2
                0x000000000000aba0       0x48 NvmExpressBlockIo.obj (symbol from plugin)
 .rela.data.rel.local.mNvmExpressControllerNameTable
                0x000000000000abe8       0x30 NvmExpressBlockIo.obj (symbol from plugin)
 .rela.data.rel.local.gNvmExpressDriverBinding
                0x000000000000ac18       0x48 NvmExpressBlockIo.obj (symbol from plugin)
 .rela.data.rel.local.mNvmExpressDriverNameTable
                0x000000000000ac60       0x30 NvmExpressBlockIo.obj (symbol from plugin)
 .rela.data.rel.local.gNvmExpressComponentName
                0x000000000000ac90       0x48 NvmExpressBlockIo.obj (symbol from plugin)

.hii
 *(.hii)

.got            0x000000000000acd8        0x0
 *(.got)
                0x0000000000000001                ASSERT ((SIZEOF (.got) == 0x0), Unexpected GOT entries detected!)

.got.plt        0x000000000000acd8        0x0
 *(.got.plt)
                0x0000000000000001                ASSERT ((((SIZEOF (.got.plt) == 0x0) || (SIZEOF (.got.plt) == 0xc)) || (SIZEOF (.got.plt) == 0x18)), Unexpected GOT/PLT entries detected!)

.build-id       0x000000000000acd8       0x24
 *(.note.gnu.build-id)
 .note.gnu.build-id
                0x000000000000acd8       0x24 NvmExpressBlockIo.obj (symbol from plugin)

/DISCARD/
 *(.note.GNU-stack)
 *(.gnu_debuglink)
 *(.interp)
 *(.dynsym)
 *(.dynstr)
 *(.hash .gnu.hash)
 *(.comment)
OUTPUT(/home/mcw/MCW/Dell/EDK2/edk2/Build/OvmfX64/DEBUG_GCC5/X64/MdeModulePkg/Bus/Pci/NvmExpressDxe/NvmExpressDxe/DEBUG/NvmExpressDxe.dll elf64-x86-64)

.debug_info     0x0000000000000000    0x38262
 .debug_info    0x0000000000000000     0xa436 /tmp/cc4RXlbU.ltrans0.ltrans.o
 .debug_info    0x000000000000a436     0x412e /tmp/cc3OXgdG.debug.temp.o
                0x000000000000a436                NvmExpressBlockIo.c.93d35ba3
 .debug_info    0x000000000000e564     0x36d6 /tmp/ccvLUYTC.debug.temp.o
                0x000000000000e564                ComponentName.c.baf9acc1
 .debug_info    0x0000000000011c3a     0x5d9a /tmp/ccQ15iOP.debug.temp.o
                0x0000000000011c3a                NvmExpress.c.b44f7ab0
 .debug_info    0x00000000000179d4     0x2863 /tmp/ccIkUKmV.debug.temp.o
                0x00000000000179d4                NvmExpressDiskInfo.c.183a6f22
 .debug_info    0x000000000001a237     0x34ae /tmp/cch2MMVy.debug.temp.o
                0x000000000001a237                NvmExpressHci.c.fc6d7b74
 .debug_info    0x000000000001d6e5     0x34ba /tmp/ccvaIYSJ.debug.temp.o
                0x000000000001d6e5                NvmExpressPassthru.c.b98473a0
 .debug_info    0x0000000000020b9f     0x2b75 /tmp/cc4uOEy8.debug.temp.o
                0x0000000000020b9f                NvmExpressMediaSanitize.c.966faacf
 .debug_info    0x0000000000023714     0x1dd9 /tmp/ccKNFfI3.debug.temp.o
                0x0000000000023714                AutoGen.c.277616be
 .debug_info    0x00000000000254ed      0x1a7 /tmp/ccD7aJQG.debug.temp.o
                0x00000000000254ed                SetJump.c.3cccaac4
 .debug_info    0x0000000000025694      0x100 /tmp/ccYdgskY.debug.temp.o
                0x0000000000025694                RShiftU64.c.a3e3a158
 .debug_info    0x0000000000025794      0x100 /tmp/ccsV5S2p.debug.temp.o
                0x0000000000025794                LShiftU64.c.20fcf06f
 .debug_info    0x0000000000025894      0x117 /tmp/ccR0srYS.debug.temp.o
                0x0000000000025894                DivU64x64Remainder.c.2a12066c
 .debug_info    0x00000000000259ab       0xa8 /tmp/ccolfEX8.debug.temp.o
                0x00000000000259ab                CpuDeadLoop.c.ace7cd64
 .debug_info    0x0000000000025a53      0x327 /tmp/ccc6NnpL.debug.temp.o
                0x0000000000025a53                LinkedList.c.ca5a5c6b
 .debug_info    0x0000000000025d7a     0x1098 /tmp/ccGzFjpR.debug.temp.o
                0x0000000000025d7a                SafeString.c.eebd8ce4
 .debug_info    0x0000000000026e12      0x809 /tmp/ccvjLjJ1.debug.temp.o
                0x0000000000026e12                String.c.e75d1c18
 .debug_info    0x000000000002761b      0x221 /tmp/ccn7I6Xz.debug.temp.o
                0x000000000002761b                Unaligned.c.a45d6ec7
 .debug_info    0x000000000002783c      0x2d6 /tmp/cclVKhIe.debug.temp.o
                0x000000000002783c                Math64.c.9027f1a3
 .debug_info    0x0000000000027b12      0x2e1 /tmp/cc9jflQN.debug.temp.o
                0x0000000000027b12                GccInline.c.839d04ec
 .debug_info    0x0000000000027df3      0x104 /tmp/cccnhirs.debug.temp.o
                0x0000000000027df3                ZeroMemWrapper.c.fb5b7d87
 .debug_info    0x0000000000027ef7      0x12d /tmp/ccWB6kIY.debug.temp.o
                0x0000000000027ef7                CompareMemWrapper.c.7663a171
 .debug_info    0x0000000000028024      0x119 /tmp/cctp85M9.debug.temp.o
                0x0000000000028024                CopyMemWrapper.c.519c2a6d
 .debug_info    0x000000000002813d      0x340 /tmp/ccNNAigS.debug.temp.o
                0x000000000002813d                IoLibGcc.c.48c72b6c
 .debug_info    0x000000000002847d      0x612 /tmp/cch1nzfn.debug.temp.o
                0x000000000002847d                IoLibInternalTdx.c.5a43016c
 .debug_info    0x0000000000028a8f      0x2d8 /tmp/ccbJS5Up.debug.temp.o
                0x0000000000028a8f                IoLibFifoCc.c.701bbd54
 .debug_info    0x0000000000028d67      0x75b /tmp/ccNeANsX.debug.temp.o
                0x0000000000028d67                PrintLibInternal.c.1bdb6eda
 .debug_info    0x00000000000294c2      0x588 /tmp/cccannQ6.debug.temp.o
                0x00000000000294c2                PrintLib.c.3e63f0c9
 .debug_info    0x0000000000029a4a       0xcf /tmp/ccGA78Ry.debug.temp.o
                0x0000000000029a4a                DebugIoPortQemu.c.13a53b87
 .debug_info    0x0000000000029b19      0x3d4 /tmp/ccjXZQ8t.debug.temp.o
                0x0000000000029b19                DebugLib.c.8db0ac61
 .debug_info    0x0000000000029eed       0xc7 /tmp/cc6f0CUJ.debug.temp.o
                0x0000000000029eed                DebugLibDetect.c.85922db3
 .debug_info    0x0000000000029fb4      0x39b /tmp/ccMybYlU.debug.temp.o
                0x0000000000029fb4                DxeCcProbeLib.c.d427dd1e
 .debug_info    0x000000000002a34f     0x1787 /tmp/cc4IsNJD.debug.temp.o
                0x000000000002a34f                UefiBootServicesTableLib.c.e158162b
 .debug_info    0x000000000002bad6     0x1366 /tmp/ccwrWwDI.debug.temp.o
                0x000000000002bad6                MemoryAllocationLib.c.8bba46c8
 .debug_info    0x000000000002ce3c     0x175e /tmp/ccOYscVz.debug.temp.o
                0x000000000002ce3c                UefiRuntimeServicesTableLib.c.261f0190
 .debug_info    0x000000000002e59a     0x1efd /tmp/cca8sxF5.debug.temp.o
                0x000000000002e59a                UefiDevicePathLib.c.3f5fd099
 .debug_info    0x0000000000030497     0x1951 /tmp/ccDeoxLS.debug.temp.o
                0x0000000000030497                DriverEntryPoint.c.2801768d
 .debug_info    0x0000000000031de8     0x2042 /tmp/cce4cjIb.debug.temp.o
                0x0000000000031de8                UefiDriverModel.c.e25fc87b
 .debug_info    0x0000000000033e2a     0x25a5 /tmp/ccPy6fdQ.debug.temp.o
                0x0000000000033e2a                UefiLib.c.5370aa6e
 .debug_info    0x00000000000363cf     0x1dd2 /tmp/ccEJojoO.debug.temp.o
                0x00000000000363cf                ReportStatusCodeLib.c.9cebcdfb
 .debug_info    0x00000000000381a1       0xc1 /home/mcw/MCW/Dell/EDK2/edk2/Build/OvmfX64/DEBUG_GCC5/X64/MdePkg/Library/StackCheckLibNull/StackCheckLibNull/OUTPUT/StackCheckLibNull.lib(StackCheckLibNullGcc.obj)

.debug_abbrev   0x0000000000000000     0x493b
 .debug_abbrev  0x0000000000000000      0x28a /tmp/cc4RXlbU.ltrans0.ltrans.o
 .debug_abbrev  0x000000000000028a      0x3be /tmp/cc3OXgdG.debug.temp.o
 .debug_abbrev  0x0000000000000648      0x326 /tmp/ccvLUYTC.debug.temp.o
 .debug_abbrev  0x000000000000096e      0x42b /tmp/ccQ15iOP.debug.temp.o
 .debug_abbrev  0x0000000000000d99      0x2ce /tmp/ccIkUKmV.debug.temp.o
 .debug_abbrev  0x0000000000001067      0x3d2 /tmp/cch2MMVy.debug.temp.o
 .debug_abbrev  0x0000000000001439      0x3a0 /tmp/ccvaIYSJ.debug.temp.o
 .debug_abbrev  0x00000000000017d9      0x343 /tmp/cc4uOEy8.debug.temp.o
 .debug_abbrev  0x0000000000001b1c      0x2ca /tmp/ccKNFfI3.debug.temp.o
 .debug_abbrev  0x0000000000001de6       0xe0 /tmp/ccD7aJQG.debug.temp.o
 .debug_abbrev  0x0000000000001ec6       0xb2 /tmp/ccYdgskY.debug.temp.o
 .debug_abbrev  0x0000000000001f78       0xb2 /tmp/ccsV5S2p.debug.temp.o
 .debug_abbrev  0x000000000000202a       0xb2 /tmp/ccR0srYS.debug.temp.o
 .debug_abbrev  0x00000000000020dc       0x71 /tmp/ccolfEX8.debug.temp.o
 .debug_abbrev  0x000000000000214d      0x141 /tmp/ccc6NnpL.debug.temp.o
 .debug_abbrev  0x000000000000228e      0x1c7 /tmp/ccGzFjpR.debug.temp.o
 .debug_abbrev  0x0000000000002455      0x157 /tmp/ccvjLjJ1.debug.temp.o
 .debug_abbrev  0x00000000000025ac       0xdd /tmp/ccn7I6Xz.debug.temp.o
 .debug_abbrev  0x0000000000002689       0xd0 /tmp/cclVKhIe.debug.temp.o
 .debug_abbrev  0x0000000000002759      0x135 /tmp/cc9jflQN.debug.temp.o
 .debug_abbrev  0x000000000000288e       0xb8 /tmp/cccnhirs.debug.temp.o
 .debug_abbrev  0x0000000000002946       0xb7 /tmp/ccWB6kIY.debug.temp.o
 .debug_abbrev  0x00000000000029fd       0xbe /tmp/cctp85M9.debug.temp.o
 .debug_abbrev  0x0000000000002abb       0xfe /tmp/ccNNAigS.debug.temp.o
 .debug_abbrev  0x0000000000002bb9      0x16c /tmp/cch1nzfn.debug.temp.o
 .debug_abbrev  0x0000000000002d25       0xbd /tmp/ccbJS5Up.debug.temp.o
 .debug_abbrev  0x0000000000002de2      0x1a4 /tmp/ccNeANsX.debug.temp.o
 .debug_abbrev  0x0000000000002f86      0x15a /tmp/cccannQ6.debug.temp.o
 .debug_abbrev  0x00000000000030e0       0x81 /tmp/ccGA78Ry.debug.temp.o
 .debug_abbrev  0x0000000000003161      0x19e /tmp/ccjXZQ8t.debug.temp.o
 .debug_abbrev  0x00000000000032ff       0x80 /tmp/cc6f0CUJ.debug.temp.o
 .debug_abbrev  0x000000000000337f      0x136 /tmp/ccMybYlU.debug.temp.o
 .debug_abbrev  0x00000000000034b5      0x20a /tmp/cc4IsNJD.debug.temp.o
 .debug_abbrev  0x00000000000036bf      0x274 /tmp/ccwrWwDI.debug.temp.o
 .debug_abbrev  0x0000000000003933      0x1da /tmp/ccOYscVz.debug.temp.o
 .debug_abbrev  0x0000000000003b0d      0x2e2 /tmp/cca8sxF5.debug.temp.o
 .debug_abbrev  0x0000000000003def      0x25d /tmp/ccDeoxLS.debug.temp.o
 .debug_abbrev  0x000000000000404c      0x27f /tmp/cce4cjIb.debug.temp.o
 .debug_abbrev  0x00000000000042cb      0x2e9 /tmp/ccPy6fdQ.debug.temp.o
 .debug_abbrev  0x00000000000045b4      0x30b /tmp/ccEJojoO.debug.temp.o
 .debug_abbrev  0x00000000000048bf       0x7c /home/mcw/MCW/Dell/EDK2/edk2/Build/OvmfX64/DEBUG_GCC5/X64/MdePkg/Library/StackCheckLibNull/StackCheckLibNull/OUTPUT/StackCheckLibNull.lib(StackCheckLibNullGcc.obj)

.debug_loclists
                0x0000000000000000     0x6d76
 .debug_loclists
                0x0000000000000000     0x6d76 /tmp/cc4RXlbU.ltrans0.ltrans.o

.debug_aranges  0x0000000000000000      0x620
 .debug_aranges
                0x0000000000000000      0x5f0 /tmp/cc4RXlbU.ltrans0.ltrans.o
 .debug_aranges
                0x00000000000005f0       0x30 /home/mcw/MCW/Dell/EDK2/edk2/Build/OvmfX64/DEBUG_GCC5/X64/MdePkg/Library/StackCheckLibNull/StackCheckLibNull/OUTPUT/StackCheckLibNull.lib(StackCheckLibNullGcc.obj)

.debug_rnglists
                0x0000000000000000      0x7ea
 .debug_rnglists
                0x0000000000000000      0x7d3 /tmp/cc4RXlbU.ltrans0.ltrans.o
 .debug_rnglists
                0x00000000000007d3       0x17 /home/mcw/MCW/Dell/EDK2/edk2/Build/OvmfX64/DEBUG_GCC5/X64/MdePkg/Library/StackCheckLibNull/StackCheckLibNull/OUTPUT/StackCheckLibNull.lib(StackCheckLibNullGcc.obj)

.debug_line     0x0000000000000000     0x7ca0
 .debug_line    0x0000000000000000     0x697a /tmp/cc4RXlbU.ltrans0.ltrans.o
 .debug_line    0x000000000000697a       0xc4 /tmp/cc3OXgdG.debug.temp.o
 .debug_line    0x0000000000006a3e       0xc8 /tmp/ccvLUYTC.debug.temp.o
 .debug_line    0x0000000000006b06      0x109 /tmp/ccQ15iOP.debug.temp.o
 .debug_line    0x0000000000006c0f       0xb0 /tmp/ccIkUKmV.debug.temp.o
 .debug_line    0x0000000000006cbf       0xbe /tmp/cch2MMVy.debug.temp.o
 .debug_line    0x0000000000006d7d       0xba /tmp/ccvaIYSJ.debug.temp.o
 .debug_line    0x0000000000006e37       0xbf /tmp/cc4uOEy8.debug.temp.o
 .debug_line    0x0000000000006ef6       0x8a /tmp/ccKNFfI3.debug.temp.o
 .debug_line    0x0000000000006f80       0x51 /tmp/ccD7aJQG.debug.temp.o
 .debug_line    0x0000000000006fd1       0x51 /tmp/ccYdgskY.debug.temp.o
 .debug_line    0x0000000000007022       0x51 /tmp/ccsV5S2p.debug.temp.o
 .debug_line    0x0000000000007073       0x51 /tmp/ccR0srYS.debug.temp.o
 .debug_line    0x00000000000070c4       0x4c /tmp/ccolfEX8.debug.temp.o
 .debug_line    0x0000000000007110       0x5e /tmp/ccc6NnpL.debug.temp.o
 .debug_line    0x000000000000716e       0x6d /tmp/ccGzFjpR.debug.temp.o
 .debug_line    0x00000000000071db       0x63 /tmp/ccvjLjJ1.debug.temp.o
 .debug_line    0x000000000000723e       0x4c /tmp/ccn7I6Xz.debug.temp.o
 .debug_line    0x000000000000728a       0x4c /tmp/cclVKhIe.debug.temp.o
 .debug_line    0x00000000000072d6       0x4c /tmp/cc9jflQN.debug.temp.o
 .debug_line    0x0000000000007322       0x51 /tmp/cccnhirs.debug.temp.o
 .debug_line    0x0000000000007373       0x51 /tmp/ccWB6kIY.debug.temp.o
 .debug_line    0x00000000000073c4       0x51 /tmp/cctp85M9.debug.temp.o
 .debug_line    0x0000000000007415       0x56 /tmp/ccNNAigS.debug.temp.o
 .debug_line    0x000000000000746b       0x64 /tmp/cch1nzfn.debug.temp.o
 .debug_line    0x00000000000074cf       0x4d /tmp/ccbJS5Up.debug.temp.o
 .debug_line    0x000000000000751c       0x68 /tmp/ccNeANsX.debug.temp.o
 .debug_line    0x0000000000007584       0x5a /tmp/cccannQ6.debug.temp.o
 .debug_line    0x00000000000075de       0x55 /tmp/ccGA78Ry.debug.temp.o
 .debug_line    0x0000000000007633       0x89 /tmp/ccjXZQ8t.debug.temp.o
 .debug_line    0x00000000000076bc       0x51 /tmp/cc6f0CUJ.debug.temp.o
 .debug_line    0x000000000000770d       0x6c /tmp/ccMybYlU.debug.temp.o
 .debug_line    0x0000000000007779       0x80 /tmp/cc4IsNJD.debug.temp.o
 .debug_line    0x00000000000077f9       0x7b /tmp/ccwrWwDI.debug.temp.o
 .debug_line    0x0000000000007874       0x7b /tmp/ccOYscVz.debug.temp.o
 .debug_line    0x00000000000078ef       0xa7 /tmp/cca8sxF5.debug.temp.o
 .debug_line    0x0000000000007996       0x93 /tmp/ccDeoxLS.debug.temp.o
 .debug_line    0x0000000000007a29       0xac /tmp/cce4cjIb.debug.temp.o
 .debug_line    0x0000000000007ad5       0xac /tmp/ccPy6fdQ.debug.temp.o
 .debug_line    0x0000000000007b81       0xbd /tmp/ccEJojoO.debug.temp.o
 .debug_line    0x0000000000007c3e       0x62 /home/mcw/MCW/Dell/EDK2/edk2/Build/OvmfX64/DEBUG_GCC5/X64/MdePkg/Library/StackCheckLibNull/StackCheckLibNull/OUTPUT/StackCheckLibNull.lib(StackCheckLibNullGcc.obj)

.debug_str      0x0000000000000000     0x7274
 .debug_str     0x0000000000000000      0x1c5 /tmp/cc4RXlbU.ltrans0.ltrans.o
                                        0x1e8 (size before relaxing)
 .debug_str     0x00000000000001c5     0x215a /tmp/cc3OXgdG.debug.temp.o
                                       0x25ed (size before relaxing)
 .debug_str     0x000000000000231f      0x2b1 /tmp/ccvLUYTC.debug.temp.o
                                       0x2515 (size before relaxing)
 .debug_str     0x00000000000025d0     0x1410 /tmp/ccQ15iOP.debug.temp.o
                                       0x3c54 (size before relaxing)
 .debug_str     0x00000000000039e0       0xfd /tmp/ccIkUKmV.debug.temp.o
                                       0x1b0f (size before relaxing)
 .debug_str     0x0000000000003add      0x3fb /tmp/cch2MMVy.debug.temp.o
                                       0x2201 (size before relaxing)
 .debug_str     0x0000000000003ed8       0xd8 /tmp/ccvaIYSJ.debug.temp.o
                                       0x20f6 (size before relaxing)
 .debug_str     0x0000000000003fb0      0x145 /tmp/cc4uOEy8.debug.temp.o
                                       0x1c30 (size before relaxing)
 .debug_str     0x00000000000040f5      0x851 /tmp/ccKNFfI3.debug.temp.o
                                       0x1e08 (size before relaxing)
 .debug_str     0x0000000000004946       0x42 /tmp/ccD7aJQG.debug.temp.o
                                        0x28d (size before relaxing)
 .debug_str     0x0000000000004988       0x1e /tmp/ccYdgskY.debug.temp.o
                                        0x268 (size before relaxing)
 .debug_str     0x00000000000049a6       0x16 /tmp/ccsV5S2p.debug.temp.o
                                        0x268 (size before relaxing)
 .debug_str     0x00000000000049bc       0x2a /tmp/ccR0srYS.debug.temp.o
                                        0x281 (size before relaxing)
 .debug_str     0x00000000000049e6       0x29 /tmp/ccolfEX8.debug.temp.o
                                        0x23c (size before relaxing)
 .debug_str     0x0000000000004a0f       0x6b /tmp/ccc6NnpL.debug.temp.o
                                        0x3b9 (size before relaxing)
 .debug_str     0x0000000000004a7a      0x397 /tmp/ccGzFjpR.debug.temp.o
                                        0x81c (size before relaxing)
 .debug_str     0x0000000000004e11      0x1da /tmp/ccvjLjJ1.debug.temp.o
                                        0x6e6 (size before relaxing)
 .debug_str     0x0000000000004feb       0x5f /tmp/ccn7I6Xz.debug.temp.o
                                        0x2fc (size before relaxing)
 .debug_str     0x000000000000504a      0x11c /tmp/cclVKhIe.debug.temp.o
                                        0x3b5 (size before relaxing)
 .debug_str     0x0000000000005166      0x130 /tmp/cc9jflQN.debug.temp.o
                                        0x36c (size before relaxing)
 .debug_str     0x0000000000005296       0x13 /tmp/cccnhirs.debug.temp.o
                                        0x263 (size before relaxing)
 .debug_str     0x00000000000052a9       0x35 /tmp/ccWB6kIY.debug.temp.o
                                        0x28c (size before relaxing)
 .debug_str     0x00000000000052de       0x13 /tmp/cctp85M9.debug.temp.o
                                        0x27b (size before relaxing)
 .debug_str     0x00000000000052f1       0xe1 /tmp/ccNNAigS.debug.temp.o
                                        0x37b (size before relaxing)
 .debug_str     0x00000000000053d2      0x136 /tmp/cch1nzfn.debug.temp.o
                                        0x3ff (size before relaxing)
 .debug_str     0x0000000000005508       0x61 /tmp/ccbJS5Up.debug.temp.o
                                        0x33d (size before relaxing)
 .debug_str     0x0000000000005569      0x25c /tmp/ccNeANsX.debug.temp.o
                                        0x656 (size before relaxing)
 .debug_str     0x00000000000057c5      0x12e /tmp/cccannQ6.debug.temp.o
                                        0x454 (size before relaxing)
 .debug_str     0x00000000000058f3       0x1d /tmp/ccGA78Ry.debug.temp.o
                                        0x269 (size before relaxing)
 .debug_str     0x0000000000005910       0xcd /tmp/ccjXZQ8t.debug.temp.o
                                        0x4e6 (size before relaxing)
 .debug_str     0x00000000000059dd       0x26 /tmp/cc6f0CUJ.debug.temp.o
                                        0x2a4 (size before relaxing)
 .debug_str     0x0000000000005a03      0x1b2 /tmp/ccMybYlU.debug.temp.o
                                        0x52e (size before relaxing)
 .debug_str     0x0000000000005bb5     0x13b1 /tmp/cc4IsNJD.debug.temp.o
 .debug_str     0x0000000000005bb5      0x239 /tmp/ccwrWwDI.debug.temp.o
                                        0xfdc (size before relaxing)
 .debug_str     0x0000000000005dee     0x13a7 /tmp/ccOYscVz.debug.temp.o
 .debug_str     0x0000000000005dee      0x4ce /tmp/cca8sxF5.debug.temp.o
                                       0x1a87 (size before relaxing)
 .debug_str     0x00000000000062bc       0xa4 /tmp/ccDeoxLS.debug.temp.o
                                       0x153f (size before relaxing)
 .debug_str     0x0000000000006360      0x4e0 /tmp/cce4cjIb.debug.temp.o
                                       0x1d09 (size before relaxing)
 .debug_str     0x0000000000006840      0x551 /tmp/ccPy6fdQ.debug.temp.o
                                       0x1c62 (size before relaxing)
 .debug_str     0x0000000000006d91      0x2e0 /tmp/ccEJojoO.debug.temp.o
                                       0x1921 (size before relaxing)
 .debug_str     0x0000000000007071      0x203 /home/mcw/MCW/Dell/EDK2/edk2/Build/OvmfX64/DEBUG_GCC5/X64/MdePkg/Library/StackCheckLibNull/StackCheckLibNull/OUTPUT/StackCheckLibNull.lib(StackCheckLibNullGcc.obj)
                                        0x233 (size before relaxing)

.debug_line_str
                0x0000000000000000     0x2166
 .debug_line_str
                0x0000000000000000      0x4a8 /tmp/cc4RXlbU.ltrans0.ltrans.o
                                        0x79e (size before relaxing)
 .debug_line_str
                0x00000000000004a8      0x262 /tmp/cc3OXgdG.debug.temp.o
                                        0x3ba (size before relaxing)
 .debug_line_str
                0x000000000000070a       0x8b /tmp/ccvLUYTC.debug.temp.o
                                        0x41e (size before relaxing)
 .debug_line_str
                0x0000000000000795       0xf2 /tmp/ccQ15iOP.debug.temp.o
                                        0x4fd (size before relaxing)
 .debug_line_str
                0x0000000000000887       0x55 /tmp/ccIkUKmV.debug.temp.o
                                        0x371 (size before relaxing)
 .debug_line_str
                0x00000000000008dc       0xb8 /tmp/cch2MMVy.debug.temp.o
                                        0x401 (size before relaxing)
 .debug_line_str
                0x0000000000000994       0x55 /tmp/ccvaIYSJ.debug.temp.o
                                        0x39d (size before relaxing)
 .debug_line_str
                0x00000000000009e9       0x5a /tmp/cc4uOEy8.debug.temp.o
                                        0x3ab (size before relaxing)
 .debug_line_str
                0x0000000000000a43       0x92 /tmp/ccKNFfI3.debug.temp.o
                                        0x30c (size before relaxing)
 .debug_line_str
                0x0000000000000ad5       0x97 /tmp/ccD7aJQG.debug.temp.o
                                        0x15e (size before relaxing)
 .debug_line_str
                0x0000000000000b6c       0x53 /tmp/ccYdgskY.debug.temp.o
                                        0x16b (size before relaxing)
 .debug_line_str
                0x0000000000000bbf       0x40 /tmp/ccsV5S2p.debug.temp.o
                                        0x16b (size before relaxing)
 .debug_line_str
                0x0000000000000bff       0x49 /tmp/ccR0srYS.debug.temp.o
                                        0x17d (size before relaxing)
 .debug_line_str
                0x0000000000000c48       0x42 /tmp/ccolfEX8.debug.temp.o
                                        0x15b (size before relaxing)
 .debug_line_str
                0x0000000000000c8a       0xa0 /tmp/ccc6NnpL.debug.temp.o
                                        0x1f6 (size before relaxing)
 .debug_line_str
                0x0000000000000d2a       0x41 /tmp/ccGzFjpR.debug.temp.o
                                        0x223 (size before relaxing)
 .debug_line_str
                0x0000000000000d6b       0x3d /tmp/ccvjLjJ1.debug.temp.o
                                        0x1f8 (size before relaxing)
 .debug_line_str
                0x0000000000000da8       0x40 /tmp/ccn7I6Xz.debug.temp.o
                                        0x158 (size before relaxing)
 .debug_line_str
                0x0000000000000de8       0x3d /tmp/cclVKhIe.debug.temp.o
                                        0x151 (size before relaxing)
 .debug_line_str
                0x0000000000000e25       0x44 /tmp/cc9jflQN.debug.temp.o
                                        0x15f (size before relaxing)
 .debug_line_str
                0x0000000000000e69       0xd4 /tmp/cccnhirs.debug.temp.o
                                        0x1a4 (size before relaxing)
 .debug_line_str
                0x0000000000000f3d       0x54 /tmp/ccWB6kIY.debug.temp.o
                                        0x1aa (size before relaxing)
 .debug_line_str
                0x0000000000000f91       0x51 /tmp/cctp85M9.debug.temp.o
                                        0x1a4 (size before relaxing)
 .debug_line_str
                0x0000000000000fe2       0xdb /tmp/ccNNAigS.debug.temp.o
                                        0x1a4 (size before relaxing)
 .debug_line_str
                0x00000000000010bd       0x89 /tmp/cch1nzfn.debug.temp.o
                                        0x202 (size before relaxing)
 .debug_line_str
                0x0000000000001146       0x58 /tmp/ccbJS5Up.debug.temp.o
                                        0x162 (size before relaxing)
 .debug_line_str
                0x000000000000119e      0x12b /tmp/ccNeANsX.debug.temp.o
                                        0x23d (size before relaxing)
 .debug_line_str
                0x00000000000012c9       0x44 /tmp/cccannQ6.debug.temp.o
                                        0x1b0 (size before relaxing)
 .debug_line_str
                0x000000000000130d      0x154 /tmp/ccGA78Ry.debug.temp.o
                                        0x228 (size before relaxing)
 .debug_line_str
                0x0000000000001461       0xc0 /tmp/ccjXZQ8t.debug.temp.o
                                        0x323 (size before relaxing)
 .debug_line_str
                0x0000000000001521       0x55 /tmp/cc6f0CUJ.debug.temp.o
                                        0x1a6 (size before relaxing)
 .debug_line_str
                0x0000000000001576       0xe3 /tmp/ccMybYlU.debug.temp.o
                                        0x23d (size before relaxing)
 .debug_line_str
                0x0000000000001659       0xdb /tmp/cc4IsNJD.debug.temp.o
                                        0x2c5 (size before relaxing)
 .debug_line_str
                0x0000000000001734       0xd3 /tmp/ccwrWwDI.debug.temp.o
                                        0x2a8 (size before relaxing)
 .debug_line_str
                0x0000000000001807       0xe7 /tmp/ccOYscVz.debug.temp.o
                                        0x2bc (size before relaxing)
 .debug_line_str
                0x00000000000018ee      0x1ca /tmp/cca8sxF5.debug.temp.o
                                        0x3f2 (size before relaxing)
 .debug_line_str
                0x0000000000001ab8      0x14e /tmp/ccDeoxLS.debug.temp.o
                                        0x34d (size before relaxing)
 .debug_line_str
                0x0000000000001c06      0x154 /tmp/cce4cjIb.debug.temp.o
                                        0x35f (size before relaxing)
 .debug_line_str
                0x0000000000001d5a       0x6f /tmp/ccPy6fdQ.debug.temp.o
                                        0x343 (size before relaxing)
 .debug_line_str
                0x0000000000001dc9      0x219 /tmp/ccEJojoO.debug.temp.o
                                        0x481 (size before relaxing)
 .debug_line_str
                0x0000000000001fe2      0x184 /home/mcw/MCW/Dell/EDK2/edk2/Build/OvmfX64/DEBUG_GCC5/X64/MdePkg/Library/StackCheckLibNull/StackCheckLibNull/OUTPUT/StackCheckLibNull.lib(StackCheckLibNullGcc.obj)
                                        0x21f (size before relaxing)

.debug_frame    0x0000000000000000     0x1410
 .debug_frame   0x0000000000000000     0x13e0 /tmp/cc4RXlbU.ltrans0.ltrans.o
 .debug_frame   0x00000000000013e0       0x30 /home/mcw/MCW/Dell/EDK2/edk2/Build/OvmfX64/DEBUG_GCC5/X64/MdePkg/Library/StackCheckLibNull/StackCheckLibNull/OUTPUT/StackCheckLibNull.lib(StackCheckLibNullGcc.obj)
