/home/mcw/MCW/Dell/EDK2/edk2/Build/OvmfX64/DEBUG_GCC5/X64/OvmfPkg/Tcg/TdTcg2Pei/TdTcg2Pei/OUTPUT/TdTcg2Pei.lib
/home/mcw/MCW/Dell/EDK2/edk2/Build/OvmfX64/DEBUG_GCC5/X64/MdePkg/Library/PeiServicesTablePointerLibIdt/PeiServicesTablePointerLibIdt/OUTPUT/PeiServicesTablePointerLibIdt.lib
/home/mcw/MCW/Dell/EDK2/edk2/Build/OvmfX64/DEBUG_GCC5/X64/MdePkg/Library/PeiMemoryAllocationLib/PeiMemoryAllocationLib/OUTPUT/PeiMemoryAllocationLib.lib
/home/mcw/MCW/Dell/EDK2/edk2/Build/OvmfX64/DEBUG_GCC5/X64/MdePkg/Library/RegisterFilterLibNull/RegisterFilterLibNull/OUTPUT/FilterLibNull.lib
/home/mcw/MCW/Dell/EDK2/edk2/Build/OvmfX64/DEBUG_GCC5/X64/MdePkg/Library/PeiPcdLib/PeiPcdLib/OUTPUT/PeiPcdLib.lib
/home/mcw/MCW/Dell/EDK2/edk2/Build/OvmfX64/DEBUG_GCC5/X64/MdePkg/Library/BaseLib/BaseLib/OUTPUT/BaseLib.lib
/home/mcw/MCW/Dell/EDK2/edk2/Build/OvmfX64/DEBUG_GCC5/X64/MdePkg/Library/BaseMemoryLibRepStr/BaseMemoryLibRepStr/OUTPUT/BaseMemoryLibRepStr.lib
/home/mcw/MCW/Dell/EDK2/edk2/Build/OvmfX64/DEBUG_GCC5/X64/MdePkg/Library/PeiServicesLib/PeiServicesLib/OUTPUT/PeiServicesLib.lib
/home/mcw/MCW/Dell/EDK2/edk2/Build/OvmfX64/DEBUG_GCC5/X64/MdePkg/Library/PeiHobLib/PeiHobLib/OUTPUT/PeiHobLib.lib
/home/mcw/MCW/Dell/EDK2/edk2/Build/OvmfX64/DEBUG_GCC5/X64/OvmfPkg/Library/CcProbeLib/SecPeiCcProbeLib/OUTPUT/SecPeiCcProbeLib.lib
/home/mcw/MCW/Dell/EDK2/edk2/Build/OvmfX64/DEBUG_GCC5/X64/MdePkg/Library/TdxLib/TdxLib/OUTPUT/TdxLib.lib
/home/mcw/MCW/Dell/EDK2/edk2/Build/OvmfX64/DEBUG_GCC5/X64/OvmfPkg/Library/MemDebugLogLib/MemDebugLogLibNull/OUTPUT/MemDebugLogLibNull.lib
/home/mcw/MCW/Dell/EDK2/edk2/Build/OvmfX64/DEBUG_GCC5/X64/MdePkg/Library/BaseDebugPrintErrorLevelLib/BaseDebugPrintErrorLevelLib/OUTPUT/BaseDebugPrintErrorLevelLib.lib
/home/mcw/MCW/Dell/EDK2/edk2/Build/OvmfX64/DEBUG_GCC5/X64/MdePkg/Library/BaseIoLibIntrinsic/BaseIoLibIntrinsicSev/OUTPUT/BaseIoLibIntrinsicSev.lib
/home/mcw/MCW/Dell/EDK2/edk2/Build/OvmfX64/DEBUG_GCC5/X64/MdePkg/Library/BasePrintLib/BasePrintLib/OUTPUT/BasePrintLib.lib
/home/mcw/MCW/Dell/EDK2/edk2/Build/OvmfX64/DEBUG_GCC5/X64/OvmfPkg/Library/PlatformDebugLibIoPort/PlatformRomDebugLibIoPort/OUTPUT/PlatformRomDebugLibIoPort.lib
/home/mcw/MCW/Dell/EDK2/edk2/Build/OvmfX64/DEBUG_GCC5/X64/MdePkg/Library/BasePciCf8Lib/BasePciCf8Lib/OUTPUT/BasePciCf8Lib.lib
/home/mcw/MCW/Dell/EDK2/edk2/Build/OvmfX64/DEBUG_GCC5/X64/MdePkg/Library/BasePciLibCf8/BasePciLibCf8/OUTPUT/BasePciLibCf8.lib
/home/mcw/MCW/Dell/EDK2/edk2/Build/OvmfX64/DEBUG_GCC5/X64/OvmfPkg/Library/AcpiTimerLib/BaseAcpiTimerLib/OUTPUT/BaseAcpiTimerLib.lib
/home/mcw/MCW/Dell/EDK2/edk2/Build/OvmfX64/DEBUG_GCC5/X64/MdeModulePkg/Library/BaseRngLibTimerLib/BaseRngLibTimerLib/OUTPUT/BaseRngLibTimerLib.lib
/home/mcw/MCW/Dell/EDK2/edk2/Build/OvmfX64/DEBUG_GCC5/X64/MdePkg/Library/BaseSynchronizationLib/BaseSynchronizationLib/OUTPUT/BaseSynchronizationLib.lib
/home/mcw/MCW/Dell/EDK2/edk2/Build/OvmfX64/DEBUG_GCC5/X64/CryptoPkg/Library/IntrinsicLib/IntrinsicLib/OUTPUT/BaseIntrinsicLib.lib
/home/mcw/MCW/Dell/EDK2/edk2/Build/OvmfX64/DEBUG_GCC5/X64/CryptoPkg/Library/OpensslLib/OpensslLibCrypto/OUTPUT/OpensslLibCrypto.lib
/home/mcw/MCW/Dell/EDK2/edk2/Build/OvmfX64/DEBUG_GCC5/X64/MdePkg/Library/StackCheckLibNull/StackCheckLibNull/OUTPUT/StackCheckLibNull.lib
/home/mcw/MCW/Dell/EDK2/edk2/Build/OvmfX64/DEBUG_GCC5/X64/CryptoPkg/Library/BaseCryptLib/PeiCryptLib/OUTPUT/PeiCryptLib.lib
/home/mcw/MCW/Dell/EDK2/edk2/Build/OvmfX64/DEBUG_GCC5/X64/MdePkg/Library/PeimEntryPoint/PeimEntryPoint/OUTPUT/PeimEntryPoint.lib
/home/mcw/MCW/Dell/EDK2/edk2/Build/OvmfX64/DEBUG_GCC5/X64/OvmfPkg/IntelTdx/TdxMeasurementLib/SecPeiTdxMeasurementLib/OUTPUT/SecPeiTdxMeasurementLib.lib