/home/mcw/MCW/Dell/EDK2/edk2/Build/OvmfX64/RELEASE_GCC5/X64/CryptoPkg/Library/BaseCryptLib/PeiCryptLib/OUTPUT/Hash/CryptMd5.obj
/home/mcw/MCW/Dell/EDK2/edk2/Build/OvmfX64/RELEASE_GCC5/X64/CryptoPkg/Library/BaseCryptLib/PeiCryptLib/OUTPUT/Hash/CryptSha1.obj
/home/mcw/MCW/Dell/EDK2/edk2/Build/OvmfX64/RELEASE_GCC5/X64/CryptoPkg/Library/BaseCryptLib/PeiCryptLib/OUTPUT/Hash/CryptSha256.obj
/home/mcw/MCW/Dell/EDK2/edk2/Build/OvmfX64/RELEASE_GCC5/X64/CryptoPkg/Library/BaseCryptLib/PeiCryptLib/OUTPUT/Hash/CryptSm3.obj
/home/mcw/MCW/Dell/EDK2/edk2/Build/OvmfX64/RELEASE_GCC5/X64/CryptoPkg/Library/BaseCryptLib/PeiCryptLib/OUTPUT/Hash/CryptSha512.obj
/home/mcw/MCW/Dell/EDK2/edk2/Build/OvmfX64/RELEASE_GCC5/X64/CryptoPkg/Library/BaseCryptLib/PeiCryptLib/OUTPUT/Hash/CryptSha3.obj
/home/mcw/MCW/Dell/EDK2/edk2/Build/OvmfX64/RELEASE_GCC5/X64/CryptoPkg/Library/BaseCryptLib/PeiCryptLib/OUTPUT/Hash/CryptXkcp.obj
/home/mcw/MCW/Dell/EDK2/edk2/Build/OvmfX64/RELEASE_GCC5/X64/CryptoPkg/Library/BaseCryptLib/PeiCryptLib/OUTPUT/Hash/CryptCShake256.obj
/home/mcw/MCW/Dell/EDK2/edk2/Build/OvmfX64/RELEASE_GCC5/X64/CryptoPkg/Library/BaseCryptLib/PeiCryptLib/OUTPUT/Hash/CryptParallelHash.obj
/home/mcw/MCW/Dell/EDK2/edk2/Build/OvmfX64/RELEASE_GCC5/X64/CryptoPkg/Library/BaseCryptLib/PeiCryptLib/OUTPUT/Hash/CryptDispatchApPei.obj
/home/mcw/MCW/Dell/EDK2/edk2/Build/OvmfX64/RELEASE_GCC5/X64/CryptoPkg/Library/BaseCryptLib/PeiCryptLib/OUTPUT/Hmac/CryptHmac.obj
/home/mcw/MCW/Dell/EDK2/edk2/Build/OvmfX64/RELEASE_GCC5/X64/CryptoPkg/Library/BaseCryptLib/PeiCryptLib/OUTPUT/Kdf/CryptHkdf.obj
/home/mcw/MCW/Dell/EDK2/edk2/Build/OvmfX64/RELEASE_GCC5/X64/CryptoPkg/Library/BaseCryptLib/PeiCryptLib/OUTPUT/Cipher/CryptAes.obj
/home/mcw/MCW/Dell/EDK2/edk2/Build/OvmfX64/RELEASE_GCC5/X64/CryptoPkg/Library/BaseCryptLib/PeiCryptLib/OUTPUT/Cipher/CryptAeadAesGcmNull.obj
/home/mcw/MCW/Dell/EDK2/edk2/Build/OvmfX64/RELEASE_GCC5/X64/CryptoPkg/Library/BaseCryptLib/PeiCryptLib/OUTPUT/Pk/CryptRsaBasic.obj
/home/mcw/MCW/Dell/EDK2/edk2/Build/OvmfX64/RELEASE_GCC5/X64/CryptoPkg/Library/BaseCryptLib/PeiCryptLib/OUTPUT/Pk/CryptRsaExtNull.obj
/home/mcw/MCW/Dell/EDK2/edk2/Build/OvmfX64/RELEASE_GCC5/X64/CryptoPkg/Library/BaseCryptLib/PeiCryptLib/OUTPUT/Pk/CryptPkcs1OaepNull.obj
/home/mcw/MCW/Dell/EDK2/edk2/Build/OvmfX64/RELEASE_GCC5/X64/CryptoPkg/Library/BaseCryptLib/PeiCryptLib/OUTPUT/Pk/CryptPkcs5Pbkdf2Null.obj
/home/mcw/MCW/Dell/EDK2/edk2/Build/OvmfX64/RELEASE_GCC5/X64/CryptoPkg/Library/BaseCryptLib/PeiCryptLib/OUTPUT/Pk/CryptPkcs7SignNull.obj
/home/mcw/MCW/Dell/EDK2/edk2/Build/OvmfX64/RELEASE_GCC5/X64/CryptoPkg/Library/BaseCryptLib/PeiCryptLib/OUTPUT/Pk/CryptPkcs7VerifyCommon.obj
/home/mcw/MCW/Dell/EDK2/edk2/Build/OvmfX64/RELEASE_GCC5/X64/CryptoPkg/Library/BaseCryptLib/PeiCryptLib/OUTPUT/Pk/CryptPkcs7VerifyBase.obj
/home/mcw/MCW/Dell/EDK2/edk2/Build/OvmfX64/RELEASE_GCC5/X64/CryptoPkg/Library/BaseCryptLib/PeiCryptLib/OUTPUT/Pk/CryptPkcs7VerifyEku.obj
/home/mcw/MCW/Dell/EDK2/edk2/Build/OvmfX64/RELEASE_GCC5/X64/CryptoPkg/Library/BaseCryptLib/PeiCryptLib/OUTPUT/Pk/CryptDhNull.obj
/home/mcw/MCW/Dell/EDK2/edk2/Build/OvmfX64/RELEASE_GCC5/X64/CryptoPkg/Library/BaseCryptLib/PeiCryptLib/OUTPUT/Pk/CryptX509Null.obj
/home/mcw/MCW/Dell/EDK2/edk2/Build/OvmfX64/RELEASE_GCC5/X64/CryptoPkg/Library/BaseCryptLib/PeiCryptLib/OUTPUT/Pk/CryptAuthenticodeNull.obj
/home/mcw/MCW/Dell/EDK2/edk2/Build/OvmfX64/RELEASE_GCC5/X64/CryptoPkg/Library/BaseCryptLib/PeiCryptLib/OUTPUT/Pk/CryptTsNull.obj
/home/mcw/MCW/Dell/EDK2/edk2/Build/OvmfX64/RELEASE_GCC5/X64/CryptoPkg/Library/BaseCryptLib/PeiCryptLib/OUTPUT/Pk/CryptRsaPss.obj
/home/mcw/MCW/Dell/EDK2/edk2/Build/OvmfX64/RELEASE_GCC5/X64/CryptoPkg/Library/BaseCryptLib/PeiCryptLib/OUTPUT/Pk/CryptRsaPssSignNull.obj
/home/mcw/MCW/Dell/EDK2/edk2/Build/OvmfX64/RELEASE_GCC5/X64/CryptoPkg/Library/BaseCryptLib/PeiCryptLib/OUTPUT/Pk/CryptEcNull.obj
/home/mcw/MCW/Dell/EDK2/edk2/Build/OvmfX64/RELEASE_GCC5/X64/CryptoPkg/Library/BaseCryptLib/PeiCryptLib/OUTPUT/Pem/CryptPemNull.obj
/home/mcw/MCW/Dell/EDK2/edk2/Build/OvmfX64/RELEASE_GCC5/X64/CryptoPkg/Library/BaseCryptLib/PeiCryptLib/OUTPUT/Rand/CryptRandNull.obj
/home/mcw/MCW/Dell/EDK2/edk2/Build/OvmfX64/RELEASE_GCC5/X64/CryptoPkg/Library/BaseCryptLib/PeiCryptLib/OUTPUT/Bn/CryptBnNull.obj
/home/mcw/MCW/Dell/EDK2/edk2/Build/OvmfX64/RELEASE_GCC5/X64/CryptoPkg/Library/BaseCryptLib/PeiCryptLib/OUTPUT/SysCall/CrtWrapper.obj
/home/mcw/MCW/Dell/EDK2/edk2/Build/OvmfX64/RELEASE_GCC5/X64/CryptoPkg/Library/BaseCryptLib/PeiCryptLib/OUTPUT/SysCall/ConstantTimeClock.obj
/home/mcw/MCW/Dell/EDK2/edk2/Build/OvmfX64/RELEASE_GCC5/X64/CryptoPkg/Library/BaseCryptLib/PeiCryptLib/OUTPUT/SysCall/BaseMemAllocation.obj