/home/mcw/MCW/Dell/EDK2/edk2/Build/OvmfX64/DEBUG_GCC5/X64/CryptoPkg/Library/BaseCryptLib/SecCryptLib/OUTPUT/Hash/CryptSha512.obj
/home/mcw/MCW/Dell/EDK2/edk2/Build/OvmfX64/DEBUG_GCC5/X64/CryptoPkg/Library/BaseCryptLib/SecCryptLib/OUTPUT/Hash/CryptMd5Null.obj
/home/mcw/MCW/Dell/EDK2/edk2/Build/OvmfX64/DEBUG_GCC5/X64/CryptoPkg/Library/BaseCryptLib/SecCryptLib/OUTPUT/Hash/CryptSha1Null.obj
/home/mcw/MCW/Dell/EDK2/edk2/Build/OvmfX64/DEBUG_GCC5/X64/CryptoPkg/Library/BaseCryptLib/SecCryptLib/OUTPUT/Hash/CryptSha256Null.obj
/home/mcw/MCW/Dell/EDK2/edk2/Build/OvmfX64/DEBUG_GCC5/X64/CryptoPkg/Library/BaseCryptLib/SecCryptLib/OUTPUT/Hash/CryptSm3Null.obj
/home/mcw/MCW/Dell/EDK2/edk2/Build/OvmfX64/DEBUG_GCC5/X64/CryptoPkg/Library/BaseCryptLib/SecCryptLib/OUTPUT/Hash/CryptParallelHashNull.obj
/home/mcw/MCW/Dell/EDK2/edk2/Build/OvmfX64/DEBUG_GCC5/X64/CryptoPkg/Library/BaseCryptLib/SecCryptLib/OUTPUT/Hmac/CryptHmacNull.obj
/home/mcw/MCW/Dell/EDK2/edk2/Build/OvmfX64/DEBUG_GCC5/X64/CryptoPkg/Library/BaseCryptLib/SecCryptLib/OUTPUT/Kdf/CryptHkdfNull.obj
/home/mcw/MCW/Dell/EDK2/edk2/Build/OvmfX64/DEBUG_GCC5/X64/CryptoPkg/Library/BaseCryptLib/SecCryptLib/OUTPUT/Cipher/CryptAesNull.obj
/home/mcw/MCW/Dell/EDK2/edk2/Build/OvmfX64/DEBUG_GCC5/X64/CryptoPkg/Library/BaseCryptLib/SecCryptLib/OUTPUT/Cipher/CryptAeadAesGcmNull.obj
/home/mcw/MCW/Dell/EDK2/edk2/Build/OvmfX64/DEBUG_GCC5/X64/CryptoPkg/Library/BaseCryptLib/SecCryptLib/OUTPUT/Pk/CryptRsaBasicNull.obj
/home/mcw/MCW/Dell/EDK2/edk2/Build/OvmfX64/DEBUG_GCC5/X64/CryptoPkg/Library/BaseCryptLib/SecCryptLib/OUTPUT/Pk/CryptRsaExtNull.obj
/home/mcw/MCW/Dell/EDK2/edk2/Build/OvmfX64/DEBUG_GCC5/X64/CryptoPkg/Library/BaseCryptLib/SecCryptLib/OUTPUT/Pk/CryptPkcs1OaepNull.obj
/home/mcw/MCW/Dell/EDK2/edk2/Build/OvmfX64/DEBUG_GCC5/X64/CryptoPkg/Library/BaseCryptLib/SecCryptLib/OUTPUT/Pk/CryptPkcs5Pbkdf2Null.obj
/home/mcw/MCW/Dell/EDK2/edk2/Build/OvmfX64/DEBUG_GCC5/X64/CryptoPkg/Library/BaseCryptLib/SecCryptLib/OUTPUT/Pk/CryptPkcs7SignNull.obj
/home/mcw/MCW/Dell/EDK2/edk2/Build/OvmfX64/DEBUG_GCC5/X64/CryptoPkg/Library/BaseCryptLib/SecCryptLib/OUTPUT/Pk/CryptPkcs7VerifyNull.obj
/home/mcw/MCW/Dell/EDK2/edk2/Build/OvmfX64/DEBUG_GCC5/X64/CryptoPkg/Library/BaseCryptLib/SecCryptLib/OUTPUT/Pk/CryptPkcs7VerifyEkuNull.obj
/home/mcw/MCW/Dell/EDK2/edk2/Build/OvmfX64/DEBUG_GCC5/X64/CryptoPkg/Library/BaseCryptLib/SecCryptLib/OUTPUT/Pk/CryptDhNull.obj
/home/mcw/MCW/Dell/EDK2/edk2/Build/OvmfX64/DEBUG_GCC5/X64/CryptoPkg/Library/BaseCryptLib/SecCryptLib/OUTPUT/Pk/CryptX509Null.obj
/home/mcw/MCW/Dell/EDK2/edk2/Build/OvmfX64/DEBUG_GCC5/X64/CryptoPkg/Library/BaseCryptLib/SecCryptLib/OUTPUT/Pk/CryptAuthenticodeNull.obj
/home/mcw/MCW/Dell/EDK2/edk2/Build/OvmfX64/DEBUG_GCC5/X64/CryptoPkg/Library/BaseCryptLib/SecCryptLib/OUTPUT/Pk/CryptTsNull.obj
/home/mcw/MCW/Dell/EDK2/edk2/Build/OvmfX64/DEBUG_GCC5/X64/CryptoPkg/Library/BaseCryptLib/SecCryptLib/OUTPUT/Pem/CryptPemNull.obj
/home/mcw/MCW/Dell/EDK2/edk2/Build/OvmfX64/DEBUG_GCC5/X64/CryptoPkg/Library/BaseCryptLib/SecCryptLib/OUTPUT/Rand/CryptRandNull.obj
/home/mcw/MCW/Dell/EDK2/edk2/Build/OvmfX64/DEBUG_GCC5/X64/CryptoPkg/Library/BaseCryptLib/SecCryptLib/OUTPUT/Pk/CryptRsaPssNull.obj
/home/mcw/MCW/Dell/EDK2/edk2/Build/OvmfX64/DEBUG_GCC5/X64/CryptoPkg/Library/BaseCryptLib/SecCryptLib/OUTPUT/Pk/CryptRsaPssSignNull.obj
/home/mcw/MCW/Dell/EDK2/edk2/Build/OvmfX64/DEBUG_GCC5/X64/CryptoPkg/Library/BaseCryptLib/SecCryptLib/OUTPUT/Pk/CryptEcNull.obj
/home/mcw/MCW/Dell/EDK2/edk2/Build/OvmfX64/DEBUG_GCC5/X64/CryptoPkg/Library/BaseCryptLib/SecCryptLib/OUTPUT/Bn/CryptBnNull.obj
/home/mcw/MCW/Dell/EDK2/edk2/Build/OvmfX64/DEBUG_GCC5/X64/CryptoPkg/Library/BaseCryptLib/SecCryptLib/OUTPUT/SysCall/CrtWrapper.obj
/home/mcw/MCW/Dell/EDK2/edk2/Build/OvmfX64/DEBUG_GCC5/X64/CryptoPkg/Library/BaseCryptLib/SecCryptLib/OUTPUT/SysCall/ConstantTimeClock.obj
/home/mcw/MCW/Dell/EDK2/edk2/Build/OvmfX64/DEBUG_GCC5/X64/CryptoPkg/Library/BaseCryptLib/SecCryptLib/OUTPUT/SysCall/BaseMemAllocation.obj