/home/mcw/MCW/Dell/EDK2/git/D-work/edk2/Build/OvmfX64/DEBUG_GCC5/X64/MdeModulePkg/Core/Dxe/DxeMain/OUTPUT/DxeCore.lib
/home/mcw/MCW/Dell/EDK2/git/D-work/edk2/Build/OvmfX64/DEBUG_GCC5/X64/OvmfPkg/Library/AmdSvsmLib/AmdSvsmLib/OUTPUT/AmdSvsmLib.lib
/home/mcw/MCW/Dell/EDK2/git/D-work/edk2/Build/OvmfX64/DEBUG_GCC5/X64/OvmfPkg/Library/BaseMemEncryptSevLib/DxeMemEncryptSevLib/OUTPUT/DxeMemEncryptSevLib.lib
/home/mcw/MCW/Dell/EDK2/git/D-work/edk2/Build/OvmfX64/DEBUG_GCC5/X64/MdePkg/Library/TdxLib/TdxLib/OUTPUT/TdxLib.lib
/home/mcw/MCW/Dell/EDK2/git/D-work/edk2/Build/OvmfX64/DEBUG_GCC5/X64/MdePkg/Library/RegisterFilterLibNull/RegisterFilterLibNull/OUTPUT/FilterLibNull.lib
/home/mcw/MCW/Dell/EDK2/git/D-work/edk2/Build/OvmfX64/DEBUG_GCC5/X64/MdePkg/Library/BaseCpuLib/BaseCpuLib/OUTPUT/BaseCpuLib.lib
/home/mcw/MCW/Dell/EDK2/git/D-work/edk2/Build/OvmfX64/DEBUG_GCC5/X64/MdePkg/Library/BaseIoLibIntrinsic/BaseIoLibIntrinsicSev/OUTPUT/BaseIoLibIntrinsicSev.lib
/home/mcw/MCW/Dell/EDK2/git/D-work/edk2/Build/OvmfX64/DEBUG_GCC5/X64/UefiCpuPkg/Library/BaseXApicX2ApicLib/BaseXApicX2ApicLib/OUTPUT/BaseXApicX2ApicLib.lib
/home/mcw/MCW/Dell/EDK2/git/D-work/edk2/Build/OvmfX64/DEBUG_GCC5/X64/OvmfPkg/Library/CcExitLib/CcExitLib/OUTPUT/CcExitLib.lib
/home/mcw/MCW/Dell/EDK2/git/D-work/edk2/Build/OvmfX64/DEBUG_GCC5/X64/MdePkg/Library/DxePcdLib/DxePcdLib/OUTPUT/DxePcdLib.lib
/home/mcw/MCW/Dell/EDK2/git/D-work/edk2/Build/OvmfX64/DEBUG_GCC5/X64/MdeModulePkg/Library/DxeCoreMemoryAllocationLib/DxeCoreMemoryAllocationLib/OUTPUT/DxeCoreMemoryAllocationLib.lib
/home/mcw/MCW/Dell/EDK2/git/D-work/edk2/Build/OvmfX64/DEBUG_GCC5/X64/MdePkg/Library/BaseLib/BaseLib/OUTPUT/BaseLib.lib
/home/mcw/MCW/Dell/EDK2/git/D-work/edk2/Build/OvmfX64/DEBUG_GCC5/X64/MdePkg/Library/BaseCacheMaintenanceLib/BaseCacheMaintenanceLib/OUTPUT/BaseCacheMaintenanceLib.lib
/home/mcw/MCW/Dell/EDK2/git/D-work/edk2/Build/OvmfX64/DEBUG_GCC5/X64/MdePkg/Library/BaseMemoryLibRepStr/BaseMemoryLibRepStr/OUTPUT/BaseMemoryLibRepStr.lib
/home/mcw/MCW/Dell/EDK2/git/D-work/edk2/Build/OvmfX64/DEBUG_GCC5/X64/OvmfPkg/Library/MemDebugLogLib/MemDebugLogLibNull/OUTPUT/MemDebugLogLibNull.lib
/home/mcw/MCW/Dell/EDK2/git/D-work/edk2/Build/OvmfX64/DEBUG_GCC5/X64/MdePkg/Library/BaseDebugPrintErrorLevelLib/BaseDebugPrintErrorLevelLib/OUTPUT/BaseDebugPrintErrorLevelLib.lib
/home/mcw/MCW/Dell/EDK2/git/D-work/edk2/Build/OvmfX64/DEBUG_GCC5/X64/MdePkg/Library/BasePrintLib/BasePrintLib/OUTPUT/BasePrintLib.lib
/home/mcw/MCW/Dell/EDK2/git/D-work/edk2/Build/OvmfX64/DEBUG_GCC5/X64/OvmfPkg/Library/PlatformDebugLibIoPort/PlatformDebugLibIoPort/OUTPUT/PlatformDebugLibIoPort.lib
/home/mcw/MCW/Dell/EDK2/git/D-work/edk2/Build/OvmfX64/DEBUG_GCC5/X64/OvmfPkg/Library/CcProbeLib/DxeCcProbeLib/OUTPUT/DxeCcProbeLib.lib
/home/mcw/MCW/Dell/EDK2/git/D-work/edk2/Build/OvmfX64/DEBUG_GCC5/X64/MdePkg/Library/BasePciCf8Lib/BasePciCf8Lib/OUTPUT/BasePciCf8Lib.lib
/home/mcw/MCW/Dell/EDK2/git/D-work/edk2/Build/OvmfX64/DEBUG_GCC5/X64/MdePkg/Library/BasePciLibCf8/BasePciLibCf8/OUTPUT/BasePciLibCf8.lib
/home/mcw/MCW/Dell/EDK2/git/D-work/edk2/Build/OvmfX64/DEBUG_GCC5/X64/OvmfPkg/Library/AcpiTimerLib/BaseAcpiTimerLib/OUTPUT/BaseAcpiTimerLib.lib
/home/mcw/MCW/Dell/EDK2/git/D-work/edk2/Build/OvmfX64/DEBUG_GCC5/X64/MdePkg/Library/UefiBootServicesTableLib/UefiBootServicesTableLib/OUTPUT/UefiBootServicesTableLib.lib
/home/mcw/MCW/Dell/EDK2/git/D-work/edk2/Build/OvmfX64/DEBUG_GCC5/X64/MdePkg/Library/StackCheckLibNull/StackCheckLibNull/OUTPUT/StackCheckLibNull.lib
/home/mcw/MCW/Dell/EDK2/git/D-work/edk2/Build/OvmfX64/DEBUG_GCC5/X64/MdePkg/Library/UefiRuntimeServicesTableLib/UefiRuntimeServicesTableLib/OUTPUT/UefiRuntimeServicesTableLib.lib
/home/mcw/MCW/Dell/EDK2/git/D-work/edk2/Build/OvmfX64/DEBUG_GCC5/X64/MdePkg/Library/UefiDevicePathLib/UefiDevicePathLib/OUTPUT/UefiDevicePathLib.lib
/home/mcw/MCW/Dell/EDK2/git/D-work/edk2/Build/OvmfX64/DEBUG_GCC5/X64/MdePkg/Library/DxeCoreEntryPoint/DxeCoreEntryPoint/OUTPUT/DxeCoreEntryPoint.lib
/home/mcw/MCW/Dell/EDK2/git/D-work/edk2/Build/OvmfX64/DEBUG_GCC5/X64/MdePkg/Library/BaseSafeIntLib/BaseSafeIntLib/OUTPUT/BaseSafeIntLib.lib
/home/mcw/MCW/Dell/EDK2/git/D-work/edk2/Build/OvmfX64/DEBUG_GCC5/X64/MdePkg/Library/BasePeCoffExtraActionLibNull/BasePeCoffExtraActionLibNull/OUTPUT/PeCoffExtraActionLibNull.lib
/home/mcw/MCW/Dell/EDK2/git/D-work/edk2/Build/OvmfX64/DEBUG_GCC5/X64/MdePkg/Library/UefiLib/UefiLib/OUTPUT/UefiLib.lib
/home/mcw/MCW/Dell/EDK2/git/D-work/edk2/Build/OvmfX64/DEBUG_GCC5/X64/MdePkg/Library/DxeCoreHobLib/DxeCoreHobLib/OUTPUT/DxeCoreHobLib.lib
/home/mcw/MCW/Dell/EDK2/git/D-work/edk2/Build/OvmfX64/DEBUG_GCC5/X64/MdePkg/Library/BaseSynchronizationLib/BaseSynchronizationLib/OUTPUT/BaseSynchronizationLib.lib
/home/mcw/MCW/Dell/EDK2/git/D-work/edk2/Build/OvmfX64/DEBUG_GCC5/X64/PcAtChipsetPkg/Library/SerialIoLib/SerialIoLib/OUTPUT/PcAtSerialPortLib.lib
/home/mcw/MCW/Dell/EDK2/git/D-work/edk2/Build/OvmfX64/DEBUG_GCC5/X64/MdePkg/Library/BasePeCoffGetEntryPointLib/BasePeCoffGetEntryPointLib/OUTPUT/BasePeCoffGetEntryPointLib.lib
/home/mcw/MCW/Dell/EDK2/git/D-work/edk2/Build/OvmfX64/DEBUG_GCC5/X64/MdePkg/Library/DxeExtractGuidedSectionLib/DxeExtractGuidedSectionLib/OUTPUT/DxeExtractGuidedSectionLib.lib
/home/mcw/MCW/Dell/EDK2/git/D-work/edk2/Build/OvmfX64/DEBUG_GCC5/X64/MdePkg/Library/BaseUefiDecompressLib/BaseUefiDecompressLib/OUTPUT/BaseUefiDecompressLib.lib
/home/mcw/MCW/Dell/EDK2/git/D-work/edk2/Build/OvmfX64/DEBUG_GCC5/X64/MdePkg/Library/BasePerformanceLibNull/BasePerformanceLibNull/OUTPUT/BasePerformanceLibNull.lib
/home/mcw/MCW/Dell/EDK2/git/D-work/edk2/Build/OvmfX64/DEBUG_GCC5/X64/MdePkg/Library/BasePeCoffLib/BasePeCoffLib/OUTPUT/BasePeCoffLib.lib
/home/mcw/MCW/Dell/EDK2/git/D-work/edk2/Build/OvmfX64/DEBUG_GCC5/X64/MdeModulePkg/Library/DxeReportStatusCodeLib/DxeReportStatusCodeLib/OUTPUT/DxeReportStatusCodeLib.lib
/home/mcw/MCW/Dell/EDK2/git/D-work/edk2/Build/OvmfX64/DEBUG_GCC5/X64/MdePkg/Library/DxeServicesLib/DxeServicesLib/OUTPUT/DxeServicesLib.lib
/home/mcw/MCW/Dell/EDK2/git/D-work/edk2/Build/OvmfX64/DEBUG_GCC5/X64/MdeModulePkg/Library/DebugAgentLibNull/DebugAgentLibNull/OUTPUT/DebugAgentLibNull.lib
/home/mcw/MCW/Dell/EDK2/git/D-work/edk2/Build/OvmfX64/DEBUG_GCC5/X64/UefiCpuPkg/Library/CpuExceptionHandlerLib/DxeCpuExceptionHandlerLib/OUTPUT/DxeCpuExceptionHandlerLib.lib
/home/mcw/MCW/Dell/EDK2/git/D-work/edk2/Build/OvmfX64/DEBUG_GCC5/X64/MdeModulePkg/Library/ImagePropertiesRecordLib/ImagePropertiesRecordLib/OUTPUT/ImagePropertiesRecordLib.lib
/home/mcw/MCW/Dell/EDK2/git/D-work/edk2/Build/OvmfX64/DEBUG_GCC5/X64/MdePkg/Library/BaseOrderedCollectionRedBlackTreeLib/BaseOrderedCollectionRedBlackTreeLib/OUTPUT/BaseOrderedCollectionRedBlackTreeLib.lib
/home/mcw/MCW/Dell/EDK2/git/D-work/edk2/Build/OvmfX64/DEBUG_GCC5/X64/MdeModulePkg/Library/LzmaCustomDecompressLib/LzmaCustomDecompressLib/OUTPUT/LzmaDecompressLib.lib