/home/mcw/MCW/Dell/EDK2/git/D-work/edk2/Build/OvmfX64/DEBUG_GCC5/X64/OvmfPkg/Sec/SecMain/OUTPUT/SecMain.lib
/home/mcw/MCW/Dell/EDK2/git/D-work/edk2/Build/OvmfX64/DEBUG_GCC5/X64/MdePkg/Library/PeiServicesTablePointerLibIdt/PeiServicesTablePointerLibIdt/OUTPUT/PeiServicesTablePointerLibIdt.lib
/home/mcw/MCW/Dell/EDK2/git/D-work/edk2/Build/OvmfX64/DEBUG_GCC5/X64/MdePkg/Library/RegisterFilterLibNull/RegisterFilterLibNull/OUTPUT/FilterLibNull.lib
/home/mcw/MCW/Dell/EDK2/git/D-work/edk2/Build/OvmfX64/DEBUG_GCC5/X64/OvmfPkg/Library/AmdSvsmLib/AmdSvsmLib/OUTPUT/AmdSvsmLib.lib
/home/mcw/MCW/Dell/EDK2/git/D-work/edk2/Build/OvmfX64/DEBUG_GCC5/X64/OvmfPkg/Library/CcExitLib/SecCcExitLib/OUTPUT/SecCcExitLib.lib
/home/mcw/MCW/Dell/EDK2/git/D-work/edk2/Build/OvmfX64/DEBUG_GCC5/X64/MdePkg/Library/PeiMemoryAllocationLib/PeiMemoryAllocationLib/OUTPUT/PeiMemoryAllocationLib.lib
/home/mcw/MCW/Dell/EDK2/git/D-work/edk2/Build/OvmfX64/DEBUG_GCC5/X64/MdePkg/Library/TdxLib/TdxLib/OUTPUT/TdxLib.lib
/home/mcw/MCW/Dell/EDK2/git/D-work/edk2/Build/OvmfX64/DEBUG_GCC5/X64/MdePkg/Library/PeiHobLib/PeiHobLib/OUTPUT/PeiHobLib.lib
/home/mcw/MCW/Dell/EDK2/git/D-work/edk2/Build/OvmfX64/DEBUG_GCC5/X64/OvmfPkg/Library/CcProbeLib/SecPeiCcProbeLib/OUTPUT/SecPeiCcProbeLib.lib
/home/mcw/MCW/Dell/EDK2/git/D-work/edk2/Build/OvmfX64/DEBUG_GCC5/X64/OvmfPkg/Library/BaseMemEncryptSevLib/SecMemEncryptSevLib/OUTPUT/SecMemEncryptSevLib.lib
/home/mcw/MCW/Dell/EDK2/git/D-work/edk2/Build/OvmfX64/DEBUG_GCC5/X64/UefiCpuPkg/Library/BaseXApicX2ApicLib/BaseXApicX2ApicLib/OUTPUT/BaseXApicX2ApicLib.lib
/home/mcw/MCW/Dell/EDK2/git/D-work/edk2/Build/OvmfX64/DEBUG_GCC5/X64/MdePkg/Library/BaseIoLibIntrinsic/BaseIoLibIntrinsicSev/OUTPUT/BaseIoLibIntrinsicSev.lib
/home/mcw/MCW/Dell/EDK2/git/D-work/edk2/Build/OvmfX64/DEBUG_GCC5/X64/MdePkg/Library/BaseCpuLib/BaseCpuLib/OUTPUT/BaseCpuLib.lib
/home/mcw/MCW/Dell/EDK2/git/D-work/edk2/Build/OvmfX64/DEBUG_GCC5/X64/MdePkg/Library/BasePcdLibNull/BasePcdLibNull/OUTPUT/BasePcdLibNull.lib
/home/mcw/MCW/Dell/EDK2/git/D-work/edk2/Build/OvmfX64/DEBUG_GCC5/X64/MdePkg/Library/PeiServicesLib/PeiServicesLib/OUTPUT/PeiServicesLib.lib
/home/mcw/MCW/Dell/EDK2/git/D-work/edk2/Build/OvmfX64/DEBUG_GCC5/X64/MdePkg/Library/BaseMemoryLibRepStr/BaseMemoryLibRepStr/OUTPUT/BaseMemoryLibRepStr.lib
/home/mcw/MCW/Dell/EDK2/git/D-work/edk2/Build/OvmfX64/DEBUG_GCC5/X64/MdePkg/Library/BaseLib/BaseLib/OUTPUT/BaseLib.lib
/home/mcw/MCW/Dell/EDK2/git/D-work/edk2/Build/OvmfX64/DEBUG_GCC5/X64/OvmfPkg/Library/MemDebugLogLib/MemDebugLogLibNull/OUTPUT/MemDebugLogLibNull.lib
/home/mcw/MCW/Dell/EDK2/git/D-work/edk2/Build/OvmfX64/DEBUG_GCC5/X64/MdePkg/Library/BaseDebugPrintErrorLevelLib/BaseDebugPrintErrorLevelLib/OUTPUT/BaseDebugPrintErrorLevelLib.lib
/home/mcw/MCW/Dell/EDK2/git/D-work/edk2/Build/OvmfX64/DEBUG_GCC5/X64/MdePkg/Library/BasePrintLib/BasePrintLib/OUTPUT/BasePrintLib.lib
/home/mcw/MCW/Dell/EDK2/git/D-work/edk2/Build/OvmfX64/DEBUG_GCC5/X64/OvmfPkg/Library/PlatformDebugLibIoPort/PlatformRomDebugLibIoPort/OUTPUT/PlatformRomDebugLibIoPort.lib
/home/mcw/MCW/Dell/EDK2/git/D-work/edk2/Build/OvmfX64/DEBUG_GCC5/X64/MdePkg/Library/BasePciCf8Lib/BasePciCf8Lib/OUTPUT/BasePciCf8Lib.lib
/home/mcw/MCW/Dell/EDK2/git/D-work/edk2/Build/OvmfX64/DEBUG_GCC5/X64/MdePkg/Library/BasePciLibCf8/BasePciLibCf8/OUTPUT/BasePciLibCf8.lib
/home/mcw/MCW/Dell/EDK2/git/D-work/edk2/Build/OvmfX64/DEBUG_GCC5/X64/OvmfPkg/Library/AcpiTimerLib/BaseRomAcpiTimerLib/OUTPUT/BaseRomAcpiTimerLib.lib
/home/mcw/MCW/Dell/EDK2/git/D-work/edk2/Build/OvmfX64/DEBUG_GCC5/X64/MdeModulePkg/Library/BaseRngLibTimerLib/BaseRngLibTimerLib/OUTPUT/BaseRngLibTimerLib.lib
/home/mcw/MCW/Dell/EDK2/git/D-work/edk2/Build/OvmfX64/DEBUG_GCC5/X64/CryptoPkg/Library/IntrinsicLib/IntrinsicLib/OUTPUT/BaseIntrinsicLib.lib
/home/mcw/MCW/Dell/EDK2/git/D-work/edk2/Build/OvmfX64/DEBUG_GCC5/X64/CryptoPkg/Library/OpensslLib/OpensslLibCrypto/OUTPUT/OpensslLibCrypto.lib
/home/mcw/MCW/Dell/EDK2/git/D-work/edk2/Build/OvmfX64/DEBUG_GCC5/X64/CryptoPkg/Library/BaseCryptLib/SecCryptLib/OUTPUT/SecCryptLib.lib
/home/mcw/MCW/Dell/EDK2/git/D-work/edk2/Build/OvmfX64/DEBUG_GCC5/X64/MdePkg/Library/BaseSynchronizationLib/BaseSynchronizationLib/OUTPUT/BaseSynchronizationLib.lib
/home/mcw/MCW/Dell/EDK2/git/D-work/edk2/Build/OvmfX64/DEBUG_GCC5/X64/MdeModulePkg/Library/DebugAgentLibNull/DebugAgentLibNull/OUTPUT/DebugAgentLibNull.lib
/home/mcw/MCW/Dell/EDK2/git/D-work/edk2/Build/OvmfX64/DEBUG_GCC5/X64/MdePkg/Library/BaseSafeIntLib/BaseSafeIntLib/OUTPUT/BaseSafeIntLib.lib
/home/mcw/MCW/Dell/EDK2/git/D-work/edk2/Build/OvmfX64/DEBUG_GCC5/X64/MdePkg/Library/BasePeCoffExtraActionLibNull/BasePeCoffExtraActionLibNull/OUTPUT/PeCoffExtraActionLibNull.lib
/home/mcw/MCW/Dell/EDK2/git/D-work/edk2/Build/OvmfX64/DEBUG_GCC5/X64/PcAtChipsetPkg/Library/SerialIoLib/SerialIoLib/OUTPUT/PcAtSerialPortLib.lib
/home/mcw/MCW/Dell/EDK2/git/D-work/edk2/Build/OvmfX64/DEBUG_GCC5/X64/MdePkg/Library/BasePeCoffGetEntryPointLib/BasePeCoffGetEntryPointLib/OUTPUT/BasePeCoffGetEntryPointLib.lib
/home/mcw/MCW/Dell/EDK2/git/D-work/edk2/Build/OvmfX64/DEBUG_GCC5/X64/MdePkg/Library/BaseExtractGuidedSectionLib/BaseExtractGuidedSectionLib/OUTPUT/BaseExtractGuidedSectionLib.lib
/home/mcw/MCW/Dell/EDK2/git/D-work/edk2/Build/OvmfX64/DEBUG_GCC5/X64/OvmfPkg/IntelTdx/TdxMeasurementLib/SecPeiTdxMeasurementLib/OUTPUT/SecPeiTdxMeasurementLib.lib
/home/mcw/MCW/Dell/EDK2/git/D-work/edk2/Build/OvmfX64/DEBUG_GCC5/X64/OvmfPkg/Library/TdxMailboxLib/TdxMailboxLib/OUTPUT/TdxMailboxLib.lib
/home/mcw/MCW/Dell/EDK2/git/D-work/edk2/Build/OvmfX64/DEBUG_GCC5/X64/MdePkg/Library/BasePeCoffLib/BasePeCoffLib/OUTPUT/BasePeCoffLib.lib
/home/mcw/MCW/Dell/EDK2/git/D-work/edk2/Build/OvmfX64/DEBUG_GCC5/X64/UefiCpuPkg/Library/CpuExceptionHandlerLib/SecPeiCpuExceptionHandlerLib/OUTPUT/SecPeiCpuExceptionHandlerLib.lib
/home/mcw/MCW/Dell/EDK2/git/D-work/edk2/Build/OvmfX64/DEBUG_GCC5/X64/UefiCpuPkg/Library/CpuPageTableLib/CpuPageTableLib/OUTPUT/CpuPageTableLib.lib
/home/mcw/MCW/Dell/EDK2/git/D-work/edk2/Build/OvmfX64/DEBUG_GCC5/X64/MdePkg/Library/StackCheckLibNull/StackCheckLibNull/OUTPUT/StackCheckLibNull.lib
/home/mcw/MCW/Dell/EDK2/git/D-work/edk2/Build/OvmfX64/DEBUG_GCC5/X64/MdeModulePkg/Library/LzmaCustomDecompressLib/LzmaCustomDecompressLib/OUTPUT/LzmaDecompressLib.lib
/home/mcw/MCW/Dell/EDK2/git/D-work/edk2/Build/OvmfX64/DEBUG_GCC5/X64/OvmfPkg/IntelTdx/TdxHelperLib/SecTdxHelperLib/OUTPUT/SecTdxHelperLib.lib