/home/mcw/MCW/Dell/EDK2/edk2/Build/OvmfX64/RELEASE_GCC5/X64/MdeModulePkg/Core/DxeIplPeim/DxeIpl/OUTPUT/DxeIpl.lib
/home/mcw/MCW/Dell/EDK2/edk2/Build/OvmfX64/RELEASE_GCC5/X64/MdePkg/Library/RegisterFilterLibNull/RegisterFilterLibNull/OUTPUT/FilterLibNull.lib
/home/mcw/MCW/Dell/EDK2/edk2/Build/OvmfX64/RELEASE_GCC5/X64/MdePkg/Library/PeiServicesTablePointerLibIdt/PeiServicesTablePointerLibIdt/OUTPUT/PeiServicesTablePointerLibIdt.lib
/home/mcw/MCW/Dell/EDK2/edk2/Build/OvmfX64/RELEASE_GCC5/X64/MdePkg/Library/BaseLib/BaseLib/OUTPUT/BaseLib.lib
/home/mcw/MCW/Dell/EDK2/edk2/Build/OvmfX64/RELEASE_GCC5/X64/MdePkg/Library/PeiHobLib/PeiHobLib/OUTPUT/PeiHobLib.lib
/home/mcw/MCW/Dell/EDK2/edk2/Build/OvmfX64/RELEASE_GCC5/X64/MdePkg/Library/PeiServicesLib/PeiServicesLib/OUTPUT/PeiServicesLib.lib
/home/mcw/MCW/Dell/EDK2/edk2/Build/OvmfX64/RELEASE_GCC5/X64/MdePkg/Library/BaseMemoryLibRepStr/BaseMemoryLibRepStr/OUTPUT/BaseMemoryLibRepStr.lib
/home/mcw/MCW/Dell/EDK2/edk2/Build/OvmfX64/RELEASE_GCC5/X64/MdePkg/Library/PeiMemoryAllocationLib/PeiMemoryAllocationLib/OUTPUT/PeiMemoryAllocationLib.lib
/home/mcw/MCW/Dell/EDK2/edk2/Build/OvmfX64/RELEASE_GCC5/X64/MdePkg/Library/PeiPcdLib/PeiPcdLib/OUTPUT/PeiPcdLib.lib
/home/mcw/MCW/Dell/EDK2/edk2/Build/OvmfX64/RELEASE_GCC5/X64/MdePkg/Library/TdxLib/TdxLib/OUTPUT/TdxLib.lib
/home/mcw/MCW/Dell/EDK2/edk2/Build/OvmfX64/RELEASE_GCC5/X64/OvmfPkg/Library/CcProbeLib/SecPeiCcProbeLib/OUTPUT/SecPeiCcProbeLib.lib
/home/mcw/MCW/Dell/EDK2/edk2/Build/OvmfX64/RELEASE_GCC5/X64/OvmfPkg/Library/MemDebugLogLib/MemDebugLogLibNull/OUTPUT/MemDebugLogLibNull.lib
/home/mcw/MCW/Dell/EDK2/edk2/Build/OvmfX64/RELEASE_GCC5/X64/MdePkg/Library/BaseDebugPrintErrorLevelLib/BaseDebugPrintErrorLevelLib/OUTPUT/BaseDebugPrintErrorLevelLib.lib
/home/mcw/MCW/Dell/EDK2/edk2/Build/OvmfX64/RELEASE_GCC5/X64/MdePkg/Library/BasePrintLib/BasePrintLib/OUTPUT/BasePrintLib.lib
/home/mcw/MCW/Dell/EDK2/edk2/Build/OvmfX64/RELEASE_GCC5/X64/MdePkg/Library/BaseIoLibIntrinsic/BaseIoLibIntrinsicSev/OUTPUT/BaseIoLibIntrinsicSev.lib
/home/mcw/MCW/Dell/EDK2/edk2/Build/OvmfX64/RELEASE_GCC5/X64/OvmfPkg/Library/PlatformDebugLibIoPort/PlatformRomDebugLibIoPort/OUTPUT/PlatformRomDebugLibIoPort.lib
/home/mcw/MCW/Dell/EDK2/edk2/Build/OvmfX64/RELEASE_GCC5/X64/MdeModulePkg/Library/OemHookStatusCodeLibNull/OemHookStatusCodeLibNull/OUTPUT/OemHookStatusCodeLibNull.lib
/home/mcw/MCW/Dell/EDK2/edk2/Build/OvmfX64/RELEASE_GCC5/X64/MdePkg/Library/StackCheckLibNull/StackCheckLibNull/OUTPUT/StackCheckLibNull.lib
/home/mcw/MCW/Dell/EDK2/edk2/Build/OvmfX64/RELEASE_GCC5/X64/MdePkg/Library/PeiExtractGuidedSectionLib/PeiExtractGuidedSectionLib/OUTPUT/PeiExtractGuidedSectionLib.lib
/home/mcw/MCW/Dell/EDK2/edk2/Build/OvmfX64/RELEASE_GCC5/X64/MdePkg/Library/BaseUefiDecompressLib/BaseUefiDecompressLib/OUTPUT/BaseUefiDecompressLib.lib
/home/mcw/MCW/Dell/EDK2/edk2/Build/OvmfX64/RELEASE_GCC5/X64/MdeModulePkg/Library/PeiReportStatusCodeLib/PeiReportStatusCodeLib/OUTPUT/PeiReportStatusCodeLib.lib
/home/mcw/MCW/Dell/EDK2/edk2/Build/OvmfX64/RELEASE_GCC5/X64/MdePkg/Library/PeimEntryPoint/PeimEntryPoint/OUTPUT/PeimEntryPoint.lib
/home/mcw/MCW/Dell/EDK2/edk2/Build/OvmfX64/RELEASE_GCC5/X64/MdeModulePkg/Library/DebugAgentLibNull/DebugAgentLibNull/OUTPUT/DebugAgentLibNull.lib
/home/mcw/MCW/Dell/EDK2/edk2/Build/OvmfX64/RELEASE_GCC5/X64/MdePkg/Library/BasePerformanceLibNull/BasePerformanceLibNull/OUTPUT/BasePerformanceLibNull.lib