Archive member included to satisfy reference by file (symbol)

/home/mcw/MCW/Dell/EDK2/edk2/Build/OvmfX64/DEBUG_GCC5/X64/OvmfPkg/QemuFlashFvbServicesRuntimeDxe/FvbServicesRuntimeDxe/OUTPUT/FvbServicesRuntimeDxe.lib(FvbInfo.obj)
                              (--whole-archive)
/home/mcw/MCW/Dell/EDK2/edk2/Build/OvmfX64/DEBUG_GCC5/X64/OvmfPkg/QemuFlashFvbServicesRuntimeDxe/FvbServicesRuntimeDxe/OUTPUT/FvbServicesRuntimeDxe.lib(FwBlockService.obj)
                              (--whole-archive)
/home/mcw/MCW/Dell/EDK2/edk2/Build/OvmfX64/DEBUG_GCC5/X64/OvmfPkg/QemuFlashFvbServicesRuntimeDxe/FvbServicesRuntimeDxe/OUTPUT/FvbServicesRuntimeDxe.lib(FwBlockServiceDxe.obj)
                              (--whole-archive)
/home/mcw/MCW/Dell/EDK2/edk2/Build/OvmfX64/DEBUG_GCC5/X64/OvmfPkg/QemuFlashFvbServicesRuntimeDxe/FvbServicesRuntimeDxe/OUTPUT/FvbServicesRuntimeDxe.lib(QemuFlash.obj)
                              (--whole-archive)
/home/mcw/MCW/Dell/EDK2/edk2/Build/OvmfX64/DEBUG_GCC5/X64/OvmfPkg/QemuFlashFvbServicesRuntimeDxe/FvbServicesRuntimeDxe/OUTPUT/FvbServicesRuntimeDxe.lib(QemuFlashDxe.obj)
                              (--whole-archive)
/home/mcw/MCW/Dell/EDK2/edk2/Build/OvmfX64/DEBUG_GCC5/X64/OvmfPkg/QemuFlashFvbServicesRuntimeDxe/FvbServicesRuntimeDxe/OUTPUT/FvbServicesRuntimeDxe.lib(AutoGen.obj)
                              (--whole-archive)
/home/mcw/MCW/Dell/EDK2/edk2/Build/OvmfX64/DEBUG_GCC5/X64/MdePkg/Library/BaseCacheMaintenanceLib/BaseCacheMaintenanceLib/OUTPUT/BaseCacheMaintenanceLib.lib(X86Cache.obj)
                              (--whole-archive)
/home/mcw/MCW/Dell/EDK2/edk2/Build/OvmfX64/DEBUG_GCC5/X64/MdePkg/Library/TdxLib/TdxLib/OUTPUT/TdxLib.lib(AcceptPages.obj)
                              (--whole-archive)
/home/mcw/MCW/Dell/EDK2/edk2/Build/OvmfX64/DEBUG_GCC5/X64/MdePkg/Library/TdxLib/TdxLib/OUTPUT/TdxLib.lib(Rtmr.obj)
                              (--whole-archive)
/home/mcw/MCW/Dell/EDK2/edk2/Build/OvmfX64/DEBUG_GCC5/X64/MdePkg/Library/TdxLib/TdxLib/OUTPUT/TdxLib.lib(TdInfo.obj)
                              (--whole-archive)
/home/mcw/MCW/Dell/EDK2/edk2/Build/OvmfX64/DEBUG_GCC5/X64/MdePkg/Library/RegisterFilterLibNull/RegisterFilterLibNull/OUTPUT/FilterLibNull.lib(RegisterFilterLibNull.obj)
                              (--whole-archive)
/home/mcw/MCW/Dell/EDK2/edk2/Build/OvmfX64/DEBUG_GCC5/X64/MdePkg/Library/BaseCpuLib/BaseCpuLib/OUTPUT/BaseCpuLib.lib(X86BaseCpuLib.obj)
                              (--whole-archive)
/home/mcw/MCW/Dell/EDK2/edk2/Build/OvmfX64/DEBUG_GCC5/X64/MdePkg/Library/BaseCpuLib/BaseCpuLib/OUTPUT/BaseCpuLib.lib(X86CpuFlushTlb.obj)
                              (--whole-archive)
/home/mcw/MCW/Dell/EDK2/edk2/Build/OvmfX64/DEBUG_GCC5/X64/MdePkg/Library/BaseCpuLib/BaseCpuLib/OUTPUT/BaseCpuLib.lib(CpuSleep.obj)
                              (--whole-archive)
/home/mcw/MCW/Dell/EDK2/edk2/Build/OvmfX64/DEBUG_GCC5/X64/MdePkg/Library/BaseCpuLib/BaseCpuLib/OUTPUT/BaseCpuLib.lib(InitializeFpu.obj)
                              (--whole-archive)
/home/mcw/MCW/Dell/EDK2/edk2/Build/OvmfX64/DEBUG_GCC5/X64/MdePkg/Library/BaseIoLibIntrinsic/BaseIoLibIntrinsicSev/OUTPUT/BaseIoLibIntrinsicSev.lib(IoLibMmioBuffer.obj)
                              (--whole-archive)
/home/mcw/MCW/Dell/EDK2/edk2/Build/OvmfX64/DEBUG_GCC5/X64/MdePkg/Library/BaseIoLibIntrinsic/BaseIoLibIntrinsicSev/OUTPUT/BaseIoLibIntrinsicSev.lib(IoHighLevel.obj)
                              (--whole-archive)
/home/mcw/MCW/Dell/EDK2/edk2/Build/OvmfX64/DEBUG_GCC5/X64/MdePkg/Library/BaseIoLibIntrinsic/BaseIoLibIntrinsicSev/OUTPUT/BaseIoLibIntrinsicSev.lib(IoLibGcc.obj)
                              (--whole-archive)
/home/mcw/MCW/Dell/EDK2/edk2/Build/OvmfX64/DEBUG_GCC5/X64/MdePkg/Library/BaseIoLibIntrinsic/BaseIoLibIntrinsicSev/OUTPUT/BaseIoLibIntrinsicSev.lib(IoLib.obj)
                              (--whole-archive)
/home/mcw/MCW/Dell/EDK2/edk2/Build/OvmfX64/DEBUG_GCC5/X64/MdePkg/Library/BaseIoLibIntrinsic/BaseIoLibIntrinsicSev/OUTPUT/BaseIoLibIntrinsicSev.lib(IoLibInternalTdx.obj)
                              (--whole-archive)
/home/mcw/MCW/Dell/EDK2/edk2/Build/OvmfX64/DEBUG_GCC5/X64/MdePkg/Library/BaseIoLibIntrinsic/BaseIoLibIntrinsicSev/OUTPUT/BaseIoLibIntrinsicSev.lib(IoLibFifoCc.obj)
                              (--whole-archive)
/home/mcw/MCW/Dell/EDK2/edk2/Build/OvmfX64/DEBUG_GCC5/X64/MdePkg/Library/BaseIoLibIntrinsic/BaseIoLibIntrinsicSev/OUTPUT/BaseIoLibIntrinsicSev.lib(IoFifoSev.obj)
                              (--whole-archive)
/home/mcw/MCW/Dell/EDK2/edk2/Build/OvmfX64/DEBUG_GCC5/X64/OvmfPkg/Library/AmdSvsmLib/AmdSvsmLib/OUTPUT/AmdSvsmLib.lib(AmdSvsmLib.obj)
                              (--whole-archive)
/home/mcw/MCW/Dell/EDK2/edk2/Build/OvmfX64/DEBUG_GCC5/X64/UefiCpuPkg/Library/BaseXApicX2ApicLib/BaseXApicX2ApicLib/OUTPUT/BaseXApicX2ApicLib.lib(BaseXApicX2ApicLib.obj)
                              (--whole-archive)
[...]
Memory Configuration

Name             Origin             Length             Attributes
*default*        0x0000000000000000 0xffffffffffffffff

Linker script and memory map

START GROUP
LOAD /tmp/cczPYqM4.ltrans0.ltrans.o
LOAD /tmp/ccDXYEzT.debug.temp.o
LOAD /tmp/ccPTCraP.debug.temp.o
LOAD /tmp/ccDE4Vv4.debug.temp.o
LOAD /tmp/ccwt8mmX.debug.temp.o
LOAD /tmp/ccrclXQd.debug.temp.o
LOAD /tmp/cc0Ls8Vh.debug.temp.o
LOAD /tmp/ccSE5hkG.debug.temp.o
LOAD /tmp/ccol0iqr.debug.temp.o
LOAD /tmp/cczMmxFS.debug.temp.o
LOAD /tmp/ccId6Qbc.debug.temp.o
LOAD /tmp/cc9BMcKv.debug.temp.o
LOAD /tmp/ccPY9hIw.debug.temp.o
LOAD /tmp/cchVG3KU.debug.temp.o
LOAD /tmp/ccfPytw6.debug.temp.o
LOAD /tmp/cchujrMI.debug.temp.o
LOAD /tmp/ccaApZpY.debug.temp.o
LOAD /tmp/ccPZtM1C.debug.temp.o
LOAD /tmp/ccV3VNCx.debug.temp.o
LOAD /tmp/ccCOyYcn.debug.temp.o
LOAD /tmp/ccCpCYlg.debug.temp.o
LOAD /tmp/ccgJWChj.debug.temp.o
LOAD /tmp/ccOfso1H.debug.temp.o
LOAD /tmp/ccv1b0Sx.debug.temp.o
LOAD /tmp/ccJji8Mf.debug.temp.o
LOAD /tmp/ccDDy4Vq.debug.temp.o
LOAD /tmp/ccmwvWMH.debug.temp.o
LOAD /tmp/ccQ1TysF.debug.temp.o
LOAD /tmp/ccvyfk8G.debug.temp.o
LOAD /tmp/ccLqOV1C.debug.temp.o
LOAD /tmp/ccd8shS1.debug.temp.o
LOAD /tmp/cc2ao2MK.debug.temp.o
LOAD /tmp/ccHWJWEm.debug.temp.o
LOAD /tmp/cccpdqXM.debug.temp.o
LOAD /tmp/ccllXnei.debug.temp.o
LOAD /tmp/ccPvDBiN.debug.temp.o
LOAD /tmp/ccTDal7f.debug.temp.o
LOAD /tmp/ccqjxXsX.debug.temp.o
LOAD /tmp/ccinP2Dz.debug.temp.o
LOAD /tmp/cchC03mm.debug.temp.o
LOAD /tmp/ccM8SwMY.debug.temp.o
LOAD /tmp/ccmWhIhr.debug.temp.o
LOAD /tmp/ccIDaETu.debug.temp.o
LOAD /tmp/ccoCX2qc.debug.temp.o
LOAD /tmp/cczNFcmJ.debug.temp.o
LOAD /tmp/ccf3bQeS.debug.temp.o
LOAD /tmp/cclls35i.debug.temp.o
LOAD /tmp/ccrP12wB.debug.temp.o
LOAD /tmp/cc5UoniT.debug.temp.o
LOAD /tmp/ccMQsxyF.debug.temp.o
LOAD /tmp/ccQjCibC.debug.temp.o
LOAD /tmp/ccfusXuD.debug.temp.o
LOAD /tmp/cc9DlFxI.debug.temp.o
LOAD /tmp/cc8XV7wu.debug.temp.o
LOAD /tmp/ccdw3Auf.debug.temp.o
LOAD /tmp/cchCVnUV.debug.temp.o
LOAD /tmp/ccUcQfKb.debug.temp.o
LOAD /tmp/ccxFOeSh.debug.temp.o
LOAD /tmp/ccsa3Gsi.debug.temp.o
LOAD /tmp/ccJMr5kU.debug.temp.o
LOAD /tmp/ccAv1tZj.debug.temp.o
LOAD /tmp/cctNjwf6.debug.temp.o
LOAD /tmp/ccOI8Rg2.debug.temp.o
LOAD /tmp/ccnwBUX1.debug.temp.o
LOAD /tmp/ccHjU93u.debug.temp.o
LOAD /tmp/cc5eC5vc.debug.temp.o
LOAD /tmp/ccZE3PWv.debug.temp.o
LOAD /tmp/ccCS3lWk.debug.temp.o
LOAD /tmp/cc0yUOJG.debug.temp.o
LOAD /tmp/ccHdP78a.debug.temp.o
LOAD /tmp/ccuU4vhW.debug.temp.o
LOAD /tmp/ccCblphD.debug.temp.o
LOAD /tmp/ccfYYVmg.debug.temp.o
LOAD /tmp/ccDUWMuB.debug.temp.o
LOAD /tmp/ccxtjxIH.debug.temp.o
LOAD /tmp/ccZu3FYj.debug.temp.o
LOAD /tmp/ccczfKl3.debug.temp.o
LOAD /tmp/ccjQlgXA.debug.temp.o
LOAD /tmp/ccJJlSoo.debug.temp.o
LOAD /tmp/ccMEM0TS.debug.temp.o
LOAD /tmp/ccIORU4I.debug.temp.o
LOAD /tmp/ccODtLcd.debug.temp.o
LOAD /tmp/ccUMshjD.debug.temp.o
LOAD /tmp/ccB0gzvy.debug.temp.o
LOAD /tmp/ccJXoxcz.debug.temp.o
LOAD /tmp/ccpAgpfv.debug.temp.o
LOAD /tmp/cc5lHSdo.debug.temp.o
LOAD /tmp/ccUdFC1X.debug.temp.o
LOAD /tmp/ccGtapsF.debug.temp.o
LOAD /tmp/ccZSPPAN.debug.temp.o
LOAD /tmp/ccHzoTva.debug.temp.o
LOAD /tmp/ccX8v9Gq.debug.temp.o
LOAD /tmp/cc6ASqjk.debug.temp.o
LOAD /tmp/cc6bPOxK.debug.temp.o
LOAD /tmp/ccHwjaBg.debug.temp.o
LOAD /tmp/ccqFnLJg.debug.temp.o
LOAD /tmp/ccodQAJz.debug.temp.o
LOAD /tmp/ccI004dl.debug.temp.o
LOAD /tmp/ccFXkUrG.debug.temp.o
LOAD /tmp/ccr8KEWT.debug.temp.o
LOAD /tmp/ccRL6eNm.debug.temp.o
LOAD /tmp/cczxjlgB.debug.temp.o
LOAD /tmp/cc5sO586.debug.temp.o
LOAD /tmp/ccfGobe1.debug.temp.o
LOAD /tmp/ccGI5BN5.debug.temp.o
LOAD /tmp/ccHHh5Dk.debug.temp.o
LOAD /tmp/ccaLmY6H.debug.temp.o
LOAD /tmp/ccMXDeDf.debug.temp.o
LOAD /tmp/ccr0gvLC.debug.temp.o
LOAD /tmp/ccWhIV8y.debug.temp.o
LOAD /tmp/ccNVcQk5.debug.temp.o
LOAD /tmp/ccB9hCeD.debug.temp.o
LOAD /tmp/ccoPNe9P.debug.temp.o
LOAD /tmp/cc1i5rGt.debug.temp.o
LOAD /tmp/cc5JU98o.debug.temp.o
LOAD /tmp/ccrMoC4D.debug.temp.o
LOAD /tmp/ccHMfvFl.debug.temp.o
LOAD /tmp/ccQAFbv1.debug.temp.o
LOAD /tmp/ccSywPkg.debug.temp.o
LOAD /tmp/ccU3rFaf.debug.temp.o
LOAD /tmp/ccRPOye0.debug.temp.o
LOAD /tmp/ccP2mY5W.debug.temp.o
LOAD /tmp/ccagbSqa.debug.temp.o
LOAD /tmp/cckvXzV4.debug.temp.o
LOAD /tmp/ccQjfOzL.debug.temp.o
LOAD /tmp/cctY1bpD.debug.temp.o
LOAD /tmp/ccvs4xVC.debug.temp.o
LOAD /tmp/ccVMLiS9.debug.temp.o
LOAD /tmp/cc8oiIIG.debug.temp.o
LOAD /tmp/ccKtivwc.debug.temp.o
LOAD /tmp/ccHB1oBR.debug.temp.o
LOAD /tmp/ccCZ3fTz.debug.temp.o
LOAD /tmp/ccTeqVee.debug.temp.o
LOAD /tmp/cceyASg5.debug.temp.o
LOAD /tmp/ccQQvbCL.debug.temp.o
LOAD /tmp/cc8kmCdM.debug.temp.o
LOAD /home/mcw/MCW/Dell/EDK2/edk2/Build/OvmfX64/DEBUG_GCC5/X64/OvmfPkg/QemuFlashFvbServicesRuntimeDxe/FvbServicesRuntimeDxe/OUTPUT/FvbServicesRuntimeDxe.lib
LOAD /home/mcw/MCW/Dell/EDK2/edk2/Build/OvmfX64/DEBUG_GCC5/X64/MdePkg/Library/BaseCacheMaintenanceLib/BaseCacheMaintenanceLib/OUTPUT/BaseCacheMaintenanceLib.lib
LOAD /home/mcw/MCW/Dell/EDK2/edk2/Build/OvmfX64/DEBUG_GCC5/X64/MdePkg/Library/TdxLib/TdxLib/OUTPUT/TdxLib.lib
LOAD /home/mcw/MCW/Dell/EDK2/edk2/Build/OvmfX64/DEBUG_GCC5/X64/MdePkg/Library/RegisterFilterLibNull/RegisterFilterLibNull/OUTPUT/FilterLibNull.lib
LOAD /home/mcw/MCW/Dell/EDK2/edk2/Build/OvmfX64/DEBUG_GCC5/X64/MdePkg/Library/BaseCpuLib/BaseCpuLib/OUTPUT/BaseCpuLib.lib
LOAD /home/mcw/MCW/Dell/EDK2/edk2/Build/OvmfX64/DEBUG_GCC5/X64/MdePkg/Library/BaseIoLibIntrinsic/BaseIoLibIntrinsicSev/OUTPUT/BaseIoLibIntrinsicSev.lib
LOAD /home/mcw/MCW/Dell/EDK2/edk2/Build/OvmfX64/DEBUG_GCC5/X64/OvmfPkg/Library/AmdSvsmLib/AmdSvsmLib/OUTPUT/AmdSvsmLib.lib
LOAD /home/mcw/MCW/Dell/EDK2/edk2/Build/OvmfX64/DEBUG_GCC5/X64/UefiCpuPkg/Library/BaseXApicX2ApicLib/BaseXApicX2ApicLib/OUTPUT/BaseXApicX2ApicLib.lib
LOAD /home/mcw/MCW/Dell/EDK2/edk2/Build/OvmfX64/DEBUG_GCC5/X64/OvmfPkg/Library/CcExitLib/CcExitLib/OUTPUT/CcExitLib.lib
LOAD /home/mcw/MCW/Dell/EDK2/edk2/Build/OvmfX64/DEBUG_GCC5/X64/MdePkg/Library/DxePcdLib/DxePcdLib/OUTPUT/DxePcdLib.lib
LOAD /home/mcw/MCW/Dell/EDK2/edk2/Build/OvmfX64/DEBUG_GCC5/X64/MdePkg/Library/UefiMemoryAllocationLib/UefiMemoryAllocationLib/OUTPUT/UefiMemoryAllocationLib.lib
LOAD /home/mcw/MCW/Dell/EDK2/edk2/Build/OvmfX64/DEBUG_GCC5/X64/OvmfPkg/Library/BaseMemEncryptSevLib/DxeMemEncryptSevLib/OUTPUT/DxeMemEncryptSevLib.lib
LOAD /home/mcw/MCW/Dell/EDK2/edk2/Build/OvmfX64/DEBUG_GCC5/X64/MdePkg/Library/BaseMemoryLibRepStr/BaseMemoryLibRepStr/OUTPUT/BaseMemoryLibRepStr.lib
LOAD /home/mcw/MCW/Dell/EDK2/edk2/Build/OvmfX64/DEBUG_GCC5/X64/MdePkg/Library/BaseLib/BaseLib/OUTPUT/BaseLib.lib
LOAD /home/mcw/MCW/Dell/EDK2/edk2/Build/OvmfX64/DEBUG_GCC5/X64/OvmfPkg/Library/MemDebugLogLib/MemDebugLogLibNull/OUTPUT/MemDebugLogLibNull.lib
LOAD /home/mcw/MCW/Dell/EDK2/edk2/Build/OvmfX64/DEBUG_GCC5/X64/MdePkg/Library/BaseDebugPrintErrorLevelLib/BaseDebugPrintErrorLevelLib/OUTPUT/BaseDebugPrintErrorLevelLib.lib
LOAD /home/mcw/MCW/Dell/EDK2/edk2/Build/OvmfX64/DEBUG_GCC5/X64/MdePkg/Library/BasePrintLib/BasePrintLib/OUTPUT/BasePrintLib.lib
LOAD /home/mcw/MCW/Dell/EDK2/edk2/Build/OvmfX64/DEBUG_GCC5/X64/OvmfPkg/Library/PlatformDebugLibIoPort/PlatformDebugLibIoPort/OUTPUT/PlatformDebugLibIoPort.lib
LOAD /home/mcw/MCW/Dell/EDK2/edk2/Build/OvmfX64/DEBUG_GCC5/X64/OvmfPkg/Library/CcProbeLib/DxeCcProbeLib/OUTPUT/DxeCcProbeLib.lib
LOAD /home/mcw/MCW/Dell/EDK2/edk2/Build/OvmfX64/DEBUG_GCC5/X64/MdePkg/Library/UefiBootServicesTableLib/UefiBootServicesTableLib/OUTPUT/UefiBootServicesTableLib.lib
LOAD /home/mcw/MCW/Dell/EDK2/edk2/Build/OvmfX64/DEBUG_GCC5/X64/MdePkg/Library/UefiRuntimeServicesTableLib/UefiRuntimeServicesTableLib/OUTPUT/UefiRuntimeServicesTableLib.lib
LOAD /home/mcw/MCW/Dell/EDK2/edk2/Build/OvmfX64/DEBUG_GCC5/X64/MdePkg/Library/UefiDevicePathLibDevicePathProtocol/UefiDevicePathLibDevicePathProtocol/OUTPUT/UefiDevicePathLibDevicePathProtocol.lib
LOAD /home/mcw/MCW/Dell/EDK2/edk2/Build/OvmfX64/DEBUG_GCC5/X64/MdePkg/Library/UefiLib/UefiLib/OUTPUT/UefiLib.lib
LOAD /home/mcw/MCW/Dell/EDK2/edk2/Build/OvmfX64/DEBUG_GCC5/X64/MdePkg/Library/BasePciExpressLib/BasePciExpressLib/OUTPUT/BasePciExpressLib.lib
LOAD /home/mcw/MCW/Dell/EDK2/edk2/Build/OvmfX64/DEBUG_GCC5/X64/MdePkg/Library/BasePciCf8Lib/BasePciCf8Lib/OUTPUT/BasePciCf8Lib.lib
LOAD /home/mcw/MCW/Dell/EDK2/edk2/Build/OvmfX64/DEBUG_GCC5/X64/MdePkg/Library/DxeHobLib/DxeHobLib/OUTPUT/DxeHobLib.lib
LOAD /home/mcw/MCW/Dell/EDK2/edk2/Build/OvmfX64/DEBUG_GCC5/X64/OvmfPkg/Library/DxePciLibI440FxQ35/DxePciLibI440FxQ35/OUTPUT/DxePciLibI440FxQ35.lib
LOAD /home/mcw/MCW/Dell/EDK2/edk2/Build/OvmfX64/DEBUG_GCC5/X64/OvmfPkg/Library/AcpiTimerLib/DxeAcpiTimerLib/OUTPUT/DxeAcpiTimerLib.lib
LOAD /home/mcw/MCW/Dell/EDK2/edk2/Build/OvmfX64/DEBUG_GCC5/X64/MdePkg/Library/StackCheckLibNull/StackCheckLibNull/OUTPUT/StackCheckLibNull.lib
LOAD /home/mcw/MCW/Dell/EDK2/edk2/Build/OvmfX64/DEBUG_GCC5/X64/MdePkg/Library/DxeServicesTableLib/DxeServicesTableLib/OUTPUT/DxeServicesTableLib.lib
LOAD /home/mcw/MCW/Dell/EDK2/edk2/Build/OvmfX64/DEBUG_GCC5/X64/MdePkg/Library/UefiDriverEntryPoint/UefiDriverEntryPoint/OUTPUT/UefiDriverEntryPoint.lib
LOAD /home/mcw/MCW/Dell/EDK2/edk2/Build/OvmfX64/DEBUG_GCC5/X64/MdePkg/Library/UefiRuntimeLib/UefiRuntimeLib/OUTPUT/UefiRuntimeLib.lib
END GROUP
                0x0000000000000228                PECOFF_HEADER_SIZE = 0x228
                0x0000000000000228                . = PECOFF_HEADER_SIZE

.text           0x0000000000001000     0x5270
 *(.entry)
 *(.text .text.* .stub .gnu.linkonce.t.*)
 .text.GetFvbInstance
                0x0000000000001000       0x37 /tmp/cczPYqM4.ltrans0.ltrans.o
 .text.InternalAllocatePool
                0x0000000000001037       0x32 /tmp/cczPYqM4.ltrans0.ltrans.o
 .text.CpuDeadLoop
                0x0000000000001069       0x29 /tmp/cczPYqM4.ltrans0.ltrans.o
 .text.AsciiStrnLenS
                0x0000000000001092       0x26 /tmp/cczPYqM4.ltrans0.ltrans.o
 .text.BasePrintLibFillBuffer
                0x00000000000010b8       0x2d /tmp/cczPYqM4.ltrans0.ltrans.o
 .text.DebugPrintEnabled
                0x00000000000010e5        0x3 /tmp/cczPYqM4.ltrans0.ltrans.o
 .text.ReadCcGuestType
                0x00000000000010e8       0x24 /tmp/cczPYqM4.ltrans0.ltrans.o
 .text.RuntimeLibExitBootServicesEvent
                0x000000000000110c        0x5 /tmp/cczPYqM4.ltrans0.ltrans.o
 .text.EfiConvertPointer.constprop.0
                0x0000000000001111        0xf /tmp/cczPYqM4.ltrans0.ltrans.o
 .text.RuntimeLibVirtualNotifyEvent
                0x0000000000001120       0x12 /tmp/cczPYqM4.ltrans0.ltrans.o
 .text.AsmReadMsr64.constprop.0
                0x0000000000001132       0x11 /tmp/cczPYqM4.ltrans0.ltrans.o
 .text.PlatformDebugLibIoPortFound
                0x0000000000001143       0xa3 /tmp/cczPYqM4.ltrans0.ltrans.o
 .text.IoWriteFifo8
                0x00000000000011e6       0x96 /tmp/cczPYqM4.ltrans0.ltrans.o
 .text.IoWrite32.constprop.0
                0x000000000000127c       0x84 /tmp/cczPYqM4.ltrans0.ltrans.o
 .text.BasePrintLibSPrintMarker.constprop.0
                0x0000000000001300      0xad7 /tmp/cczPYqM4.ltrans0.ltrans.o
 .text.AsciiSPrint.constprop.0
                0x0000000000001dd7       0x30 /tmp/cczPYqM4.ltrans0.ltrans.o
 .text.DebugAssert
                0x0000000000001e07       0x63 /tmp/cczPYqM4.ltrans0.ltrans.o
 .text.IoRead32
                0x0000000000001e6a       0x73 /tmp/cczPYqM4.ltrans0.ltrans.o
 .text.CcExitVmgExit
                0x0000000000001edd       0xab /tmp/cczPYqM4.ltrans0.ltrans.o
 .text.CalculateSum16
                0x0000000000001f88       0xad /tmp/cczPYqM4.ltrans0.ltrans.o
 .text.GetFvbInfo
                0x0000000000002035       0x72 /tmp/cczPYqM4.ltrans0.ltrans.o
 .text.ReadUnaligned16
                0x00000000000020a7        0x4 /tmp/cczPYqM4.ltrans0.ltrans.o
 .text.ReadUnaligned64
                0x00000000000020ab       0x33 /tmp/cczPYqM4.ltrans0.ltrans.o
 .text.CompareGuid
                0x00000000000020de       0x57 /tmp/cczPYqM4.ltrans0.ltrans.o
 .text.WriteUnaligned64
                0x0000000000002135        0x7 /tmp/cczPYqM4.ltrans0.ltrans.o
 .text.EfiGetSystemConfigurationTable
                0x000000000000213c       0x6e /tmp/cczPYqM4.ltrans0.ltrans.o
 .text.DebugPrintMarker.constprop.0
                0x00000000000021aa       0x86 /tmp/cczPYqM4.ltrans0.ltrans.o
 .text.DebugPrint
                0x0000000000002230       0x2b /tmp/cczPYqM4.ltrans0.ltrans.o
 .text.FvbProtocolGetPhysicalAddress
                0x000000000000225b       0xa5 /tmp/cczPYqM4.ltrans0.ltrans.o
 .text.FvbProtocolGetBlockSize
                0x0000000000002300       0xfb /tmp/cczPYqM4.ltrans0.ltrans.o
 .text.FvbProtocolGetAttributes
                0x00000000000023fb       0xa5 /tmp/cczPYqM4.ltrans0.ltrans.o
 .text.FvbProtocolSetAttributes
                0x00000000000024a0      0x146 /tmp/cczPYqM4.ltrans0.ltrans.o
 .text.ValidateFvHeader
                0x00000000000025e6       0x9c /tmp/cczPYqM4.ltrans0.ltrans.o
 .text.ProcessLibraryDestructorList
                0x0000000000002682      0x107 /tmp/cczPYqM4.ltrans0.ltrans.o
 .text.GetPcdProtocol
                0x0000000000002789       0xa0 /tmp/cczPYqM4.ltrans0.ltrans.o
 .text.InternalGetMemEncryptionAddressMask
                0x0000000000002829       0x5d /tmp/cczPYqM4.ltrans0.ltrans.o
 .text.ConfidentialComputingGuestHas
                0x0000000000002886       0x7e /tmp/cczPYqM4.ltrans0.ltrans.o
 .text.FvbVirtualAddressChangeEvent
                0x0000000000002904       0x8b /tmp/cczPYqM4.ltrans0.ltrans.o
 .text.GetHobList
                0x000000000000298f       0x96 /tmp/cczPYqM4.ltrans0.ltrans.o
 .text.AllocatePageTableMemory.constprop.0
                0x0000000000002a25      0x1d7 /tmp/cczPYqM4.ltrans0.ltrans.o
 .text.Split2MPageTo4K.constprop.0
                0x0000000000002bfc       0xbc /tmp/cczPYqM4.ltrans0.ltrans.o
 .text.BasePrintLibSPrint.constprop.0
                0x0000000000002cb8       0x28 /tmp/cczPYqM4.ltrans0.ltrans.o
 .text.SetMem.part.0
                0x0000000000002ce0       0x50 /tmp/cczPYqM4.ltrans0.ltrans.o
 .text.CcExitVmgInit
                0x0000000000002d30       0x1d /tmp/cczPYqM4.ltrans0.ltrans.o
 .text.QemuFlashPtrWrite
                0x0000000000002d4d       0xb2 /tmp/cczPYqM4.ltrans0.ltrans.o
 .text.QemuFlashWrite
                0x0000000000002dff       0x8b /tmp/cczPYqM4.ltrans0.ltrans.o
 .text.FvbProtocolWrite
                0x0000000000002e8a       0x20 /tmp/cczPYqM4.ltrans0.ltrans.o
 .text.QemuFlashEraseBlock.part.0
                0x0000000000002eaa       0x3a /tmp/cczPYqM4.ltrans0.ltrans.o
 .text.FvbProtocolEraseBlocks
                0x0000000000002ee4      0x125 /tmp/cczPYqM4.ltrans0.ltrans.o
 .text.CopyMem  0x0000000000003009       0x8a /tmp/cczPYqM4.ltrans0.ltrans.o
 .text.FvbProtocolRead
                0x0000000000003093       0x42 /tmp/cczPYqM4.ltrans0.ltrans.o
 .text.AllocateCopyPool
                0x00000000000030d5       0x6d /tmp/cczPYqM4.ltrans0.ltrans.o
 .text._ModuleEntryPoint
                0x0000000000003142     0x1782 /tmp/cczPYqM4.ltrans0.ltrans.o
                0x0000000000003142                _ModuleEntryPoint
 *fill*         0x00000000000048c4        0xc 
 .text          0x00000000000048d0      0x116 /home/mcw/MCW/Dell/EDK2/edk2/Build/OvmfX64/DEBUG_GCC5/X64/MdePkg/Library/BaseIoLibIntrinsic/BaseIoLibIntrinsicSev/OUTPUT/BaseIoLibIntrinsicSev.lib(IoFifoSev.obj)
                0x00000000000048d0                SevNoRepIo
                0x0000000000004910                SevIoReadFifo8
                0x0000000000004932                SevIoReadFifo16
                0x0000000000004958                SevIoReadFifo32
                0x000000000000497b                SevIoWriteFifo8
                0x000000000000499d                SevIoWriteFifo16
                0x00000000000049c3                SevIoWriteFifo32
 *fill*         0x00000000000049e6        0xa 
 .text          0x00000000000049f0       0x11 /home/mcw/MCW/Dell/EDK2/edk2/Build/OvmfX64/DEBUG_GCC5/X64/MdePkg/Library/BaseMemoryLibRepStr/BaseMemoryLibRepStr/OUTPUT/BaseMemoryLibRepStr.lib(SetMem.obj)
                0x00000000000049f0                InternalMemSetMem
 *fill*         0x0000000000004a01        0xf 
 .text          0x0000000000004a10       0x3c /home/mcw/MCW/Dell/EDK2/edk2/Build/OvmfX64/DEBUG_GCC5/X64/MdePkg/Library/BaseMemoryLibRepStr/BaseMemoryLibRepStr/OUTPUT/BaseMemoryLibRepStr.lib(CopyMem.obj)
                0x0000000000004a10                InternalMemCopyMem
 *fill*         0x0000000000004a4c        0x4 
 .text          0x0000000000004a50       0x58 /home/mcw/MCW/Dell/EDK2/edk2/Build/OvmfX64/DEBUG_GCC5/X64/MdePkg/Library/BaseLib/BaseLib/OUTPUT/BaseLib.lib(TdCall.obj)
                0x0000000000004a50                TdCall
 *fill*         0x0000000000004aa8        0x8 
 .text          0x0000000000004ab0       0x7c /home/mcw/MCW/Dell/EDK2/edk2/Build/OvmfX64/DEBUG_GCC5/X64/MdePkg/Library/BaseLib/BaseLib/OUTPUT/BaseLib.lib(TdVmcall.obj)
                0x0000000000004ab0                TdVmCall
 *fill*         0x0000000000004b2c        0x4 
 .text          0x0000000000004b30        0x5 /home/mcw/MCW/Dell/EDK2/edk2/Build/OvmfX64/DEBUG_GCC5/X64/MdePkg/Library/BaseLib/BaseLib/OUTPUT/BaseLib.lib(VmgExit.obj)
                0x0000000000004b30                AsmVmgExit
 *(.rodata .rodata.* .gnu.linkonce.r.*)
 .rodata.BasePrintLibSPrintMarker.constprop.0.str1.1
                0x0000000000004b35      0x190 /tmp/cczPYqM4.ltrans0.ltrans.o
                                        0x193 (size before relaxing)
 *fill*         0x0000000000004cc5        0x3 
 .rodata.BasePrintLibSPrintMarker.constprop.0
                0x0000000000004cc8       0xec /tmp/cczPYqM4.ltrans0.ltrans.o
 .rodata.AsciiSPrint.constprop.0.str1.1
                0x0000000000004db4       0x14 /tmp/cczPYqM4.ltrans0.ltrans.o
 .rodata.SnpTerminate.str1.1
                0x0000000000004dc8       0x57 /tmp/cczPYqM4.ltrans0.ltrans.o
 .rodata.CcExitVmgExit.str1.1
                0x0000000000004e1f       0xb0 /tmp/cczPYqM4.ltrans0.ltrans.o
 .rodata.CalculateSum16.str1.1
                0x0000000000004ecf       0xa6 /tmp/cczPYqM4.ltrans0.ltrans.o
 .rodata.ReadUnaligned64.str1.1
                0x0000000000004f75       0x40 /tmp/cczPYqM4.ltrans0.ltrans.o
 .rodata.FvbProtocolGetPhysicalAddress.str1.1
                0x0000000000004fb5       0xc1 /tmp/cczPYqM4.ltrans0.ltrans.o
 .rodata.ValidateFvHeader.str1.1
                0x0000000000005076       0x27 /tmp/cczPYqM4.ltrans0.ltrans.o
 .rodata.ProcessLibraryDestructorList.str1.1
                0x000000000000509d       0xe3 /tmp/cczPYqM4.ltrans0.ltrans.o
 .rodata.GetPcdProtocol.str1.1
                0x0000000000005180       0x57 /tmp/cczPYqM4.ltrans0.ltrans.o
 .rodata.GetHobList.str1.1
                0x00000000000051d7       0x58 /tmp/cczPYqM4.ltrans0.ltrans.o
 .rodata.AllocatePageTableMemory.constprop.0.str1.1
                0x000000000000522f       0xad /tmp/cczPYqM4.ltrans0.ltrans.o
 .rodata.Split2MPageTo4K.constprop.0.str1.1
                0x00000000000052dc       0x99 /tmp/cczPYqM4.ltrans0.ltrans.o
 .rodata.SetMem.part.0.str1.1
                0x0000000000005375       0x88 /tmp/cczPYqM4.ltrans0.ltrans.o
 .rodata.CopyMem.str1.1
                0x00000000000053fd       0xd2 /tmp/cczPYqM4.ltrans0.ltrans.o
 .rodata.AllocateCopyPool.str1.1
                0x00000000000054cf       0x3e /tmp/cczPYqM4.ltrans0.ltrans.o
 .rodata._ModuleEntryPoint.str1.1
                0x000000000000550d      0x942 /tmp/cczPYqM4.ltrans0.ltrans.o
 *fill*         0x0000000000005e4f        0x1 
 .rodata.mHexStr
                0x0000000000005e50       0x10 /tmp/cczPYqM4.ltrans0.ltrans.o
 .rodata.mWarningString
                0x0000000000005e60       0xc8 /tmp/cczPYqM4.ltrans0.ltrans.o
 *fill*         0x0000000000005f28       0x18 
 .rodata.mErrorString
                0x0000000000005f40      0x2df /tmp/cczPYqM4.ltrans0.ltrans.o
 *fill*         0x000000000000621f        0x1 
 .rodata.__func__.1
                0x0000000000006220       0x18 /tmp/cczPYqM4.ltrans0.ltrans.o
 *fill*         0x0000000000006238        0x8 
 .rodata.__func__.0.lto_priv.3
                0x0000000000006240       0x18 /tmp/cczPYqM4.ltrans0.ltrans.o
 *fill*         0x0000000000006258        0x8 
 .rodata.__func__.0.lto_priv.1
                0x0000000000006260       0x10 /tmp/cczPYqM4.ltrans0.ltrans.o
 *(.got .got.*)
 .got           0x0000000000006270        0x0 FvbInfo.obj (symbol from plugin)
 .got.plt       0x0000000000006270        0x0 FvbInfo.obj (symbol from plugin)
 *:AutoGen.obj(.data.g*Guid)

.plt            0x0000000000006270        0x0
 .plt           0x0000000000006270        0x0 FvbInfo.obj (symbol from plugin)

.plt.got        0x0000000000006270        0x0
 .plt.got       0x0000000000006270        0x0 FvbInfo.obj (symbol from plugin)

.data           0x0000000000007000      0x249
 *(.data .data.* .gnu.linkonce.d.*)
 .data.gEfiDevicePathUtilitiesProtocolGuid
                0x0000000000007000       0x10 /tmp/cczPYqM4.ltrans0.ltrans.o
 .data.gUefiOvmfPkgPlatformInfoGuid
                0x0000000000007010       0x10 /tmp/cczPYqM4.ltrans0.ltrans.o
 .data.gEfiDxeServicesTableGuid
                0x0000000000007020       0x10 /tmp/cczPYqM4.ltrans0.ltrans.o
 .data.gEfiDevicePathProtocolGuid
                0x0000000000007030       0x10 /tmp/cczPYqM4.ltrans0.ltrans.o
 .data.gEfiFirmwareVolumeBlockProtocolGuid
                0x0000000000007040       0x10 /tmp/cczPYqM4.ltrans0.ltrans.o
 .data.gEfiEventVirtualAddressChangeGuid
                0x0000000000007050       0x10 /tmp/cczPYqM4.ltrans0.ltrans.o
 .data.mFvPIWGDevicePathTemplate
                0x0000000000007060       0x18 /tmp/cczPYqM4.ltrans0.ltrans.o
 *fill*         0x0000000000007078        0x8 
 .data.mFvMemmapDevicePathTemplate
                0x0000000000007080       0x1c /tmp/cczPYqM4.ltrans0.ltrans.o
 *fill*         0x000000000000709c        0x4 
 .data.rel.local.mFvbDeviceTemplate
                0x00000000000070a0       0x58 /tmp/cczPYqM4.ltrans0.ltrans.o
 *fill*         0x00000000000070f8        0x8 
 .data.gEfiHobListGuid
                0x0000000000007100       0x10 /tmp/cczPYqM4.ltrans0.ltrans.o
 .data.gPcdProtocolGuid
                0x0000000000007110       0x10 /tmp/cczPYqM4.ltrans0.ltrans.o
 .data.mPlatformFvbMediaInfo
                0x0000000000007120       0x50 /tmp/cczPYqM4.ltrans0.ltrans.o
 .data.rel.ro   0x0000000000007170        0x0 FvbInfo.obj (symbol from plugin)
 *(.bss .bss.*)
 .bss.mDevicePathLibDevicePathUtilities
                0x0000000000007170        0x8 /tmp/cczPYqM4.ltrans0.ltrans.o
 .bss.mTdSharedPageMask
                0x0000000000007178        0x8 /tmp/cczPYqM4.ltrans0.ltrans.o
 .bss.mTdDataReturned
                0x0000000000007180        0x1 /tmp/cczPYqM4.ltrans0.ltrans.o
 .bss.mRunningOnQ35
                0x0000000000007181        0x1 /tmp/cczPYqM4.ltrans0.ltrans.o
 *fill*         0x0000000000007182        0x6 
 .bss.mInternalRT
                0x0000000000007188        0x8 /tmp/cczPYqM4.ltrans0.ltrans.o
 .bss.gRT       0x0000000000007190        0x8 /tmp/cczPYqM4.ltrans0.ltrans.o
 .bss.mPageTablePool
                0x0000000000007198        0x8 /tmp/cczPYqM4.ltrans0.ltrans.o
 .bss.gImageHandle
                0x00000000000071a0        0x8 /tmp/cczPYqM4.ltrans0.ltrans.o
 .bss.gDS       0x00000000000071a8        0x8 /tmp/cczPYqM4.ltrans0.ltrans.o
 .bss.mHobList  0x00000000000071b0        0x8 /tmp/cczPYqM4.ltrans0.ltrans.o
 .bss.gST       0x00000000000071b8        0x8 /tmp/cczPYqM4.ltrans0.ltrans.o
 .bss.mCcProbeGuestType
                0x00000000000071c0        0x1 /tmp/cczPYqM4.ltrans0.ltrans.o
 .bss.mCcProbed
                0x00000000000071c1        0x1 /tmp/cczPYqM4.ltrans0.ltrans.o
 .bss.mDebugIoPortFound
                0x00000000000071c2        0x1 /tmp/cczPYqM4.ltrans0.ltrans.o
 .bss.mDebugIoPortChecked
                0x00000000000071c3        0x1 /tmp/cczPYqM4.ltrans0.ltrans.o
 *fill*         0x00000000000071c4        0x4 
 .bss.mDeadLoopComparator
                0x00000000000071c8        0x8 /tmp/cczPYqM4.ltrans0.ltrans.o
 .bss.mSevEncryptionMask
                0x00000000000071d0        0x8 /tmp/cczPYqM4.ltrans0.ltrans.o
 .bss.mSevEncryptionMaskSaved
                0x00000000000071d8        0x1 /tmp/cczPYqM4.ltrans0.ltrans.o
 *fill*         0x00000000000071d9        0x7 
 .bss.mAddressEncMask
                0x00000000000071e0        0x8 /tmp/cczPYqM4.ltrans0.ltrans.o
 .bss.mAddressEncMaskChecked
                0x00000000000071e8        0x1 /tmp/cczPYqM4.ltrans0.ltrans.o
 *fill*         0x00000000000071e9        0x7 
 .bss.mCurrentAttr
                0x00000000000071f0        0x8 /tmp/cczPYqM4.ltrans0.ltrans.o
 .bss.mCurrentAttrRead
                0x00000000000071f8        0x1 /tmp/cczPYqM4.ltrans0.ltrans.o
 *fill*         0x00000000000071f9        0x7 
 .bss.mPcd      0x0000000000007200        0x8 /tmp/cczPYqM4.ltrans0.ltrans.o
 .bss.mEfiExitBootServicesEvent
                0x0000000000007208        0x8 /tmp/cczPYqM4.ltrans0.ltrans.o
 .bss.mEfiVirtualNotifyEvent
                0x0000000000007210        0x8 /tmp/cczPYqM4.ltrans0.ltrans.o
 .bss.gBS       0x0000000000007218        0x8 /tmp/cczPYqM4.ltrans0.ltrans.o
 .bss.mSevEsFlashPhysBase
                0x0000000000007220        0x8 /tmp/cczPYqM4.ltrans0.ltrans.o
 .bss.mFdBlockSize
                0x0000000000007228        0x8 /tmp/cczPYqM4.ltrans0.ltrans.o
 .bss.mFlashBase
                0x0000000000007230        0x8 /tmp/cczPYqM4.ltrans0.ltrans.o
 .bss.mFdBlockCount
                0x0000000000007238        0x8 /tmp/cczPYqM4.ltrans0.ltrans.o
 .bss.mFvbModuleGlobal
                0x0000000000007240        0x8 /tmp/cczPYqM4.ltrans0.ltrans.o
 .bss.Checksummed.0
                0x0000000000007248        0x1 /tmp/cczPYqM4.ltrans0.ltrans.o
 *(.prmexportdescriptor)

.eh_frame       0x0000000000008000        0x0
 *(.eh_frame)
 .eh_frame      0x0000000000008000        0x0 FvbInfo.obj (symbol from plugin)
 .eh_frame      0x0000000000008000        0x0 FvbInfo.obj (symbol from plugin)

.dynbss         0x0000000000008000        0x0
 .dynbss        0x0000000000008000        0x0 FvbInfo.obj (symbol from plugin)

.gnu.version_d  0x0000000000008000        0x0
 .gnu.version_d
                0x0000000000008000        0x0 FvbInfo.obj (symbol from plugin)

.gnu.version    0x0000000000008000        0x0
 .gnu.version   0x0000000000008000        0x0 FvbInfo.obj (symbol from plugin)

.gnu.version_r  0x0000000000008000        0x0
 .gnu.version_r
                0x0000000000008000        0x0 FvbInfo.obj (symbol from plugin)

.dynamic        0x0000000000008000       0xc0
 *(.dynamic)
 .dynamic       0x0000000000008000       0xc0 FvbInfo.obj (symbol from plugin)
                0x0000000000008000                _DYNAMIC

.rela           0x00000000000080c0       0xa8
 *(.rela .rela.*)
 .rela.plt      0x00000000000080c0        0x0 FvbInfo.obj (symbol from plugin)
 .rela.got      0x00000000000080c0        0x0 FvbInfo.obj (symbol from plugin)
 .rela.bss      0x00000000000080c0        0x0 FvbInfo.obj (symbol from plugin)
 .rela.data.rel.ro
                0x00000000000080c0        0x0 FvbInfo.obj (symbol from plugin)
 .rela.ifunc    0x00000000000080c0        0x0 FvbInfo.obj (symbol from plugin)
 .rela.data.rel.local.mFvbDeviceTemplate
                0x00000000000080c0       0xa8 FvbInfo.obj (symbol from plugin)

.hii
 *(.hii)

.got            0x0000000000008168        0x0
 *(.got)
                0x0000000000000001                ASSERT ((SIZEOF (.got) == 0x0), Unexpected GOT entries detected!)

.got.plt        0x0000000000008168        0x0
 *(.got.plt)
                0x0000000000000001                ASSERT ((((SIZEOF (.got.plt) == 0x0) || (SIZEOF (.got.plt) == 0xc)) || (SIZEOF (.got.plt) == 0x18)), Unexpected GOT/PLT entries detected!)

.build-id       0x0000000000008168       0x24
 *(.note.gnu.build-id)
 .note.gnu.build-id
                0x0000000000008168       0x24 FvbInfo.obj (symbol from plugin)

/DISCARD/
 *(.note.GNU-stack)
 *(.gnu_debuglink)
 *(.interp)
 *(.dynsym)
 *(.dynstr)
 *(.hash .gnu.hash)
 *(.comment)
OUTPUT(/home/mcw/MCW/Dell/EDK2/edk2/Build/OvmfX64/DEBUG_GCC5/X64/OvmfPkg/QemuFlashFvbServicesRuntimeDxe/FvbServicesRuntimeDxe/DEBUG/FvbServicesRuntimeDxe.dll elf64-x86-64)

.debug_info     0x0000000000000000    0x2abd6
 .debug_info    0x0000000000000000     0x69f7 /tmp/cczPYqM4.ltrans0.ltrans.o
 .debug_info    0x00000000000069f7      0x30c /tmp/ccDXYEzT.debug.temp.o
                0x00000000000069f7                FvbInfo.c.67bc62de
 .debug_info    0x0000000000006d03     0x2340 /tmp/ccPTCraP.debug.temp.o
                0x0000000000006d03                FwBlockService.c.0a5a747d
 .debug_info    0x0000000000009043     0x197f /tmp/ccDE4Vv4.debug.temp.o
                0x0000000000009043                FwBlockServiceDxe.c.69793d1f
 .debug_info    0x000000000000a9c2      0x369 /tmp/ccwt8mmX.debug.temp.o
                0x000000000000a9c2                QemuFlash.c.3c2546c4
 .debug_info    0x000000000000ad2b      0x6c7 /tmp/ccrclXQd.debug.temp.o
                0x000000000000ad2b                QemuFlashDxe.c.329dee37
 .debug_info    0x000000000000b3f2     0x1ebc /tmp/cc0Ls8Vh.debug.temp.o
                0x000000000000b3f2                AutoGen.c.5d793c31
 .debug_info    0x000000000000d2ae      0x223 /tmp/ccol0iqr.debug.temp.o
                0x000000000000d2ae                AcceptPages.c.a69df626
 .debug_info    0x000000000000d4d1      0x362 /tmp/ccId6Qbc.debug.temp.o
                0x000000000000d4d1                TdInfo.c.27b78de2
 .debug_info    0x000000000000d833       0xa7 /tmp/cchVG3KU.debug.temp.o
                0x000000000000d833                X86CpuFlushTlb.c.e951b90a
 .debug_info    0x000000000000d8da      0x340 /tmp/ccaApZpY.debug.temp.o
                0x000000000000d8da                IoLibGcc.c.48c72b6c
 .debug_info    0x000000000000dc1a      0x424 /tmp/ccPZtM1C.debug.temp.o
                0x000000000000dc1a                IoLib.c.2994aac4
 .debug_info    0x000000000000e03e      0x612 /tmp/ccV3VNCx.debug.temp.o
                0x000000000000e03e                IoLibInternalTdx.c.5a43016c
 .debug_info    0x000000000000e650      0x2d8 /tmp/ccCOyYcn.debug.temp.o
                0x000000000000e650                IoLibFifoCc.c.701bbd54
 .debug_info    0x000000000000e928     0x101f /tmp/ccCpCYlg.debug.temp.o
                0x000000000000e928                AmdSvsmLib.c.97d16659
 .debug_info    0x000000000000f947      0x56e /tmp/ccOfso1H.debug.temp.o
                0x000000000000f947                CcExitLib.c.2f3d8de4
 .debug_info    0x000000000000feb5     0x20de /tmp/ccQ1TysF.debug.temp.o
                0x000000000000feb5                DxePcdLib.c.9cf564e3
 .debug_info    0x0000000000011f93     0x1366 /tmp/ccvyfk8G.debug.temp.o
                0x0000000000011f93                MemoryAllocationLib.c.8bba46c8
 .debug_info    0x00000000000132f9      0x29c /tmp/ccLqOV1C.debug.temp.o
                0x00000000000132f9                DxeMemEncryptSevLibInternal.c.9171270d
 .debug_info    0x0000000000013595      0x1f3 /tmp/ccHWJWEm.debug.temp.o
                0x0000000000013595                MemEncryptSevLib.c.ca49d141
 .debug_info    0x0000000000013788      0xba5 /tmp/cccpdqXM.debug.temp.o
                0x0000000000013788                PeiDxeVirtualMemory.c.cee11e08
 .debug_info    0x000000000001432d      0xb6a /tmp/ccllXnei.debug.temp.o
                0x000000000001432d                SnpPageStateChangeInternal.c.20687ebd
 .debug_info    0x0000000000014e97      0x104 /tmp/ccM8SwMY.debug.temp.o
                0x0000000000014e97                ZeroMemWrapper.c.fb5b7d87
 .debug_info    0x0000000000014f9b      0x11f /tmp/cclls35i.debug.temp.o
                0x0000000000014f9b                SetMemWrapper.c.d6aa75b6
 .debug_info    0x00000000000150ba      0x119 /tmp/ccrP12wB.debug.temp.o
                0x00000000000150ba                CopyMemWrapper.c.519c2a6d
 .debug_info    0x00000000000151d3      0x264 /tmp/ccMQsxyF.debug.temp.o
                0x00000000000151d3                MemLibGuid.c.ad134fed
 .debug_info    0x0000000000015437      0x479 /tmp/ccQjCibC.debug.temp.o
                0x0000000000015437                CheckSum.c.f65c9200
 .debug_info    0x00000000000158b0      0x1a7 /tmp/ccUcQfKb.debug.temp.o
                0x00000000000158b0                SetJump.c.3cccaac4
 .debug_info    0x0000000000015a57      0x100 /tmp/ccsa3Gsi.debug.temp.o
                0x0000000000015a57                RShiftU64.c.a3e3a158
 .debug_info    0x0000000000015b57       0xc3 /tmp/ccOI8Rg2.debug.temp.o
                0x0000000000015b57                MultU64x32.c.e023b520
 .debug_info    0x0000000000015c1a       0xa8 /tmp/ccODtLcd.debug.temp.o
                0x0000000000015c1a                CpuDeadLoop.c.ace7cd64
 .debug_info    0x0000000000015cc2       0xc2 /tmp/ccUMshjD.debug.temp.o
                0x0000000000015cc2                Cpu.c.90b8f9b3
 .debug_info    0x0000000000015d84     0x1098 /tmp/ccJXoxcz.debug.temp.o
                0x0000000000015d84                SafeString.c.eebd8ce4
 .debug_info    0x0000000000016e1c      0x221 /tmp/cc5lHSdo.debug.temp.o
                0x0000000000016e1c                Unaligned.c.a45d6ec7
 .debug_info    0x000000000001703d      0x2d6 /tmp/ccX8v9Gq.debug.temp.o
                0x000000000001703d                Math64.c.9027f1a3
 .debug_info    0x0000000000017313      0x1f2 /tmp/ccFXkUrG.debug.temp.o
                0x0000000000017313                X86GetInterruptState.c.ae246d84
 .debug_info    0x0000000000017505      0x2e1 /tmp/ccr0gvLC.debug.temp.o
                0x0000000000017505                GccInline.c.839d04ec
 .debug_info    0x00000000000177e6      0x67c /tmp/ccWhIV8y.debug.temp.o
                0x00000000000177e6                GccInlinePriv.c.4a536b7d
 .debug_info    0x0000000000017e62      0x75b /tmp/ccoPNe9P.debug.temp.o
                0x0000000000017e62                PrintLibInternal.c.1bdb6eda
 .debug_info    0x00000000000185bd      0x588 /tmp/cc1i5rGt.debug.temp.o
                0x00000000000185bd                PrintLib.c.3e63f0c9
 .debug_info    0x0000000000018b45       0xcf /tmp/cc5JU98o.debug.temp.o
                0x0000000000018b45                DebugIoPortQemu.c.13a53b87
 .debug_info    0x0000000000018c14      0x3d4 /tmp/ccrMoC4D.debug.temp.o
                0x0000000000018c14                DebugLib.c.8db0ac61
 .debug_info    0x0000000000018fe8       0xc7 /tmp/ccHMfvFl.debug.temp.o
                0x0000000000018fe8                DebugLibDetect.c.85922db3
 .debug_info    0x00000000000190af      0x39b /tmp/ccQAFbv1.debug.temp.o
                0x00000000000190af                DxeCcProbeLib.c.d427dd1e
 .debug_info    0x000000000001944a     0x1787 /tmp/ccSywPkg.debug.temp.o
                0x000000000001944a                UefiBootServicesTableLib.c.e158162b
 .debug_info    0x000000000001abd1     0x175e /tmp/ccU3rFaf.debug.temp.o
                0x000000000001abd1                UefiRuntimeServicesTableLib.c.261f0190
 .debug_info    0x000000000001c32f     0x1efd /tmp/ccRPOye0.debug.temp.o
                0x000000000001c32f                UefiDevicePathLib.c.3f5fd099
 .debug_info    0x000000000001e22c     0x25a5 /tmp/cctY1bpD.debug.temp.o
                0x000000000001e22c                UefiLib.c.5370aa6e
 .debug_info    0x00000000000207d1      0xbef /tmp/ccVMLiS9.debug.temp.o
                0x00000000000207d1                PciExpressLib.c.f514a232
 .debug_info    0x00000000000213c0      0xff5 /tmp/cc8oiIIG.debug.temp.o
                0x00000000000213c0                PciCf8Lib.c.cffe82f3
 .debug_info    0x00000000000223b5     0x2159 /tmp/ccKtivwc.debug.temp.o
                0x00000000000223b5                HobLib.c.a6577eb6
 .debug_info    0x000000000002450e      0xf87 /tmp/ccHB1oBR.debug.temp.o
                0x000000000002450e                PciLib.c.35c21f8d
 .debug_info    0x0000000000025495      0x4f8 /tmp/ccTeqVee.debug.temp.o
                0x0000000000025495                DxeAcpiTimerLib.c.6ff3b756
 .debug_info    0x000000000002598d     0x1d09 /tmp/cceyASg5.debug.temp.o
                0x000000000002598d                DxeServicesTableLib.c.3594e867
 .debug_info    0x0000000000027696     0x1951 /tmp/ccQQvbCL.debug.temp.o
                0x0000000000027696                DriverEntryPoint.c.2801768d
 .debug_info    0x0000000000028fe7     0x1bef /tmp/cc8kmCdM.debug.temp.o
                0x0000000000028fe7                RuntimeLib.c.e3c9a74c

.debug_abbrev   0x0000000000000000     0x5787
 .debug_abbrev  0x0000000000000000      0x2d1 /tmp/cczPYqM4.ltrans0.ltrans.o
 .debug_abbrev  0x00000000000002d1      0x102 /tmp/ccDXYEzT.debug.temp.o
 .debug_abbrev  0x00000000000003d3      0x2ed /tmp/ccPTCraP.debug.temp.o
 .debug_abbrev  0x00000000000006c0      0x27b /tmp/ccDE4Vv4.debug.temp.o
 .debug_abbrev  0x000000000000093b      0x191 /tmp/ccwt8mmX.debug.temp.o
 .debug_abbrev  0x0000000000000acc      0x20f /tmp/ccrclXQd.debug.temp.o
 .debug_abbrev  0x0000000000000cdb      0x2da /tmp/cc0Ls8Vh.debug.temp.o
 .debug_abbrev  0x0000000000000fb5      0x13a /tmp/ccol0iqr.debug.temp.o
 .debug_abbrev  0x00000000000010ef      0x174 /tmp/ccId6Qbc.debug.temp.o
 .debug_abbrev  0x0000000000001263       0x7a /tmp/cchVG3KU.debug.temp.o
 .debug_abbrev  0x00000000000012dd       0xfe /tmp/ccaApZpY.debug.temp.o
 .debug_abbrev  0x00000000000013db      0x149 /tmp/ccPZtM1C.debug.temp.o
 .debug_abbrev  0x0000000000001524      0x16c /tmp/ccV3VNCx.debug.temp.o
 .debug_abbrev  0x0000000000001690       0xbd /tmp/ccCOyYcn.debug.temp.o
 .debug_abbrev  0x000000000000174d      0x345 /tmp/ccCpCYlg.debug.temp.o
 .debug_abbrev  0x0000000000001a92      0x1fa /tmp/ccOfso1H.debug.temp.o
 .debug_abbrev  0x0000000000001c8c      0x2c8 /tmp/ccQ1TysF.debug.temp.o
 .debug_abbrev  0x0000000000001f54      0x274 /tmp/ccvyfk8G.debug.temp.o
 .debug_abbrev  0x00000000000021c8      0x142 /tmp/ccLqOV1C.debug.temp.o
 .debug_abbrev  0x000000000000230a       0xbb /tmp/ccHWJWEm.debug.temp.o
 .debug_abbrev  0x00000000000023c5      0x291 /tmp/cccpdqXM.debug.temp.o
 .debug_abbrev  0x0000000000002656      0x2a0 /tmp/ccllXnei.debug.temp.o
 .debug_abbrev  0x00000000000028f6       0xb8 /tmp/ccM8SwMY.debug.temp.o
 .debug_abbrev  0x00000000000029ae       0xb8 /tmp/cclls35i.debug.temp.o
 .debug_abbrev  0x0000000000002a66       0xbe /tmp/ccrP12wB.debug.temp.o
 .debug_abbrev  0x0000000000002b24      0x107 /tmp/ccMQsxyF.debug.temp.o
 .debug_abbrev  0x0000000000002c2b      0x148 /tmp/ccQjCibC.debug.temp.o
 .debug_abbrev  0x0000000000002d73       0xe0 /tmp/ccUcQfKb.debug.temp.o
 .debug_abbrev  0x0000000000002e53       0xb2 /tmp/ccsa3Gsi.debug.temp.o
 .debug_abbrev  0x0000000000002f05       0x87 /tmp/ccOI8Rg2.debug.temp.o
 .debug_abbrev  0x0000000000002f8c       0x71 /tmp/ccODtLcd.debug.temp.o
 .debug_abbrev  0x0000000000002ffd       0xa5 /tmp/ccUMshjD.debug.temp.o
 .debug_abbrev  0x00000000000030a2      0x1c7 /tmp/ccJXoxcz.debug.temp.o
 .debug_abbrev  0x0000000000003269       0xdd /tmp/cc5lHSdo.debug.temp.o
 .debug_abbrev  0x0000000000003346       0xd0 /tmp/ccX8v9Gq.debug.temp.o
 .debug_abbrev  0x0000000000003416       0xd5 /tmp/ccFXkUrG.debug.temp.o
 .debug_abbrev  0x00000000000034eb      0x135 /tmp/ccr0gvLC.debug.temp.o
 .debug_abbrev  0x0000000000003620      0x17f /tmp/ccWhIV8y.debug.temp.o
 .debug_abbrev  0x000000000000379f      0x1a4 /tmp/ccoPNe9P.debug.temp.o
 .debug_abbrev  0x0000000000003943      0x15a /tmp/cc1i5rGt.debug.temp.o
 .debug_abbrev  0x0000000000003a9d       0x81 /tmp/cc5JU98o.debug.temp.o
 .debug_abbrev  0x0000000000003b1e      0x19e /tmp/ccrMoC4D.debug.temp.o
 .debug_abbrev  0x0000000000003cbc       0x80 /tmp/ccHMfvFl.debug.temp.o
 .debug_abbrev  0x0000000000003d3c      0x136 /tmp/ccQAFbv1.debug.temp.o
 .debug_abbrev  0x0000000000003e72      0x20a /tmp/ccSywPkg.debug.temp.o
 .debug_abbrev  0x000000000000407c      0x1da /tmp/ccU3rFaf.debug.temp.o
 .debug_abbrev  0x0000000000004256      0x2e2 /tmp/ccRPOye0.debug.temp.o
 .debug_abbrev  0x0000000000004538      0x2e9 /tmp/cctY1bpD.debug.temp.o
 .debug_abbrev  0x0000000000004821      0x156 /tmp/ccVMLiS9.debug.temp.o
 .debug_abbrev  0x0000000000004977      0x15b /tmp/cc8oiIIG.debug.temp.o
 .debug_abbrev  0x0000000000004ad2      0x2e5 /tmp/ccKtivwc.debug.temp.o
 .debug_abbrev  0x0000000000004db7       0xf3 /tmp/ccHB1oBR.debug.temp.o
 .debug_abbrev  0x0000000000004eaa      0x183 /tmp/ccTeqVee.debug.temp.o
 .debug_abbrev  0x000000000000502d      0x258 /tmp/cceyASg5.debug.temp.o
 .debug_abbrev  0x0000000000005285      0x25d /tmp/ccQQvbCL.debug.temp.o
 .debug_abbrev  0x00000000000054e2      0x2a5 /tmp/cc8kmCdM.debug.temp.o

.debug_loclists
                0x0000000000000000     0x411d
 .debug_loclists
                0x0000000000000000     0x411d /tmp/cczPYqM4.ltrans0.ltrans.o

.debug_aranges  0x0000000000000000      0x3e0
 .debug_aranges
                0x0000000000000000      0x3e0 /tmp/cczPYqM4.ltrans0.ltrans.o

.debug_rnglists
                0x0000000000000000      0x6ec
 .debug_rnglists
                0x0000000000000000      0x6ec /tmp/cczPYqM4.ltrans0.ltrans.o

.debug_line     0x0000000000000000     0x4abe
 .debug_line    0x0000000000000000     0x3352 /tmp/cczPYqM4.ltrans0.ltrans.o
 .debug_line    0x0000000000003352       0x67 /tmp/ccDXYEzT.debug.temp.o
 .debug_line    0x00000000000033b9       0xab /tmp/ccPTCraP.debug.temp.o
 .debug_line    0x0000000000003464       0xb9 /tmp/ccDE4Vv4.debug.temp.o
 .debug_line    0x000000000000351d       0x7a /tmp/ccwt8mmX.debug.temp.o
 .debug_line    0x0000000000003597       0x88 /tmp/ccrclXQd.debug.temp.o
 .debug_line    0x000000000000361f       0x8a /tmp/cc0Ls8Vh.debug.temp.o
 .debug_line    0x00000000000036a9       0x63 /tmp/ccol0iqr.debug.temp.o
 .debug_line    0x000000000000370c       0x5a /tmp/ccId6Qbc.debug.temp.o
 .debug_line    0x0000000000003766       0x4c /tmp/cchVG3KU.debug.temp.o
 .debug_line    0x00000000000037b2       0x56 /tmp/ccaApZpY.debug.temp.o
 .debug_line    0x0000000000003808       0x5b /tmp/ccPZtM1C.debug.temp.o
 .debug_line    0x0000000000003863       0x64 /tmp/ccV3VNCx.debug.temp.o
 .debug_line    0x00000000000038c7       0x4d /tmp/ccCOyYcn.debug.temp.o
 .debug_line    0x0000000000003914       0x84 /tmp/ccCpCYlg.debug.temp.o
 .debug_line    0x0000000000003998       0x5f /tmp/ccOfso1H.debug.temp.o
 .debug_line    0x00000000000039f7       0xa6 /tmp/ccQ1TysF.debug.temp.o
 .debug_line    0x0000000000003a9d       0x7b /tmp/ccvyfk8G.debug.temp.o
 .debug_line    0x0000000000003b18       0x63 /tmp/ccLqOV1C.debug.temp.o
 .debug_line    0x0000000000003b7b       0x5a /tmp/ccHWJWEm.debug.temp.o
 .debug_line    0x0000000000003bd5       0x9c /tmp/cccpdqXM.debug.temp.o
 .debug_line    0x0000000000003c71       0xa0 /tmp/ccllXnei.debug.temp.o
 .debug_line    0x0000000000003d11       0x51 /tmp/ccM8SwMY.debug.temp.o
 .debug_line    0x0000000000003d62       0x51 /tmp/cclls35i.debug.temp.o
 .debug_line    0x0000000000003db3       0x51 /tmp/ccrP12wB.debug.temp.o
 .debug_line    0x0000000000003e04       0x5a /tmp/ccMQsxyF.debug.temp.o
 .debug_line    0x0000000000003e5e       0x4c /tmp/ccQjCibC.debug.temp.o
 .debug_line    0x0000000000003eaa       0x51 /tmp/ccUcQfKb.debug.temp.o
 .debug_line    0x0000000000003efb       0x51 /tmp/ccsa3Gsi.debug.temp.o
 .debug_line    0x0000000000003f4c       0x48 /tmp/ccOI8Rg2.debug.temp.o
 .debug_line    0x0000000000003f94       0x4c /tmp/ccODtLcd.debug.temp.o
 .debug_line    0x0000000000003fe0       0x4c /tmp/ccUMshjD.debug.temp.o
 .debug_line    0x000000000000402c       0x6d /tmp/ccJXoxcz.debug.temp.o
 .debug_line    0x0000000000004099       0x4c /tmp/cc5lHSdo.debug.temp.o
 .debug_line    0x00000000000040e5       0x4c /tmp/ccX8v9Gq.debug.temp.o
 .debug_line    0x0000000000004131       0x4c /tmp/ccFXkUrG.debug.temp.o
 .debug_line    0x000000000000417d       0x4c /tmp/ccr0gvLC.debug.temp.o
 .debug_line    0x00000000000041c9       0x51 /tmp/ccWhIV8y.debug.temp.o
 .debug_line    0x000000000000421a       0x68 /tmp/ccoPNe9P.debug.temp.o
 .debug_line    0x0000000000004282       0x5a /tmp/cc1i5rGt.debug.temp.o
 .debug_line    0x00000000000042dc       0x55 /tmp/cc5JU98o.debug.temp.o
 .debug_line    0x0000000000004331       0x89 /tmp/ccrMoC4D.debug.temp.o
 .debug_line    0x00000000000043ba       0x51 /tmp/ccHMfvFl.debug.temp.o
 .debug_line    0x000000000000440b       0x6c /tmp/ccQAFbv1.debug.temp.o
 .debug_line    0x0000000000004477       0x80 /tmp/ccSywPkg.debug.temp.o
 .debug_line    0x00000000000044f7       0x7b /tmp/ccU3rFaf.debug.temp.o
 .debug_line    0x0000000000004572       0xa7 /tmp/ccRPOye0.debug.temp.o
 .debug_line    0x0000000000004619       0xac /tmp/cctY1bpD.debug.temp.o
 .debug_line    0x00000000000046c5       0x68 /tmp/ccVMLiS9.debug.temp.o
 .debug_line    0x000000000000472d       0x5f /tmp/cc8oiIIG.debug.temp.o
 .debug_line    0x000000000000478c       0x9c /tmp/ccKtivwc.debug.temp.o
 .debug_line    0x0000000000004828       0x5f /tmp/ccHB1oBR.debug.temp.o
 .debug_line    0x0000000000004887       0x88 /tmp/ccTeqVee.debug.temp.o
 .debug_line    0x000000000000490f       0x97 /tmp/cceyASg5.debug.temp.o
 .debug_line    0x00000000000049a6       0x93 /tmp/ccQQvbCL.debug.temp.o
 .debug_line    0x0000000000004a39       0x85 /tmp/cc8kmCdM.debug.temp.o

.debug_str      0x0000000000000000     0x82fd
 .debug_str     0x0000000000000000      0x1c5 /tmp/cczPYqM4.ltrans0.ltrans.o
                                        0x1d7 (size before relaxing)
 .debug_str     0x00000000000001c5      0x31a /tmp/ccDXYEzT.debug.temp.o
                                        0x39b (size before relaxing)
 .debug_str     0x00000000000004df     0x15cc /tmp/ccPTCraP.debug.temp.o
                                       0x1c22 (size before relaxing)
 .debug_str     0x0000000000001aab      0x73b /tmp/ccDE4Vv4.debug.temp.o
                                       0x189c (size before relaxing)
 .debug_str     0x00000000000021e6       0xb8 /tmp/ccwt8mmX.debug.temp.o
                                        0x483 (size before relaxing)
 .debug_str     0x000000000000229e      0x2c8 /tmp/ccrclXQd.debug.temp.o
                                        0x62f (size before relaxing)
 .debug_str     0x0000000000002566      0xb11 /tmp/cc0Ls8Vh.debug.temp.o
                                       0x208c (size before relaxing)
 .debug_str     0x0000000000003077       0x93 /tmp/ccol0iqr.debug.temp.o
                                        0x35a (size before relaxing)
 .debug_str     0x000000000000310a      0x166 /tmp/ccId6Qbc.debug.temp.o
                                        0x420 (size before relaxing)
 .debug_str     0x0000000000003270       0x23 /tmp/cchVG3KU.debug.temp.o
                                        0x230 (size before relaxing)
 .debug_str     0x0000000000003293       0xe6 /tmp/ccaApZpY.debug.temp.o
                                        0x37b (size before relaxing)
 .debug_str     0x0000000000003379       0xdd /tmp/ccPZtM1C.debug.temp.o
                                        0x3ef (size before relaxing)
 .debug_str     0x0000000000003456       0xbb /tmp/ccV3VNCx.debug.temp.o
                                        0x3ff (size before relaxing)
 .debug_str     0x0000000000003511       0x61 /tmp/ccCOyYcn.debug.temp.o
                                        0x33d (size before relaxing)
 .debug_str     0x0000000000003572      0x48e /tmp/ccCpCYlg.debug.temp.o
                                        0xa45 (size before relaxing)
 .debug_str     0x0000000000003a00       0xa9 /tmp/ccOfso1H.debug.temp.o
                                        0x53a (size before relaxing)
 .debug_str     0x0000000000003aa9      0x8cf /tmp/ccQ1TysF.debug.temp.o
                                       0x192a (size before relaxing)
 .debug_str     0x0000000000004378      0x225 /tmp/ccvyfk8G.debug.temp.o
                                        0xfdc (size before relaxing)
 .debug_str     0x000000000000459d      0x261 /tmp/ccLqOV1C.debug.temp.o
                                        0x502 (size before relaxing)
 .debug_str     0x00000000000047fe      0x1a0 /tmp/ccHWJWEm.debug.temp.o
                                        0x423 (size before relaxing)
 .debug_str     0x000000000000499e      0x51a /tmp/cccpdqXM.debug.temp.o
                                        0x9b9 (size before relaxing)
 .debug_str     0x0000000000004eb8       0xd8 /tmp/ccllXnei.debug.temp.o
                                        0x8c3 (size before relaxing)
 .debug_str     0x0000000000004f90       0x13 /tmp/ccM8SwMY.debug.temp.o
                                        0x263 (size before relaxing)
 .debug_str     0x0000000000004fa3       0x12 /tmp/cclls35i.debug.temp.o
                                        0x26d (size before relaxing)
 .debug_str     0x0000000000004fb5       0x32 /tmp/ccrP12wB.debug.temp.o
                                        0x27b (size before relaxing)
 .debug_str     0x0000000000004fe7       0xbf /tmp/ccMQsxyF.debug.temp.o
                                        0x352 (size before relaxing)
 .debug_str     0x00000000000050a6      0x102 /tmp/ccQjCibC.debug.temp.o
                                        0x39c (size before relaxing)
 .debug_str     0x00000000000051a8       0x42 /tmp/ccUcQfKb.debug.temp.o
                                        0x28d (size before relaxing)
 .debug_str     0x00000000000051ea       0x1e /tmp/ccsa3Gsi.debug.temp.o
                                        0x268 (size before relaxing)
 .debug_str     0x0000000000005208       0x36 /tmp/ccOI8Rg2.debug.temp.o
                                        0x24f (size before relaxing)
 .debug_str     0x000000000000523e       0x1d /tmp/ccODtLcd.debug.temp.o
                                        0x23c (size before relaxing)
 .debug_str     0x000000000000525b       0x2b /tmp/ccUMshjD.debug.temp.o
                                        0x277 (size before relaxing)
 .debug_str     0x0000000000005286      0x3a2 /tmp/ccJXoxcz.debug.temp.o
                                        0x81c (size before relaxing)
 .debug_str     0x0000000000005628       0x80 /tmp/cc5lHSdo.debug.temp.o
                                        0x2fc (size before relaxing)
 .debug_str     0x00000000000056a8      0x12d /tmp/ccX8v9Gq.debug.temp.o
                                        0x3b5 (size before relaxing)
 .debug_str     0x00000000000057d5       0x5a /tmp/ccFXkUrG.debug.temp.o
                                        0x298 (size before relaxing)
 .debug_str     0x000000000000582f      0x116 /tmp/ccr0gvLC.debug.temp.o
                                        0x36c (size before relaxing)
 .debug_str     0x0000000000005945      0x251 /tmp/ccWhIV8y.debug.temp.o
                                        0x51f (size before relaxing)
 .debug_str     0x0000000000005b96      0x239 /tmp/ccoPNe9P.debug.temp.o
                                        0x656 (size before relaxing)
 .debug_str     0x0000000000005dcf      0x147 /tmp/cc1i5rGt.debug.temp.o
                                        0x454 (size before relaxing)
 .debug_str     0x0000000000005f16       0x1d /tmp/cc5JU98o.debug.temp.o
                                        0x269 (size before relaxing)
 .debug_str     0x0000000000005f33       0xe7 /tmp/ccrMoC4D.debug.temp.o
                                        0x4e6 (size before relaxing)
 .debug_str     0x000000000000601a       0x26 /tmp/ccHMfvFl.debug.temp.o
                                        0x2a4 (size before relaxing)
 .debug_str     0x0000000000006040      0x171 /tmp/ccQAFbv1.debug.temp.o
                                        0x52e (size before relaxing)
 .debug_str     0x00000000000061b1     0x13b1 /tmp/ccSywPkg.debug.temp.o
 .debug_str     0x00000000000061b1     0x13a7 /tmp/ccU3rFaf.debug.temp.o
 .debug_str     0x00000000000061b1      0x519 /tmp/ccRPOye0.debug.temp.o
                                       0x1a87 (size before relaxing)
 .debug_str     0x00000000000066ca      0x623 /tmp/cctY1bpD.debug.temp.o
                                       0x1c62 (size before relaxing)
 .debug_str     0x0000000000006ced      0x497 /tmp/ccVMLiS9.debug.temp.o
                                        0x80a (size before relaxing)
 .debug_str     0x0000000000007184      0x3ab /tmp/cc8oiIIG.debug.temp.o
                                        0x713 (size before relaxing)
 .debug_str     0x000000000000752f      0x55e /tmp/ccKtivwc.debug.temp.o
                                       0x19e2 (size before relaxing)
 .debug_str     0x0000000000007a8d      0x1f3 /tmp/ccHB1oBR.debug.temp.o
                                        0x9ad (size before relaxing)
 .debug_str     0x0000000000007c80      0x2d8 /tmp/ccTeqVee.debug.temp.o
                                        0x676 (size before relaxing)
 .debug_str     0x0000000000007f58     0x19a9 /tmp/cceyASg5.debug.temp.o
 .debug_str     0x0000000000007f58       0x9e /tmp/ccQQvbCL.debug.temp.o
                                       0x153f (size before relaxing)
 .debug_str     0x0000000000007ff6      0x307 /tmp/cc8kmCdM.debug.temp.o
                                       0x1787 (size before relaxing)

.debug_line_str
                0x0000000000000000     0x2ee5
 .debug_line_str
                0x0000000000000000      0x7b5 /tmp/cczPYqM4.ltrans0.ltrans.o
                                        0xb79 (size before relaxing)
 .debug_line_str
                0x00000000000007b5      0x181 /tmp/ccDXYEzT.debug.temp.o
                                        0x246 (size before relaxing)
 .debug_line_str
                0x0000000000000936      0x140 /tmp/ccPTCraP.debug.temp.o
                                        0x3bc (size before relaxing)
 .debug_line_str
                0x0000000000000a76      0x106 /tmp/ccDE4Vv4.debug.temp.o
                                        0x421 (size before relaxing)
 .debug_line_str
                0x0000000000000b7c       0x50 /tmp/ccwt8mmX.debug.temp.o
                                        0x2f4 (size before relaxing)
 .debug_line_str
                0x0000000000000bcc       0xe3 /tmp/ccrclXQd.debug.temp.o
                                        0x303 (size before relaxing)
 .debug_line_str
                0x0000000000000caf       0x9e /tmp/cc0Ls8Vh.debug.temp.o
                                        0x330 (size before relaxing)
 .debug_line_str
                0x0000000000000d4d       0x98 /tmp/ccol0iqr.debug.temp.o
                                        0x1d5 (size before relaxing)
 .debug_line_str
                0x0000000000000de5       0x79 /tmp/ccId6Qbc.debug.temp.o
                                        0x19b (size before relaxing)
 .debug_line_str
                0x0000000000000e5e       0xa7 /tmp/cchVG3KU.debug.temp.o
                                        0x16d (size before relaxing)
 .debug_line_str
                0x0000000000000f05       0xdb /tmp/ccaApZpY.debug.temp.o
                                        0x1a4 (size before relaxing)
 .debug_line_str
                0x0000000000000fe0       0x47 /tmp/ccPZtM1C.debug.temp.o
                                        0x1a8 (size before relaxing)
 .debug_line_str
                0x0000000000001027       0x89 /tmp/ccV3VNCx.debug.temp.o
                                        0x202 (size before relaxing)
 .debug_line_str
                0x00000000000010b0       0x58 /tmp/ccCOyYcn.debug.temp.o
                                        0x162 (size before relaxing)
 .debug_line_str
                0x0000000000001108      0x112 /tmp/ccCpCYlg.debug.temp.o
                                        0x2b9 (size before relaxing)
 .debug_line_str
                0x000000000000121a       0xa1 /tmp/ccOfso1H.debug.temp.o
                                        0x1bd (size before relaxing)
 .debug_line_str
                0x00000000000012bb      0x125 /tmp/ccQ1TysF.debug.temp.o
                                        0x334 (size before relaxing)
 .debug_line_str
                0x00000000000013e0       0xd3 /tmp/ccvyfk8G.debug.temp.o
                                        0x2a8 (size before relaxing)
 .debug_line_str
                0x00000000000014b3       0xdb /tmp/ccLqOV1C.debug.temp.o
                                        0x248 (size before relaxing)
 .debug_line_str
                0x000000000000158e       0x69 /tmp/ccHWJWEm.debug.temp.o
                                        0x1f0 (size before relaxing)
 .debug_line_str
                0x00000000000015f7      0x153 /tmp/cccpdqXM.debug.temp.o
                                        0x3a6 (size before relaxing)
 .debug_line_str
                0x000000000000174a       0x70 /tmp/ccllXnei.debug.temp.o
                                        0x3c9 (size before relaxing)
 .debug_line_str
                0x00000000000017ba       0xd4 /tmp/ccM8SwMY.debug.temp.o
                                        0x1a4 (size before relaxing)
 .debug_line_str
                0x000000000000188e       0x50 /tmp/cclls35i.debug.temp.o
                                        0x1a2 (size before relaxing)
 .debug_line_str
                0x00000000000018de       0x51 /tmp/ccrP12wB.debug.temp.o
                                        0x1a4 (size before relaxing)
 .debug_line_str
                0x000000000000192f       0x4d /tmp/ccMQsxyF.debug.temp.o
                                        0x1c7 (size before relaxing)
 .debug_line_str
                0x000000000000197c       0x98 /tmp/ccQjCibC.debug.temp.o
                                        0x156 (size before relaxing)
 .debug_line_str
                0x0000000000001a14       0x3e /tmp/ccUcQfKb.debug.temp.o
                                        0x15e (size before relaxing)
 .debug_line_str
                0x0000000000001a52       0x53 /tmp/ccsa3Gsi.debug.temp.o
                                        0x16b (size before relaxing)
 .debug_line_str
                0x0000000000001aa5       0x41 /tmp/ccOI8Rg2.debug.temp.o
                                        0x12e (size before relaxing)
 .debug_line_str
                0x0000000000001ae6       0x42 /tmp/ccODtLcd.debug.temp.o
                                        0x15b (size before relaxing)
 .debug_line_str
                0x0000000000001b28       0x3a /tmp/ccUMshjD.debug.temp.o
                                        0x14b (size before relaxing)
 .debug_line_str
                0x0000000000001b62       0xa0 /tmp/ccJXoxcz.debug.temp.o
                                        0x223 (size before relaxing)
 .debug_line_str
                0x0000000000001c02       0x40 /tmp/cc5lHSdo.debug.temp.o
                                        0x158 (size before relaxing)
 .debug_line_str
                0x0000000000001c42       0x3d /tmp/ccX8v9Gq.debug.temp.o
                                        0x151 (size before relaxing)
 .debug_line_str
                0x0000000000001c7f       0x4b /tmp/ccFXkUrG.debug.temp.o
                                        0x16d (size before relaxing)
 .debug_line_str
                0x0000000000001cca       0x44 /tmp/ccr0gvLC.debug.temp.o
                                        0x15f (size before relaxing)
 .debug_line_str
                0x0000000000001d0e       0x48 /tmp/ccWhIV8y.debug.temp.o
                                        0x17b (size before relaxing)
 .debug_line_str
                0x0000000000001d56      0x12b /tmp/ccoPNe9P.debug.temp.o
                                        0x23d (size before relaxing)
 .debug_line_str
                0x0000000000001e81       0x44 /tmp/cc1i5rGt.debug.temp.o
                                        0x1b0 (size before relaxing)
 .debug_line_str
                0x0000000000001ec5      0x154 /tmp/cc5JU98o.debug.temp.o
                                        0x228 (size before relaxing)
 .debug_line_str
                0x0000000000002019       0x96 /tmp/ccrMoC4D.debug.temp.o
                                        0x323 (size before relaxing)
 .debug_line_str
                0x00000000000020af       0x55 /tmp/ccHMfvFl.debug.temp.o
                                        0x1a6 (size before relaxing)
 .debug_line_str
                0x0000000000002104       0xe3 /tmp/ccQAFbv1.debug.temp.o
                                        0x23d (size before relaxing)
 .debug_line_str
                0x00000000000021e7       0xdb /tmp/ccSywPkg.debug.temp.o
                                        0x2c5 (size before relaxing)
 .debug_line_str
                0x00000000000022c2       0xe7 /tmp/ccU3rFaf.debug.temp.o
                                        0x2bc (size before relaxing)
 .debug_line_str
                0x00000000000023a9      0x1ca /tmp/ccRPOye0.debug.temp.o
                                        0x3f2 (size before relaxing)
 .debug_line_str
                0x0000000000002573      0x131 /tmp/cctY1bpD.debug.temp.o
                                        0x343 (size before relaxing)
 .debug_line_str
                0x00000000000026a4      0x12e /tmp/ccVMLiS9.debug.temp.o
                                        0x24a (size before relaxing)
 .debug_line_str
                0x00000000000027d2       0xab /tmp/cc8oiIIG.debug.temp.o
                                        0x1b5 (size before relaxing)
 .debug_line_str
                0x000000000000287d      0x114 /tmp/ccKtivwc.debug.temp.o
                                        0x315 (size before relaxing)
 .debug_line_str
                0x0000000000002991       0xd5 /tmp/ccHB1oBR.debug.temp.o
                                        0x1ce (size before relaxing)
 .debug_line_str
                0x0000000000002a66      0x144 /tmp/ccTeqVee.debug.temp.o
                                        0x300 (size before relaxing)
 .debug_line_str
                0x0000000000002baa      0x13e /tmp/cceyASg5.debug.temp.o
                                        0x367 (size before relaxing)
 .debug_line_str
                0x0000000000002ce8      0x14e /tmp/ccQQvbCL.debug.temp.o
                                        0x34d (size before relaxing)
 .debug_line_str
                0x0000000000002e36       0xaf /tmp/cc8kmCdM.debug.temp.o
                                        0x29f (size before relaxing)

.debug_frame    0x0000000000000000      0xaf0
 .debug_frame   0x0000000000000000      0xaf0 /tmp/cczPYqM4.ltrans0.ltrans.o
