Archive member included to satisfy reference by file (symbol)

/home/mcw/MCW/Dell/EDK2/edk2/Build/OvmfX64/RELEASE_GCC5/X64/MdeModulePkg/Universal/SetupBrowserDxe/SetupBrowserDxe/OUTPUT/SetupBrowser.lib(Setup.obj)
                              (--whole-archive)
/home/mcw/MCW/Dell/EDK2/edk2/Build/OvmfX64/RELEASE_GCC5/X64/MdeModulePkg/Universal/SetupBrowserDxe/SetupBrowserDxe/OUTPUT/SetupBrowser.lib(IfrParse.obj)
                              (--whole-archive)
/home/mcw/MCW/Dell/EDK2/edk2/Build/OvmfX64/RELEASE_GCC5/X64/MdeModulePkg/Universal/SetupBrowserDxe/SetupBrowserDxe/OUTPUT/SetupBrowser.lib(Expression.obj)
                              (--whole-archive)
/home/mcw/MCW/Dell/EDK2/edk2/Build/OvmfX64/RELEASE_GCC5/X64/MdeModulePkg/Universal/SetupBrowserDxe/SetupBrowserDxe/OUTPUT/SetupBrowser.lib(Presentation.obj)
                              (--whole-archive)
/home/mcw/MCW/Dell/EDK2/edk2/Build/OvmfX64/RELEASE_GCC5/X64/MdeModulePkg/Universal/SetupBrowserDxe/SetupBrowserDxe/OUTPUT/SetupBrowser.lib(AutoGen.obj)
                              (--whole-archive)
/home/mcw/MCW/Dell/EDK2/edk2/Build/OvmfX64/RELEASE_GCC5/X64/MdePkg/Library/RegisterFilterLibNull/RegisterFilterLibNull/OUTPUT/FilterLibNull.lib(RegisterFilterLibNull.obj)
                              (--whole-archive)
/home/mcw/MCW/Dell/EDK2/edk2/Build/OvmfX64/RELEASE_GCC5/X64/MdePkg/Library/DxePcdLib/DxePcdLib/OUTPUT/DxePcdLib.lib(DxePcdLib.obj)
                              (--whole-archive)
/home/mcw/MCW/Dell/EDK2/edk2/Build/OvmfX64/RELEASE_GCC5/X64/MdePkg/Library/BaseMemoryLibRepStr/BaseMemoryLibRepStr/OUTPUT/BaseMemoryLibRepStr.lib(ScanMem64Wrapper.obj)
                              (--whole-archive)
/home/mcw/MCW/Dell/EDK2/edk2/Build/OvmfX64/RELEASE_GCC5/X64/MdePkg/Library/BaseMemoryLibRepStr/BaseMemoryLibRepStr/OUTPUT/BaseMemoryLibRepStr.lib(ScanMem32Wrapper.obj)
                              (--whole-archive)
/home/mcw/MCW/Dell/EDK2/edk2/Build/OvmfX64/RELEASE_GCC5/X64/MdePkg/Library/BaseMemoryLibRepStr/BaseMemoryLibRepStr/OUTPUT/BaseMemoryLibRepStr.lib(ScanMem16Wrapper.obj)
                              (--whole-archive)
/home/mcw/MCW/Dell/EDK2/edk2/Build/OvmfX64/RELEASE_GCC5/X64/MdePkg/Library/BaseMemoryLibRepStr/BaseMemoryLibRepStr/OUTPUT/BaseMemoryLibRepStr.lib(ScanMem8Wrapper.obj)
                              (--whole-archive)
/home/mcw/MCW/Dell/EDK2/edk2/Build/OvmfX64/RELEASE_GCC5/X64/MdePkg/Library/BaseMemoryLibRepStr/BaseMemoryLibRepStr/OUTPUT/BaseMemoryLibRepStr.lib(ZeroMemWrapper.obj)
                              (--whole-archive)
/home/mcw/MCW/Dell/EDK2/edk2/Build/OvmfX64/RELEASE_GCC5/X64/MdePkg/Library/BaseMemoryLibRepStr/BaseMemoryLibRepStr/OUTPUT/BaseMemoryLibRepStr.lib(CompareMemWrapper.obj)
                              (--whole-archive)
/home/mcw/MCW/Dell/EDK2/edk2/Build/OvmfX64/RELEASE_GCC5/X64/MdePkg/Library/BaseMemoryLibRepStr/BaseMemoryLibRepStr/OUTPUT/BaseMemoryLibRepStr.lib(SetMemNWrapper.obj)
                              (--whole-archive)
/home/mcw/MCW/Dell/EDK2/edk2/Build/OvmfX64/RELEASE_GCC5/X64/MdePkg/Library/BaseMemoryLibRepStr/BaseMemoryLibRepStr/OUTPUT/BaseMemoryLibRepStr.lib(SetMem64Wrapper.obj)
                              (--whole-archive)
/home/mcw/MCW/Dell/EDK2/edk2/Build/OvmfX64/RELEASE_GCC5/X64/MdePkg/Library/BaseMemoryLibRepStr/BaseMemoryLibRepStr/OUTPUT/BaseMemoryLibRepStr.lib(SetMem32Wrapper.obj)
                              (--whole-archive)
/home/mcw/MCW/Dell/EDK2/edk2/Build/OvmfX64/RELEASE_GCC5/X64/MdePkg/Library/BaseMemoryLibRepStr/BaseMemoryLibRepStr/OUTPUT/BaseMemoryLibRepStr.lib(SetMem16Wrapper.obj)
                              (--whole-archive)
/home/mcw/MCW/Dell/EDK2/edk2/Build/OvmfX64/RELEASE_GCC5/X64/MdePkg/Library/BaseMemoryLibRepStr/BaseMemoryLibRepStr/OUTPUT/BaseMemoryLibRepStr.lib(SetMemWrapper.obj)
                              (--whole-archive)
/home/mcw/MCW/Dell/EDK2/edk2/Build/OvmfX64/RELEASE_GCC5/X64/MdePkg/Library/BaseMemoryLibRepStr/BaseMemoryLibRepStr/OUTPUT/BaseMemoryLibRepStr.lib(CopyMemWrapper.obj)
                              (--whole-archive)
/home/mcw/MCW/Dell/EDK2/edk2/Build/OvmfX64/RELEASE_GCC5/X64/MdePkg/Library/BaseMemoryLibRepStr/BaseMemoryLibRepStr/OUTPUT/BaseMemoryLibRepStr.lib(IsZeroBufferWrapper.obj)
                              (--whole-archive)
/home/mcw/MCW/Dell/EDK2/edk2/Build/OvmfX64/RELEASE_GCC5/X64/MdePkg/Library/BaseMemoryLibRepStr/BaseMemoryLibRepStr/OUTPUT/BaseMemoryLibRepStr.lib(MemLibGuid.obj)
                              (--whole-archive)
/home/mcw/MCW/Dell/EDK2/edk2/Build/OvmfX64/RELEASE_GCC5/X64/MdePkg/Library/BaseMemoryLibRepStr/BaseMemoryLibRepStr/OUTPUT/BaseMemoryLibRepStr.lib(ScanMem64.obj)
                              (--whole-archive)
/home/mcw/MCW/Dell/EDK2/edk2/Build/OvmfX64/RELEASE_GCC5/X64/MdePkg/Library/BaseMemoryLibRepStr/BaseMemoryLibRepStr/OUTPUT/BaseMemoryLibRepStr.lib(ScanMem32.obj)
                              (--whole-archive)
[...]
Memory Configuration

Name             Origin             Length             Attributes
*default*        0x0000000000000000 0xffffffffffffffff

Linker script and memory map

START GROUP
LOAD /tmp/ccEpM5hr.ltrans0.ltrans.o
LOAD /tmp/ccEpM5hr.ltrans1.ltrans.o
LOAD /tmp/ccHMztv7.debug.temp.o
LOAD /tmp/ccmN5Sp9.debug.temp.o
LOAD /tmp/cc5J4Hy1.debug.temp.o
LOAD /tmp/ccTLAYTc.debug.temp.o
LOAD /tmp/ccmATk3S.debug.temp.o
LOAD /tmp/ccNG1w6J.debug.temp.o
LOAD /tmp/ccUzEXHk.debug.temp.o
LOAD /tmp/ccrdyFVA.debug.temp.o
LOAD /tmp/cchUhDrM.debug.temp.o
LOAD /tmp/ccTQfaoy.debug.temp.o
LOAD /tmp/ccuA9Jdj.debug.temp.o
LOAD /tmp/ccsp4m2t.debug.temp.o
LOAD /tmp/ccRuK41x.debug.temp.o
LOAD /tmp/cckdpujg.debug.temp.o
LOAD /tmp/ccvKzbzK.debug.temp.o
LOAD /tmp/cc4Csd2a.debug.temp.o
LOAD /tmp/ccBob7Gs.debug.temp.o
LOAD /tmp/cc2H5hh7.debug.temp.o
LOAD /tmp/ccjmHop0.debug.temp.o
LOAD /tmp/ccwXhJz4.debug.temp.o
LOAD /tmp/ccED9ds8.debug.temp.o
LOAD /tmp/ccDskR2x.debug.temp.o
LOAD /tmp/ccpVl5a9.debug.temp.o
LOAD /tmp/ccsU2p21.debug.temp.o
LOAD /tmp/ccdyEvQP.debug.temp.o
LOAD /tmp/ccO2XfWE.debug.temp.o
LOAD /tmp/cccphc0e.debug.temp.o
LOAD /tmp/ccsiJ0Au.debug.temp.o
LOAD /tmp/cc6B37hO.debug.temp.o
LOAD /tmp/cckxSeRH.debug.temp.o
LOAD /tmp/cc3CUmSE.debug.temp.o
LOAD /tmp/cchwQrnH.debug.temp.o
LOAD /tmp/ccqotjKl.debug.temp.o
LOAD /tmp/ccoE8k6l.debug.temp.o
LOAD /tmp/ccg89oeC.debug.temp.o
LOAD /tmp/cc82ci31.debug.temp.o
LOAD /tmp/cc6Al0zm.debug.temp.o
LOAD /tmp/cc7nhiBk.debug.temp.o
LOAD /tmp/cchwXhmX.debug.temp.o
LOAD /tmp/cc9KOon3.debug.temp.o
LOAD /tmp/ccxnK6SX.debug.temp.o
LOAD /tmp/ccZ3uL0q.debug.temp.o
LOAD /tmp/ccYWKhJa.debug.temp.o
LOAD /tmp/ccBFn5VK.debug.temp.o
LOAD /tmp/ccEVQdwO.debug.temp.o
LOAD /tmp/ccaNfiqg.debug.temp.o
LOAD /tmp/ccbN1G5G.debug.temp.o
LOAD /tmp/ccpx2jhx.debug.temp.o
LOAD /tmp/ccrXoEZB.debug.temp.o
LOAD /tmp/ccpI72Ta.debug.temp.o
LOAD /tmp/ccnovLQj.debug.temp.o
LOAD /tmp/ccJfcbFH.debug.temp.o
LOAD /tmp/cc7wO8S2.debug.temp.o
LOAD /tmp/ccSZoNeS.debug.temp.o
LOAD /tmp/ccP7iYzo.debug.temp.o
LOAD /tmp/ccsiB8xv.debug.temp.o
LOAD /tmp/ccQ4bMOB.debug.temp.o
LOAD /tmp/ccRj8MXJ.debug.temp.o
LOAD /tmp/ccNZf5ve.debug.temp.o
LOAD /tmp/ccLEvOOG.debug.temp.o
LOAD /tmp/ccK2o03R.debug.temp.o
LOAD /tmp/ccMAGMOR.debug.temp.o
LOAD /tmp/ccf5JmKP.debug.temp.o
LOAD /tmp/ccGr6fz7.debug.temp.o
LOAD /tmp/cczgdiL0.debug.temp.o
LOAD /tmp/ccl8dyFW.debug.temp.o
LOAD /tmp/ccjwi26n.debug.temp.o
LOAD /tmp/ccF2ewdQ.debug.temp.o
LOAD /tmp/ccrEuYU8.debug.temp.o
LOAD /tmp/cczkdqqH.debug.temp.o
LOAD /tmp/ccFOhGqQ.debug.temp.o
LOAD /tmp/cciy12PO.debug.temp.o
LOAD /tmp/ccrr4VPC.debug.temp.o
LOAD /tmp/ccjTlhSp.debug.temp.o
LOAD /tmp/ccyPJdur.debug.temp.o
LOAD /tmp/ccTRMy9j.debug.temp.o
LOAD /tmp/ccsMDZUN.debug.temp.o
LOAD /tmp/ccH5NnQW.debug.temp.o
LOAD /tmp/ccFrtqBZ.debug.temp.o
LOAD /tmp/ccJiBP9w.debug.temp.o
LOAD /tmp/ccKTrbLJ.debug.temp.o
LOAD /tmp/cciyxIHM.debug.temp.o
LOAD /tmp/cc3O5GFW.debug.temp.o
LOAD /tmp/ccUBOb0o.debug.temp.o
LOAD /tmp/ccsv2WsC.debug.temp.o
LOAD /tmp/cc3f1Btc.debug.temp.o
LOAD /tmp/ccrQ0zmK.debug.temp.o
LOAD /tmp/ccij0PwV.debug.temp.o
LOAD /tmp/ccX5B1LN.debug.temp.o
LOAD /tmp/ccmsRPMV.debug.temp.o
LOAD /tmp/ccuqqy8g.debug.temp.o
LOAD /tmp/ccqt2vDt.debug.temp.o
LOAD /tmp/cc6QQ1xW.debug.temp.o
LOAD /tmp/cclixrC1.debug.temp.o
LOAD /tmp/ccCRMZHV.debug.temp.o
LOAD /tmp/cccaP5u9.debug.temp.o
LOAD /tmp/ccJbOBTf.debug.temp.o
LOAD /tmp/ccivnAVc.debug.temp.o
LOAD /tmp/ccYoiTtl.debug.temp.o
LOAD /tmp/ccnTRziZ.debug.temp.o
LOAD /tmp/ccK8T7yV.debug.temp.o
LOAD /tmp/ccS320S9.debug.temp.o
LOAD /tmp/cctWxh9c.debug.temp.o
LOAD /tmp/cc5I7oqs.debug.temp.o
LOAD /tmp/ccpsGgY1.debug.temp.o
LOAD /tmp/ccCD5PFP.debug.temp.o
LOAD /tmp/ccTGJfdb.debug.temp.o
LOAD /tmp/ccyPkTMS.debug.temp.o
LOAD /tmp/ccQP5ttf.debug.temp.o
LOAD /tmp/cc9D2Agh.debug.temp.o
LOAD /tmp/cc6byS8O.debug.temp.o
LOAD /tmp/cczHAaJ3.debug.temp.o
LOAD /tmp/ccbgTbIM.debug.temp.o
LOAD /home/mcw/MCW/Dell/EDK2/edk2/Build/OvmfX64/RELEASE_GCC5/X64/MdeModulePkg/Universal/SetupBrowserDxe/SetupBrowserDxe/OUTPUT/SetupBrowser.lib
LOAD /home/mcw/MCW/Dell/EDK2/edk2/Build/OvmfX64/RELEASE_GCC5/X64/MdePkg/Library/RegisterFilterLibNull/RegisterFilterLibNull/OUTPUT/FilterLibNull.lib
LOAD /home/mcw/MCW/Dell/EDK2/edk2/Build/OvmfX64/RELEASE_GCC5/X64/MdePkg/Library/DxePcdLib/DxePcdLib/OUTPUT/DxePcdLib.lib
LOAD /home/mcw/MCW/Dell/EDK2/edk2/Build/OvmfX64/RELEASE_GCC5/X64/MdePkg/Library/BaseMemoryLibRepStr/BaseMemoryLibRepStr/OUTPUT/BaseMemoryLibRepStr.lib
LOAD /home/mcw/MCW/Dell/EDK2/edk2/Build/OvmfX64/RELEASE_GCC5/X64/MdePkg/Library/BaseLib/BaseLib/OUTPUT/BaseLib.lib
LOAD /home/mcw/MCW/Dell/EDK2/edk2/Build/OvmfX64/RELEASE_GCC5/X64/MdePkg/Library/TdxLib/TdxLib/OUTPUT/TdxLib.lib
LOAD /home/mcw/MCW/Dell/EDK2/edk2/Build/OvmfX64/RELEASE_GCC5/X64/OvmfPkg/Library/MemDebugLogLib/MemDebugLogLibNull/OUTPUT/MemDebugLogLibNull.lib
LOAD /home/mcw/MCW/Dell/EDK2/edk2/Build/OvmfX64/RELEASE_GCC5/X64/MdePkg/Library/BaseDebugPrintErrorLevelLib/BaseDebugPrintErrorLevelLib/OUTPUT/BaseDebugPrintErrorLevelLib.lib
LOAD /home/mcw/MCW/Dell/EDK2/edk2/Build/OvmfX64/RELEASE_GCC5/X64/MdePkg/Library/BaseIoLibIntrinsic/BaseIoLibIntrinsicSev/OUTPUT/BaseIoLibIntrinsicSev.lib
LOAD /home/mcw/MCW/Dell/EDK2/edk2/Build/OvmfX64/RELEASE_GCC5/X64/MdePkg/Library/BasePrintLib/BasePrintLib/OUTPUT/BasePrintLib.lib
LOAD /home/mcw/MCW/Dell/EDK2/edk2/Build/OvmfX64/RELEASE_GCC5/X64/OvmfPkg/Library/PlatformDebugLibIoPort/PlatformDebugLibIoPort/OUTPUT/PlatformDebugLibIoPort.lib
LOAD /home/mcw/MCW/Dell/EDK2/edk2/Build/OvmfX64/RELEASE_GCC5/X64/OvmfPkg/Library/CcProbeLib/DxeCcProbeLib/OUTPUT/DxeCcProbeLib.lib
LOAD /home/mcw/MCW/Dell/EDK2/edk2/Build/OvmfX64/RELEASE_GCC5/X64/MdePkg/Library/UefiBootServicesTableLib/UefiBootServicesTableLib/OUTPUT/UefiBootServicesTableLib.lib
LOAD /home/mcw/MCW/Dell/EDK2/edk2/Build/OvmfX64/RELEASE_GCC5/X64/MdePkg/Library/UefiMemoryAllocationLib/UefiMemoryAllocationLib/OUTPUT/UefiMemoryAllocationLib.lib
LOAD /home/mcw/MCW/Dell/EDK2/edk2/Build/OvmfX64/RELEASE_GCC5/X64/MdePkg/Library/UefiDevicePathLibDevicePathProtocol/UefiDevicePathLibDevicePathProtocol/OUTPUT/UefiDevicePathLibDevicePathProtocol.lib
LOAD /home/mcw/MCW/Dell/EDK2/edk2/Build/OvmfX64/RELEASE_GCC5/X64/MdePkg/Library/UefiRuntimeServicesTableLib/UefiRuntimeServicesTableLib/OUTPUT/UefiRuntimeServicesTableLib.lib
LOAD /home/mcw/MCW/Dell/EDK2/edk2/Build/OvmfX64/RELEASE_GCC5/X64/MdePkg/Library/StackCheckLibNull/StackCheckLibNull/OUTPUT/StackCheckLibNull.lib
LOAD /home/mcw/MCW/Dell/EDK2/edk2/Build/OvmfX64/RELEASE_GCC5/X64/MdeModulePkg/Library/UefiHiiServicesLib/UefiHiiServicesLib/OUTPUT/UefiHiiServicesLib.lib
LOAD /home/mcw/MCW/Dell/EDK2/edk2/Build/OvmfX64/RELEASE_GCC5/X64/MdePkg/Library/UefiLib/UefiLib/OUTPUT/UefiLib.lib
LOAD /home/mcw/MCW/Dell/EDK2/edk2/Build/OvmfX64/RELEASE_GCC5/X64/MdePkg/Library/UefiDriverEntryPoint/UefiDriverEntryPoint/OUTPUT/UefiDriverEntryPoint.lib
LOAD /home/mcw/MCW/Dell/EDK2/edk2/Build/OvmfX64/RELEASE_GCC5/X64/MdeModulePkg/Library/UefiHiiLib/UefiHiiLib/OUTPUT/UefiHiiLib.lib
END GROUP
                0x0000000000000228                PECOFF_HEADER_SIZE = 0x228
                0x0000000000000228                . = PECOFF_HEADER_SIZE

.text           0x0000000000000240    0x11570
 *(.entry)
 *(.text .text.* .stub .gnu.linkonce.t.*)
 .text.FormDisplayCallback
                0x0000000000000240       0x2f /tmp/ccEpM5hr.ltrans0.ltrans.o
                0x0000000000000240                FormDisplayCallback
 .text.IsHiiHandleInBrowserContext
                0x000000000000026f       0x41 /tmp/ccEpM5hr.ltrans0.ltrans.o
 .text.SetScope
                0x00000000000002b0       0x52 /tmp/ccEpM5hr.ltrans0.ltrans.o
 .text.RegiserExitHandler
                0x0000000000000302        0xc /tmp/ccEpM5hr.ltrans0.ltrans.o
 .text.IsResetRequired
                0x000000000000030e        0xb /tmp/ccEpM5hr.ltrans0.ltrans.o
 .text.SubmitCallbackForForm.part.0
                0x0000000000000319       0xa1 /tmp/ccEpM5hr.ltrans0.ltrans.o
 .text.SubmitCallback.part.0
                0x00000000000003ba       0x4f /tmp/ccEpM5hr.ltrans0.ltrans.o
 .text.IsExpressionOpCode
                0x0000000000000409       0x3b /tmp/ccEpM5hr.ltrans0.ltrans.o
 .text.IsStatementOpCode
                0x0000000000000444       0x2c /tmp/ccEpM5hr.ltrans0.ltrans.o
 .text.IdToQuestion2
                0x0000000000000470       0x40 /tmp/ccEpM5hr.ltrans0.ltrans.o
 .text.InitializeUnicodeCollationProtocol
                0x00000000000004b0       0x38 /tmp/ccEpM5hr.ltrans0.ltrans.o
 .text.IfrStrToUpper
                0x00000000000004e8       0x1e /tmp/ccEpM5hr.ltrans0.ltrans.o
 .text.GetLengthForValue
                0x0000000000000506       0x31 /tmp/ccEpM5hr.ltrans0.ltrans.o
 .text.GetBufferForValue
                0x0000000000000537       0x24 /tmp/ccEpM5hr.ltrans0.ltrans.o
 .text.ExtendValueToU64
                0x000000000000055b       0x37 /tmp/ccEpM5hr.ltrans0.ltrans.o
 .text.HiiValueToUINT64
                0x0000000000000592       0x36 /tmp/ccEpM5hr.ltrans0.ltrans.o
 .text.UiFreeMenuList
                0x00000000000005c8       0x48 /tmp/ccEpM5hr.ltrans0.ltrans.o
 .text.DestroyExpression
                0x0000000000000610       0xe9 /tmp/ccEpM5hr.ltrans0.ltrans.o
 .text.GetBitsQuestionValue
                0x00000000000006f9       0x75 /tmp/ccEpM5hr.ltrans0.ltrans.o
 .text.SetBitsQuestionValue
                0x000000000000076e       0x95 /tmp/ccEpM5hr.ltrans0.ltrans.o
 .text.PopScope
                0x0000000000000803       0x74 /tmp/ccEpM5hr.ltrans0.ltrans.o
 .text.PopExpression
                0x0000000000000877       0x52 /tmp/ccEpM5hr.ltrans0.ltrans.o
 .text.UiCopyMenuList
                0x00000000000008c9       0xbc /tmp/ccEpM5hr.ltrans0.ltrans.o
 .text.NewString
                0x0000000000000985       0x1a /tmp/ccEpM5hr.ltrans0.ltrans.o
 .text.DeleteString
                0x000000000000099f       0x24 /tmp/ccEpM5hr.ltrans0.ltrans.o
 .text.DestroyFormSet
                0x00000000000009c3      0x500 /tmp/ccEpM5hr.ltrans0.ltrans.o
 .text.PasswordCheck
                0x0000000000000ec3       0xe7 /tmp/ccEpM5hr.ltrans0.ltrans.o
 .text.RegisterHotKey
                0x0000000000000faa      0x16a /tmp/ccEpM5hr.ltrans0.ltrans.o
 .text.ConfigRequestAdjust
                0x0000000000001114      0x2a1 /tmp/ccEpM5hr.ltrans0.ltrans.o
 .text.CleanBrowserStorage
                0x00000000000013b5      0x1bb /tmp/ccEpM5hr.ltrans0.ltrans.o
 .text.SetValueByName.part.0
                0x0000000000001570       0xdf /tmp/ccEpM5hr.ltrans0.ltrans.o
 .text.ConfigRespToStorage
                0x000000000000164f      0x129 /tmp/ccEpM5hr.ltrans0.ltrans.o
 .text.BufferToValue
                0x0000000000001778      0x206 /tmp/ccEpM5hr.ltrans0.ltrans.o
 .text.GetSyncRestoreConfigRequest
                0x000000000000197e      0x1e0 /tmp/ccEpM5hr.ltrans0.ltrans.o
 .text.CreateStorage
                0x0000000000001b5e      0x661 /tmp/ccEpM5hr.ltrans0.ltrans.o
 .text.CreateStatement
                0x00000000000021bf      0x1b2 /tmp/ccEpM5hr.ltrans0.ltrans.o
 .text.UiFindParentMenu
                0x0000000000002371       0x76 /tmp/ccEpM5hr.ltrans0.ltrans.o
                0x0000000000002371                UiFindParentMenu
 .text.PopupErrorMessage
                0x00000000000023e7       0xe7 /tmp/ccEpM5hr.ltrans0.ltrans.o
                0x00000000000023e7                PopupErrorMessage
 .text.GetToken
                0x00000000000024ce       0x5c /tmp/ccEpM5hr.ltrans0.ltrans.o
                0x00000000000024ce                GetToken
 .text.ConfirmSaveFail
                0x000000000000252a       0x99 /tmp/ccEpM5hr.ltrans0.ltrans.o
 .text.CreateQuestion
                0x00000000000025c3      0x24b /tmp/ccEpM5hr.ltrans0.ltrans.o
 .text.CompareHiiValue
                0x000000000000280e      0x1dd /tmp/ccEpM5hr.ltrans0.ltrans.o
 .text.NewStringCpy
                0x00000000000029eb       0x4d /tmp/ccEpM5hr.ltrans0.ltrans.o
                0x00000000000029eb                NewStringCpy
 .text.GetValueByName.part.0
                0x0000000000002a38       0x9a /tmp/ccEpM5hr.ltrans0.ltrans.o
 .text.NewStringCat
                0x0000000000002ad2       0xa1 /tmp/ccEpM5hr.ltrans0.ltrans.o
                0x0000000000002ad2                NewStringCat
 .text.ValidateHiiHandle
                0x0000000000002b73       0x61 /tmp/ccEpM5hr.ltrans0.ltrans.o
                0x0000000000002b73                ValidateHiiHandle
 .text.ValidateFormSet
                0x0000000000002bd4       0x5b /tmp/ccEpM5hr.ltrans0.ltrans.o
                0x0000000000002bd4                ValidateFormSet
 .text.GetFormSetFromHiiHandle
                0x0000000000002c2f       0x54 /tmp/ccEpM5hr.ltrans0.ltrans.o
 .text.IsBrowserDataModified
                0x0000000000002c83       0xa5 /tmp/ccEpM5hr.ltrans0.ltrans.o
 .text.HiiToLower
                0x0000000000002d28       0x40 /tmp/ccEpM5hr.ltrans0.ltrans.o
                0x0000000000002d28                HiiToLower
 .text.GetFstStgFromVarId
                0x0000000000002d68       0x3e /tmp/ccEpM5hr.ltrans0.ltrans.o
                0x0000000000002d68                GetFstStgFromVarId
 .text.GetFstStgFromBrsStg
                0x0000000000002da6       0x70 /tmp/ccEpM5hr.ltrans0.ltrans.o
                0x0000000000002da6                GetFstStgFromBrsStg
 .text.ProcessStorage
                0x0000000000002e16      0x191 /tmp/ccEpM5hr.ltrans0.ltrans.o
 .text.BrowserCallback
                0x0000000000002fa7      0x1c4 /tmp/ccEpM5hr.ltrans0.ltrans.o
 .text.PushStack
                0x000000000000316b      0x11c /tmp/ccEpM5hr.ltrans0.ltrans.o
                0x000000000000316b                PushStack
 .text.EvaluateExpression
                0x0000000000003287     0x279d /tmp/ccEpM5hr.ltrans0.ltrans.o
                0x0000000000003287                EvaluateExpression
 .text.GetQuestionValue
                0x0000000000005a24      0x55e /tmp/ccEpM5hr.ltrans0.ltrans.o
                0x0000000000005a24                GetQuestionValue
 .text.SendDiscardInfoToDriver
                0x0000000000005f82      0x112 /tmp/ccEpM5hr.ltrans0.ltrans.o
 .text.IsQuestionValueChanged
                0x0000000000006094      0x2a1 /tmp/ccEpM5hr.ltrans0.ltrans.o
                0x0000000000006094                IsQuestionValueChanged
 .text.UpdateFlagForForm
                0x0000000000006335       0xa2 /tmp/ccEpM5hr.ltrans0.ltrans.o
 .text.ValueChangeResetFlagUpdate.part.0
                0x00000000000063d7       0x4e /tmp/ccEpM5hr.ltrans0.ltrans.o
 .text.DiscardForm
                0x0000000000006425      0x1f5 /tmp/ccEpM5hr.ltrans0.ltrans.o
                0x0000000000006425                DiscardForm
 .text.IdToQuestion
                0x000000000000661a       0x84 /tmp/ccEpM5hr.ltrans0.ltrans.o
 .text.SetQuestionValue
                0x000000000000669e      0x61f /tmp/ccEpM5hr.ltrans0.ltrans.o
                0x000000000000669e                SetQuestionValue
 .text.ValidateQuestion
                0x0000000000006cbd      0x13e /tmp/ccEpM5hr.ltrans0.ltrans.o
 .text.ValueChangedValidation
                0x0000000000006dfb       0x6f /tmp/ccEpM5hr.ltrans0.ltrans.o
                0x0000000000006dfb                ValueChangedValidation
 .text.NoSubmitCheck
                0x0000000000006e6a       0xcc /tmp/ccEpM5hr.ltrans0.ltrans.o
 .text.SubmitForFormSet.part.0
                0x0000000000006f36      0x5e1 /tmp/ccEpM5hr.ltrans0.ltrans.o
 .text.SubmitForSystem
                0x0000000000007517      0x3ed /tmp/ccEpM5hr.ltrans0.ltrans.o
 .text.SubmitForm
                0x0000000000007904      0x2f3 /tmp/ccEpM5hr.ltrans0.ltrans.o
                0x0000000000007904                SubmitForm
 .text.SaveReminder
                0x0000000000007bf7       0xa6 /tmp/ccEpM5hr.ltrans0.ltrans.o
 .text.GetQuestionDefault
                0x0000000000007c9d      0x881 /tmp/ccEpM5hr.ltrans0.ltrans.o
 .text.InitializeFormSet
                0x000000000000851e     0x290b /tmp/ccEpM5hr.ltrans0.ltrans.o
 .text.ExtractDefault.part.0
                0x000000000000ae29      0x784 /tmp/ccEpM5hr.ltrans0.ltrans.o
 .text.ExtractDefault
                0x000000000000b5ad       0x44 /tmp/ccEpM5hr.ltrans0.ltrans.o
 .text.InitializeCurrentSetting
                0x000000000000b5f1      0x386 /tmp/ccEpM5hr.ltrans0.ltrans.o
 .text.ExecuteAction
                0x000000000000b977      0x134 /tmp/ccEpM5hr.ltrans0.ltrans.o
 .text.SendForm
                0x000000000000baab     0x1a14 /tmp/ccEpM5hr.ltrans0.ltrans.o
 .text.GetQuestionValueFromForm
                0x000000000000d4bf      0x117 /tmp/ccEpM5hr.ltrans0.ltrans.o
 .text.RefreshEventNotifyForForm
                0x000000000000d5d6       0x27 /tmp/ccEpM5hr.ltrans1.ltrans.o
                0x000000000000d5d6                RefreshEventNotifyForForm
 .text.FormUpdateNotify
                0x000000000000d5fd        0xe /tmp/ccEpM5hr.ltrans1.ltrans.o
                0x000000000000d5fd                FormUpdateNotify
 .text.ProcessLibraryDestructorList
                0x000000000000d60b        0x5 /tmp/ccEpM5hr.ltrans1.ltrans.o
 .text.InternalSafeStringNoStrOverlap
                0x000000000000d610       0x29 /tmp/ccEpM5hr.ltrans1.ltrans.o
 .text.AsciiStrnCmp.part.0
                0x000000000000d639       0x55 /tmp/ccEpM5hr.ltrans1.ltrans.o
 .text.BasePrintLibFillBuffer
                0x000000000000d68e       0x2d /tmp/ccEpM5hr.ltrans1.ltrans.o
 .text.BasePrintLibValueToString
                0x000000000000d6bb       0x2f /tmp/ccEpM5hr.ltrans1.ltrans.o
 .text.InternalAllocatePool.constprop.0
                0x000000000000d6ea       0x35 /tmp/ccEpM5hr.ltrans1.ltrans.o
 .text.UpdateStatementStatusForForm
                0x000000000000d71f       0x5c /tmp/ccEpM5hr.ltrans1.ltrans.o
 .text.ProcessChangedData
                0x000000000000d77b       0x5b /tmp/ccEpM5hr.ltrans1.ltrans.o
 .text.IsTrue   0x000000000000d7d6       0x3f /tmp/ccEpM5hr.ltrans1.ltrans.o
                0x000000000000d7d6                IsTrue
 .text.EvaluateExpressionList
                0x000000000000d815       0x99 /tmp/ccEpM5hr.ltrans1.ltrans.o
                0x000000000000d815                EvaluateExpressionList
 .text.GetBrowserStatement
                0x000000000000d8ae       0x47 /tmp/ccEpM5hr.ltrans1.ltrans.o
                0x000000000000d8ae                GetBrowserStatement
 .text.UpdateStatementStatusForFormSet
                0x000000000000d8f5       0x49 /tmp/ccEpM5hr.ltrans1.ltrans.o
                0x000000000000d8f5                UpdateStatementStatusForFormSet
 .text.UpdateStatementStatus
                0x000000000000d93e       0x6c /tmp/ccEpM5hr.ltrans1.ltrans.o
                0x000000000000d93e                UpdateStatementStatus
 .text.IsNvUpdateRequiredForForm
                0x000000000000d9aa       0x38 /tmp/ccEpM5hr.ltrans1.ltrans.o
                0x000000000000d9aa                IsNvUpdateRequiredForForm
 .text.IsNvUpdateRequiredForFormSet
                0x000000000000d9e2       0x4b /tmp/ccEpM5hr.ltrans1.ltrans.o
                0x000000000000d9e2                IsNvUpdateRequiredForFormSet
 .text.ZeroMem  0x000000000000da2d       0x12 /tmp/ccEpM5hr.ltrans1.ltrans.o
                0x000000000000da2d                ZeroMem
 .text.CompareMem
                0x000000000000da3f       0x16 /tmp/ccEpM5hr.ltrans1.ltrans.o
                0x000000000000da3f                CompareMem
 .text.CopyMem  0x000000000000da55       0x17 /tmp/ccEpM5hr.ltrans1.ltrans.o
                0x000000000000da55                CopyMem
 .text.FindParentFormSet
                0x000000000000da6c       0x7e /tmp/ccEpM5hr.ltrans1.ltrans.o
 .text.CompareGuid
                0x000000000000daea       0x1b /tmp/ccEpM5hr.ltrans1.ltrans.o
                0x000000000000daea                CompareGuid
 .text.FindNextMenu
                0x000000000000db05      0x135 /tmp/ccEpM5hr.ltrans1.ltrans.o
                0x000000000000db05                FindNextMenu
 .text.RemoveEntryList
                0x000000000000dc3a       0x16 /tmp/ccEpM5hr.ltrans1.ltrans.o
                0x000000000000dc3a                RemoveEntryList
 .text.StrnLenS
                0x000000000000dc50       0x2b /tmp/ccEpM5hr.ltrans1.ltrans.o
                0x000000000000dc50                StrnLenS
 .text.BasePrintLibSPrintMarker.constprop.0
                0x000000000000dc7b      0xbab /tmp/ccEpM5hr.ltrans1.ltrans.o
 .text.BasePrintLibSPrint.constprop.0
                0x000000000000e826       0x2a /tmp/ccEpM5hr.ltrans1.ltrans.o
 .text.StrCpyS  0x000000000000e850       0x9e /tmp/ccEpM5hr.ltrans1.ltrans.o
                0x000000000000e850                StrCpyS
 .text.StrnCpyS
                0x000000000000e8ee       0xca /tmp/ccEpM5hr.ltrans1.ltrans.o
                0x000000000000e8ee                StrnCpyS
 .text.StrCatS  0x000000000000e9b8       0xbb /tmp/ccEpM5hr.ltrans1.ltrans.o
                0x000000000000e9b8                StrCatS
 .text.StrLen   0x000000000000ea73       0x13 /tmp/ccEpM5hr.ltrans1.ltrans.o
                0x000000000000ea73                StrLen
 .text.StrSize  0x000000000000ea86       0x19 /tmp/ccEpM5hr.ltrans1.ltrans.o
                0x000000000000ea86                StrSize
 .text.StrCmp   0x000000000000ea9f       0x26 /tmp/ccEpM5hr.ltrans1.ltrans.o
                0x000000000000ea9f                StrCmp
 .text.StrStr   0x000000000000eac5       0x45 /tmp/ccEpM5hr.ltrans1.ltrans.o
                0x000000000000eac5                StrStr
 .text.StrHexToUint64
                0x000000000000eb0a      0x112 /tmp/ccEpM5hr.ltrans1.ltrans.o
                0x000000000000eb0a                StrHexToUint64
 .text.UnicodeSPrint
                0x000000000000ec1c       0x36 /tmp/ccEpM5hr.ltrans1.ltrans.o
                0x000000000000ec1c                UnicodeSPrint
 .text.AllocatePool
                0x000000000000ec52       0x16 /tmp/ccEpM5hr.ltrans1.ltrans.o
                0x000000000000ec52                AllocatePool
 .text.AllocateZeroPool
                0x000000000000ec68       0x39 /tmp/ccEpM5hr.ltrans1.ltrans.o
                0x000000000000ec68                AllocateZeroPool
 .text.GetBestLanguage.constprop.0
                0x000000000000eca1       0xfa /tmp/ccEpM5hr.ltrans1.ltrans.o
 .text.AllocateCopyPool
                0x000000000000ed9b       0x42 /tmp/ccEpM5hr.ltrans1.ltrans.o
                0x000000000000ed9b                AllocateCopyPool
 .text.FreePool
                0x000000000000eddd        0xe /tmp/ccEpM5hr.ltrans1.ltrans.o
                0x000000000000eddd                FreePool
 .text.FreeStatementData
                0x000000000000edeb       0x9c /tmp/ccEpM5hr.ltrans1.ltrans.o
 .text.FreeDisplayFormData
                0x000000000000ee87       0xce /tmp/ccEpM5hr.ltrans1.ltrans.o
                0x000000000000ee87                FreeDisplayFormData
 .text.GetFormsetGuidFromHiiHandle
                0x000000000000ef55      0x150 /tmp/ccEpM5hr.ltrans1.ltrans.o
 .text.HiiGetSupportedLanguages
                0x000000000000f0a5       0x8a /tmp/ccEpM5hr.ltrans1.ltrans.o
 .text._ModuleEntryPoint
                0x000000000000f12f      0x2ea /tmp/ccEpM5hr.ltrans1.ltrans.o
                0x000000000000f12f                _ModuleEntryPoint
 .text.ProcessCallBackFunction.constprop.0
                0x000000000000f419      0x546 /tmp/ccEpM5hr.ltrans1.ltrans.o
                0x000000000000f419                ProcessCallBackFunction.constprop.0
 .text.UpdateStatement
                0x000000000000f95f       0x6e /tmp/ccEpM5hr.ltrans1.ltrans.o
 .text.RefreshEventNotifyForStatement
                0x000000000000f9cd       0x29 /tmp/ccEpM5hr.ltrans1.ltrans.o
                0x000000000000f9cd                RefreshEventNotifyForStatement
 .text.RefreshIntervalProcess
                0x000000000000f9f6       0x75 /tmp/ccEpM5hr.ltrans1.ltrans.o
                0x000000000000f9f6                RefreshIntervalProcess
 .text.StorageToConfigResp.constprop.0
                0x000000000000fa6b      0x118 /tmp/ccEpM5hr.ltrans1.ltrans.o
                0x000000000000fa6b                StorageToConfigResp.constprop.0
 .text.CreateExpression.constprop.0
                0x000000000000fb83       0x40 /tmp/ccEpM5hr.ltrans1.ltrans.o
                0x000000000000fb83                CreateExpression.constprop.0
 .text.UnicodeValueToStringS.constprop.0
                0x000000000000fbc3       0xea /tmp/ccEpM5hr.ltrans1.ltrans.o
                0x000000000000fbc3                UnicodeValueToStringS.constprop.0
 .text.HiiSetString.constprop.0
                0x000000000000fcad      0x11f /tmp/ccEpM5hr.ltrans1.ltrans.o
                0x000000000000fcad                HiiSetString.constprop.0
 .text.HiiGetStringEx.constprop.0
                0x000000000000fdcc      0x1bc /tmp/ccEpM5hr.ltrans1.ltrans.o
                0x000000000000fdcc                HiiGetStringEx.constprop.0
 .text.HiiGetHiiHandles.constprop.0
                0x000000000000ff88       0x96 /tmp/ccEpM5hr.ltrans1.ltrans.o
                0x000000000000ff88                HiiGetHiiHandles.constprop.0
 .text.DevicePathToHiiHandle
                0x000000000001001e       0xe6 /tmp/ccEpM5hr.ltrans1.ltrans.o
                0x000000000001001e                DevicePathToHiiHandle
 .text.ProcessGotoOpCode
                0x0000000000010104      0x345 /tmp/ccEpM5hr.ltrans1.ltrans.o
                0x0000000000010104                ProcessGotoOpCode
 .text.IsTypeInBuffer.isra.0
                0x0000000000010449       0x1d /tmp/ccEpM5hr.ltrans1.ltrans.o
                0x0000000000010449                IsTypeInBuffer.isra.0
 .text.PushScope.isra.0
                0x0000000000010466       0x53 /tmp/ccEpM5hr.ltrans1.ltrans.o
                0x0000000000010466                PushScope.isra.0
 .text.PopConditionalStack.isra.0
                0x00000000000104b9       0x30 /tmp/ccEpM5hr.ltrans1.ltrans.o
                0x00000000000104b9                PopConditionalStack.isra.0
 .text.PushConditionalStack.isra.0
                0x00000000000104e9       0xce /tmp/ccEpM5hr.ltrans1.ltrans.o
                0x00000000000104e9                PushConditionalStack.isra.0
 .text.InitializeRequestElement.isra.0
                0x00000000000105b7      0x2c1 /tmp/ccEpM5hr.ltrans1.ltrans.o
                0x00000000000105b7                InitializeRequestElement.isra.0
 .text.LoadFormSetConfig.isra.0
                0x0000000000010878       0xe6 /tmp/ccEpM5hr.ltrans1.ltrans.o
                0x0000000000010878                LoadFormSetConfig.isra.0
 .text.SynchronizeStorage.isra.0
                0x000000000001095e      0x136 /tmp/ccEpM5hr.ltrans1.ltrans.o
                0x000000000001095e                SynchronizeStorage.isra.0
 *fill*         0x0000000000010a94        0xc 
 .text          0x0000000000010aa0       0x1d /home/mcw/MCW/Dell/EDK2/edk2/Build/OvmfX64/RELEASE_GCC5/X64/MdePkg/Library/BaseMemoryLibRepStr/BaseMemoryLibRepStr/OUTPUT/BaseMemoryLibRepStr.lib(CompareMem.obj)
                0x0000000000010aa0                InternalMemCompareMem
 *fill*         0x0000000000010abd        0x3 
 .text          0x0000000000010ac0       0x1d /home/mcw/MCW/Dell/EDK2/edk2/Build/OvmfX64/RELEASE_GCC5/X64/MdePkg/Library/BaseMemoryLibRepStr/BaseMemoryLibRepStr/OUTPUT/BaseMemoryLibRepStr.lib(ZeroMem.obj)
                0x0000000000010ac0                InternalMemZeroMem
 *fill*         0x0000000000010add        0x3 
 .text          0x0000000000010ae0       0x3c /home/mcw/MCW/Dell/EDK2/edk2/Build/OvmfX64/RELEASE_GCC5/X64/MdePkg/Library/BaseMemoryLibRepStr/BaseMemoryLibRepStr/OUTPUT/BaseMemoryLibRepStr.lib(CopyMem.obj)
                0x0000000000010ae0                InternalMemCopyMem
 .text.__stack_chk_fail
                0x0000000000010b1c        0x5 /home/mcw/MCW/Dell/EDK2/edk2/Build/OvmfX64/RELEASE_GCC5/X64/MdePkg/Library/StackCheckLibNull/StackCheckLibNull/OUTPUT/StackCheckLibNull.lib(StackCheckLibNullGcc.obj)
                0x0000000000010b1c                __stack_chk_fail
 *(.rodata .rodata.* .gnu.linkonce.r.*)
 *fill*         0x0000000000010b21        0x3 
 .rodata.ExtendValueToU64
                0x0000000000010b24       0x1c /tmp/ccEpM5hr.ltrans0.ltrans.o
 .rodata.HiiValueToUINT64
                0x0000000000010b40       0x1c /tmp/ccEpM5hr.ltrans0.ltrans.o
 .rodata.ConfigRequestAdjust.str2.2
                0x0000000000010b5c       0x2c /tmp/ccEpM5hr.ltrans0.ltrans.o
 .rodata.ConfigRespToStorage.str2.2
                0x0000000000010b88       0x2c /tmp/ccEpM5hr.ltrans0.ltrans.o
                                          0x4 (size before relaxing)
 .rodata.GetSyncRestoreConfigRequest.str2.2
                0x0000000000010b88       0x22 /tmp/ccEpM5hr.ltrans0.ltrans.o
                                         0x2e (size before relaxing)
 .rodata.CreateStorage.str2.2
                0x0000000000010baa       0x1c /tmp/ccEpM5hr.ltrans0.ltrans.o
                                         0x28 (size before relaxing)
 .rodata.GetToken.str2.2
                0x0000000000010bc6        0x4 /tmp/ccEpM5hr.ltrans0.ltrans.o
 .rodata.ConfirmSaveFail.str2.2
                0x0000000000010bca       0x34 /tmp/ccEpM5hr.ltrans0.ltrans.o
 .rodata.EvaluateExpression.str2.2
                0x0000000000010bfe       0x50 /tmp/ccEpM5hr.ltrans0.ltrans.o
                                         0x56 (size before relaxing)
 *fill*         0x0000000000010c4e        0x2 
 .rodata.EvaluateExpression
                0x0000000000010c50      0x1c0 /tmp/ccEpM5hr.ltrans0.ltrans.o
 .rodata.SubmitForSystem.str2.2
                0x0000000000010e10       0x42 /tmp/ccEpM5hr.ltrans0.ltrans.o
 *fill*         0x0000000000010e52        0x2 
 .rodata.InitializeFormSet
                0x0000000000010e54      0x34c /tmp/ccEpM5hr.ltrans0.ltrans.o
 .rodata.InitializeCurrentSetting.str2.2
                0x00000000000111a0       0x3c /tmp/ccEpM5hr.ltrans0.ltrans.o
 .rodata.SendForm.str2.2
                0x00000000000111dc       0x3c /tmp/ccEpM5hr.ltrans0.ltrans.o
                                          0x2 (size before relaxing)
 .rodata.CSWTCH.165
                0x00000000000111dc        0x3 /tmp/ccEpM5hr.ltrans0.ltrans.o
 *fill*         0x00000000000111df        0x1 
 .rodata.IsTrue
                0x00000000000111e0       0x14 /tmp/ccEpM5hr.ltrans1.ltrans.o
 .rodata.BasePrintLibSPrintMarker.constprop.0.str1.1
                0x00000000000111f4       0x7b /tmp/ccEpM5hr.ltrans1.ltrans.o
 *fill*         0x000000000001126f        0x1 
 .rodata.BasePrintLibSPrintMarker.constprop.0
                0x0000000000011270       0xec /tmp/ccEpM5hr.ltrans1.ltrans.o
 .rodata.ProcessCallBackFunction.constprop.0
                0x000000000001135c       0x24 /tmp/ccEpM5hr.ltrans1.ltrans.o
 .rodata.StorageToConfigResp.constprop.0.str2.2
                0x0000000000011380        0x8 /tmp/ccEpM5hr.ltrans1.ltrans.o
 .rodata.HiiSetString.constprop.0.str1.1
                0x0000000000011380        0x7 /tmp/ccEpM5hr.ltrans1.ltrans.o
 .rodata.HiiGetStringEx.constprop.0.str1.1
                0x0000000000011387        0x7 /tmp/ccEpM5hr.ltrans1.ltrans.o
                                          0x1 (size before relaxing)
 *fill*         0x0000000000011387        0x1 
 .rodata.HiiGetStringEx.constprop.0.str2.2
                0x0000000000011388       0x1a /tmp/ccEpM5hr.ltrans1.ltrans.o
 .rodata.InitializeRequestElement.isra.0.str2.2
                0x00000000000113a2       0x38 /tmp/ccEpM5hr.ltrans1.ltrans.o
 *fill*         0x00000000000113da        0x6 
 .rodata.mWarningString
                0x00000000000113e0       0xc8 /tmp/ccEpM5hr.ltrans1.ltrans.o
 *fill*         0x00000000000114a8       0x18 
 .rodata.mErrorString
                0x00000000000114c0      0x2df /tmp/ccEpM5hr.ltrans1.ltrans.o
 *fill*         0x000000000001179f        0x1 
 .rodata.mHexStr
                0x00000000000117a0       0x10 /tmp/ccEpM5hr.ltrans1.ltrans.o
 *(.got .got.*)
 .got           0x00000000000117b0        0x0 Setup.obj (symbol from plugin)
 .got.plt       0x00000000000117b0        0x0 Setup.obj (symbol from plugin)
 *:AutoGen.obj(.data.g*Guid)

.plt            0x00000000000117b0        0x0
 .plt           0x00000000000117b0        0x0 Setup.obj (symbol from plugin)

.plt.got        0x00000000000117b0        0x0
 .plt.got       0x00000000000117b0        0x0 Setup.obj (symbol from plugin)

.data           0x00000000000117c0      0x4d8
 *(.data .data.* .gnu.linkonce.d.*)
 .data.gEfiUserManagerProtocolGuid
                0x00000000000117c0       0x10 /tmp/ccEpM5hr.ltrans0.ltrans.o
 .data.gEfiRegularExpressionProtocolGuid
                0x00000000000117d0       0x10 /tmp/ccEpM5hr.ltrans0.ltrans.o
 .data.gEfiUnicodeCollation2ProtocolGuid
                0x00000000000117e0       0x10 /tmp/ccEpM5hr.ltrans0.ltrans.o
 .data.gEfiDevicePathProtocolGuid
                0x00000000000117f0       0x10 /tmp/ccEpM5hr.ltrans0.ltrans.o
                0x00000000000117f0                gEfiDevicePathProtocolGuid
 .data.mBrowserScopeFirstSet
                0x0000000000011800        0x1 /tmp/ccEpM5hr.ltrans0.ltrans.o
 *fill*         0x0000000000011801        0xf 
 .data.gEdkiiIfrBitVarstoreGuid
                0x0000000000011810       0x10 /tmp/ccEpM5hr.ltrans0.ltrans.o
 .data.gEfiHiiStandardFormGuid
                0x0000000000011820       0x10 /tmp/ccEpM5hr.ltrans0.ltrans.o
 .data.rel.local.gBrowserSaveFailFormSetList
                0x0000000000011830       0x10 /tmp/ccEpM5hr.ltrans0.ltrans.o
 .data.gEdkiiFormDisplayEngineProtocolGuid
                0x0000000000011840       0x10 /tmp/ccEpM5hr.ltrans0.ltrans.o
                0x0000000000011840                gEdkiiFormDisplayEngineProtocolGuid
 .data.rel.local.gBrowserStorageList
                0x0000000000011850       0x10 /tmp/ccEpM5hr.ltrans0.ltrans.o
 .data.rel.local.gBrowserContextList
                0x0000000000011860       0x10 /tmp/ccEpM5hr.ltrans0.ltrans.o
 .data.rel.local.gBrowserFormSetList
                0x0000000000011870       0x10 /tmp/ccEpM5hr.ltrans0.ltrans.o
                0x0000000000011870                gBrowserFormSetList
 .data.rel.local.gBrowserHotKeyList
                0x0000000000011880       0x10 /tmp/ccEpM5hr.ltrans0.ltrans.o
 .data.rel.local.mRefreshEventList
                0x0000000000011890       0x10 /tmp/ccEpM5hr.ltrans0.ltrans.o
                0x0000000000011890                mRefreshEventList
 .data.gEfiHiiConfigAccessProtocolGuid
                0x00000000000118a0       0x10 /tmp/ccEpM5hr.ltrans0.ltrans.o
 .data.gBrowserSettingScope
                0x00000000000118b0        0x4 /tmp/ccEpM5hr.ltrans0.ltrans.o
                0x00000000000118b0                gBrowserSettingScope
 *fill*         0x00000000000118b4        0xc 
 .data.gEfiHiiPlatformSetupFormsetGuid
                0x00000000000118c0       0x10 /tmp/ccEpM5hr.ltrans0.ltrans.o
 *fill*         0x00000000000118d0       0x10 
 .data.rel.local.mPrivateData
                0x00000000000118e0       0x98 /tmp/ccEpM5hr.ltrans0.ltrans.o
                0x00000000000118e0                mPrivateData
 *fill*         0x0000000000011978        0x8 
 .data.gEfiGlobalVariableGuid
                0x0000000000011980       0x10 /tmp/ccEpM5hr.ltrans1.ltrans.o
 .data.gEfiDevicePathUtilitiesProtocolGuid
                0x0000000000011990       0x10 /tmp/ccEpM5hr.ltrans1.ltrans.o
 .data.gEfiHiiImageProtocolGuid
                0x00000000000119a0       0x10 /tmp/ccEpM5hr.ltrans1.ltrans.o
 .data.gEfiHiiFontProtocolGuid
                0x00000000000119b0       0x10 /tmp/ccEpM5hr.ltrans1.ltrans.o
 .data.gEfiHiiStringProtocolGuid
                0x00000000000119c0       0x10 /tmp/ccEpM5hr.ltrans1.ltrans.o
 .data.gEdkiiFormBrowserExProtocolGuid
                0x00000000000119d0       0x10 /tmp/ccEpM5hr.ltrans1.ltrans.o
 .data.gEdkiiFormBrowserEx2ProtocolGuid
                0x00000000000119e0       0x10 /tmp/ccEpM5hr.ltrans1.ltrans.o
 .data.gEfiFormBrowser2ProtocolGuid
                0x00000000000119f0       0x10 /tmp/ccEpM5hr.ltrans1.ltrans.o
 .data.gEfiDevicePathFromTextProtocolGuid
                0x0000000000011a00       0x10 /tmp/ccEpM5hr.ltrans1.ltrans.o
 .data.gEfiHiiConfigRoutingProtocolGuid
                0x0000000000011a10       0x10 /tmp/ccEpM5hr.ltrans1.ltrans.o
 .data.gEfiHiiDatabaseProtocolGuid
                0x0000000000011a20       0x10 /tmp/ccEpM5hr.ltrans1.ltrans.o
 .data.rel.ro   0x0000000000011a30        0x0 Setup.obj (symbol from plugin)
 *(.bss .bss.*)
 .bss.mUserManager
                0x0000000000011a30        0x8 /tmp/ccEpM5hr.ltrans0.ltrans.o
 .bss.mExpressionEvaluationStackEnd
                0x0000000000011a38        0x8 /tmp/ccEpM5hr.ltrans0.ltrans.o
 .bss.mPathFromText
                0x0000000000011a40        0x8 /tmp/ccEpM5hr.ltrans0.ltrans.o
                0x0000000000011a40                mPathFromText
 .bss.mUnicodeCollation
                0x0000000000011a48        0x8 /tmp/ccEpM5hr.ltrans0.ltrans.o
 .bss.mExpressionEvaluationStackPointer
                0x0000000000011a50        0x8 /tmp/ccEpM5hr.ltrans0.ltrans.o
 .bss.mExpressionEvaluationStackOffset
                0x0000000000011a58        0x8 /tmp/ccEpM5hr.ltrans0.ltrans.o
 .bss.mExpressionEvaluationStack
                0x0000000000011a60        0x8 /tmp/ccEpM5hr.ltrans0.ltrans.o
 .bss.mDevicePathLibDevicePathUtilities
                0x0000000000011a68        0x8 /tmp/ccEpM5hr.ltrans0.ltrans.o
                0x0000000000011a68                mDevicePathLibDevicePathUtilities
 .bss.mMapExpressionListEnd
                0x0000000000011a70        0x8 /tmp/ccEpM5hr.ltrans0.ltrans.o
 .bss.mCurrentExpressionEnd
                0x0000000000011a78        0x8 /tmp/ccEpM5hr.ltrans0.ltrans.o
 .bss.mOptionExpressionEnd
                0x0000000000011a80        0x8 /tmp/ccEpM5hr.ltrans0.ltrans.o
 .bss.mStatementExpressionEnd
                0x0000000000011a88        0x8 /tmp/ccEpM5hr.ltrans0.ltrans.o
 .bss.mFormExpressionEnd
                0x0000000000011a90        0x8 /tmp/ccEpM5hr.ltrans0.ltrans.o
 .bss.mOpCodeScopeStackPointer
                0x0000000000011a98        0x8 /tmp/ccEpM5hr.ltrans0.ltrans.o
                0x0000000000011a98                mOpCodeScopeStackPointer
 .bss.mOpCodeScopeStack
                0x0000000000011aa0        0x8 /tmp/ccEpM5hr.ltrans0.ltrans.o
                0x0000000000011aa0                mOpCodeScopeStack
 .bss.mFormExpressionPointer
                0x0000000000011aa8        0x8 /tmp/ccEpM5hr.ltrans0.ltrans.o
 .bss.mFormExpressionStack
                0x0000000000011ab0        0x8 /tmp/ccEpM5hr.ltrans0.ltrans.o
 .bss.mOptionExpressionPointer
                0x0000000000011ab8        0x8 /tmp/ccEpM5hr.ltrans0.ltrans.o
 .bss.mOptionExpressionStack
                0x0000000000011ac0        0x8 /tmp/ccEpM5hr.ltrans0.ltrans.o
 .bss.mStatementExpressionPointer
                0x0000000000011ac8        0x8 /tmp/ccEpM5hr.ltrans0.ltrans.o
 .bss.mStatementExpressionStack
                0x0000000000011ad0        0x8 /tmp/ccEpM5hr.ltrans0.ltrans.o
 .bss.mMapExpressionListPointer
                0x0000000000011ad8        0x8 /tmp/ccEpM5hr.ltrans0.ltrans.o
 .bss.mMapExpressionListStack
                0x0000000000011ae0        0x8 /tmp/ccEpM5hr.ltrans0.ltrans.o
 .bss.mCurrentExpressionPointer
                0x0000000000011ae8        0x8 /tmp/ccEpM5hr.ltrans0.ltrans.o
 .bss.mCurrentExpressionStack
                0x0000000000011af0        0x8 /tmp/ccEpM5hr.ltrans0.ltrans.o
 .bss.mExpressionOpCodeIndex
                0x0000000000011af8        0x8 /tmp/ccEpM5hr.ltrans0.ltrans.o
 .bss.mUsedQuestionId
                0x0000000000011b00        0x2 /tmp/ccEpM5hr.ltrans0.ltrans.o
 *fill*         0x0000000000011b02        0x6 
 .bss.mStatementIndex
                0x0000000000011b08        0x8 /tmp/ccEpM5hr.ltrans0.ltrans.o
 .bss.mSystemSubmit
                0x0000000000011b10        0x1 /tmp/ccEpM5hr.ltrans0.ltrans.o
 *fill*         0x0000000000011b11        0x7 
 .bss.gRT       0x0000000000011b18        0x8 /tmp/ccEpM5hr.ltrans0.ltrans.o
                0x0000000000011b18                gRT
 .bss.gBrowserContextCount
                0x0000000000011b20        0x8 /tmp/ccEpM5hr.ltrans0.ltrans.o
 .bss.mValueChangedEvent
                0x0000000000011b28        0x8 /tmp/ccEpM5hr.ltrans0.ltrans.o
                0x0000000000011b28                mValueChangedEvent
 .bss.gBS       0x0000000000011b30        0x8 /tmp/ccEpM5hr.ltrans0.ltrans.o
                0x0000000000011b30                gBS
 .bss.ExitHandlerFunction
                0x0000000000011b38        0x8 /tmp/ccEpM5hr.ltrans0.ltrans.o
 .bss.mHiiConfigRouting
                0x0000000000011b40        0x8 /tmp/ccEpM5hr.ltrans0.ltrans.o
                0x0000000000011b40                mHiiConfigRouting
 *fill*         0x0000000000011b48        0x8 
 .bss.gZeroGuid
                0x0000000000011b50       0x10 /tmp/ccEpM5hr.ltrans0.ltrans.o
 .bss.gResetRequiredSystemLevel
                0x0000000000011b60        0x1 /tmp/ccEpM5hr.ltrans0.ltrans.o
                0x0000000000011b60                gResetRequiredSystemLevel
 .bss.mFinishRetrieveCall
                0x0000000000011b61        0x1 /tmp/ccEpM5hr.ltrans0.ltrans.o
 .bss.mCurrentFormId
                0x0000000000011b62        0x2 /tmp/ccEpM5hr.ltrans0.ltrans.o
 *fill*         0x0000000000011b64        0xc 
 .bss.mCurrentFormSetGuid
                0x0000000000011b70       0x10 /tmp/ccEpM5hr.ltrans0.ltrans.o
 .bss.mCurrentHiiHandle
                0x0000000000011b80        0x8 /tmp/ccEpM5hr.ltrans0.ltrans.o
 .bss.mHiiPackageListUpdated
                0x0000000000011b88        0x1 /tmp/ccEpM5hr.ltrans0.ltrans.o
                0x0000000000011b88                mHiiPackageListUpdated
 *fill*         0x0000000000011b89        0x1 
 .bss.mCurFakeQestId
                0x0000000000011b8a        0x2 /tmp/ccEpM5hr.ltrans0.ltrans.o
 *fill*         0x0000000000011b8c        0x4 
 .bss.mHiiDatabase
                0x0000000000011b90        0x8 /tmp/ccEpM5hr.ltrans0.ltrans.o
                0x0000000000011b90                mHiiDatabase
 .bss.gCurrentSelection
                0x0000000000011b98        0x8 /tmp/ccEpM5hr.ltrans0.ltrans.o
                0x0000000000011b98                gCurrentSelection
 .bss.mSystemLevelFormSet
                0x0000000000011ba0        0x8 /tmp/ccEpM5hr.ltrans0.ltrans.o
 .bss.gEmptyString
                0x0000000000011ba8        0x8 /tmp/ccEpM5hr.ltrans0.ltrans.o
 .bss.gCallbackReconnect
                0x0000000000011bb0        0x1 /tmp/ccEpM5hr.ltrans0.ltrans.o
                0x0000000000011bb0                gCallbackReconnect
 .bss.gExitRequired
                0x0000000000011bb1        0x1 /tmp/ccEpM5hr.ltrans0.ltrans.o
 .bss.gResetRequiredFormLevel
                0x0000000000011bb2        0x1 /tmp/ccEpM5hr.ltrans0.ltrans.o
                0x0000000000011bb2                gResetRequiredFormLevel
 .bss.gFlagReconnect
                0x0000000000011bb3        0x1 /tmp/ccEpM5hr.ltrans0.ltrans.o
 *fill*         0x0000000000011bb4        0x4 
 .bss.mFormDisplay
                0x0000000000011bb8        0x8 /tmp/ccEpM5hr.ltrans0.ltrans.o
                0x0000000000011bb8                mFormDisplay
 .bss.gDisplayFormData
                0x0000000000011bc0       0x90 /tmp/ccEpM5hr.ltrans0.ltrans.o
                0x0000000000011bc0                gDisplayFormData
 .bss.mOpCodeScopeStackEnd
                0x0000000000011c50        0x8 /tmp/ccEpM5hr.ltrans1.ltrans.o
 .bss.mCcProbeGuestType
                0x0000000000011c58        0x1 /tmp/ccEpM5hr.ltrans1.ltrans.o
 .bss.mCcProbed
                0x0000000000011c59        0x1 /tmp/ccEpM5hr.ltrans1.ltrans.o
 *fill*         0x0000000000011c5a        0x6 
 .bss.gHiiImage
                0x0000000000011c60        0x8 /tmp/ccEpM5hr.ltrans1.ltrans.o
 .bss.gHiiFont  0x0000000000011c68        0x8 /tmp/ccEpM5hr.ltrans1.ltrans.o
 .bss.gHiiConfigRouting
                0x0000000000011c70        0x8 /tmp/ccEpM5hr.ltrans1.ltrans.o
 .bss.gHiiDatabase
                0x0000000000011c78        0x8 /tmp/ccEpM5hr.ltrans1.ltrans.o
 .bss.gHiiString
                0x0000000000011c80        0x8 /tmp/ccEpM5hr.ltrans1.ltrans.o
 .bss.gST       0x0000000000011c88        0x8 /tmp/ccEpM5hr.ltrans1.ltrans.o
 .bss.__stack_chk_guard
                0x0000000000011c90        0x8 /home/mcw/MCW/Dell/EDK2/edk2/Build/OvmfX64/RELEASE_GCC5/X64/MdePkg/Library/StackCheckLibNull/StackCheckLibNull/OUTPUT/StackCheckLibNull.lib(StackCheckLibNullGcc.obj)
                0x0000000000011c90                __stack_chk_guard
 *(.prmexportdescriptor)

.eh_frame       0x0000000000011cc0        0x0
 *(.eh_frame)
 .eh_frame      0x0000000000011cc0        0x0 Setup.obj (symbol from plugin)
 .eh_frame      0x0000000000011cc0        0x0 Setup.obj (symbol from plugin)

.dynbss         0x0000000000011cc0        0x0
 .dynbss        0x0000000000011cc0        0x0 Setup.obj (symbol from plugin)

.gnu.version_d  0x0000000000011cc0        0x0
 .gnu.version_d
                0x0000000000011cc0        0x0 Setup.obj (symbol from plugin)

.gnu.version    0x0000000000011cc0        0x0
 .gnu.version   0x0000000000011cc0        0x0 Setup.obj (symbol from plugin)

.gnu.version_r  0x0000000000011cc0        0x0
 .gnu.version_r
                0x0000000000011cc0        0x0 Setup.obj (symbol from plugin)

.dynamic        0x0000000000011cc0       0xc0
 *(.dynamic)
 .dynamic       0x0000000000011cc0       0xc0 Setup.obj (symbol from plugin)
                0x0000000000011cc0                _DYNAMIC

.rela           0x0000000000011d80      0x240
 *(.rela .rela.*)
 .rela.plt      0x0000000000011d80        0x0 Setup.obj (symbol from plugin)
 .rela.got      0x0000000000011d80        0x0 Setup.obj (symbol from plugin)
 .rela.bss      0x0000000000011d80        0x0 Setup.obj (symbol from plugin)
 .rela.data.rel.ro
                0x0000000000011d80        0x0 Setup.obj (symbol from plugin)
 .rela.ifunc    0x0000000000011d80        0x0 Setup.obj (symbol from plugin)
 .rela.data.rel.local.gBrowserSaveFailFormSetList
                0x0000000000011d80       0x30 Setup.obj (symbol from plugin)
 .rela.data.rel.local.gBrowserStorageList
                0x0000000000011db0       0x30 Setup.obj (symbol from plugin)
 .rela.data.rel.local.gBrowserContextList
                0x0000000000011de0       0x30 Setup.obj (symbol from plugin)
 .rela.data.rel.local.gBrowserFormSetList
                0x0000000000011e10       0x30 Setup.obj (symbol from plugin)
 .rela.data.rel.local.gBrowserHotKeyList
                0x0000000000011e40       0x30 Setup.obj (symbol from plugin)
 .rela.data.rel.local.mRefreshEventList
                0x0000000000011e70       0x30 Setup.obj (symbol from plugin)
 .rela.data.rel.local.mPrivateData
                0x0000000000011ea0      0x120 Setup.obj (symbol from plugin)

.hii
 *(.hii)

.got            0x0000000000011fc0        0x0
 *(.got)
                0x0000000000000001                ASSERT ((SIZEOF (.got) == 0x0), Unexpected GOT entries detected!)

.got.plt        0x0000000000011fc0        0x0
 *(.got.plt)
                0x0000000000000001                ASSERT ((((SIZEOF (.got.plt) == 0x0) || (SIZEOF (.got.plt) == 0xc)) || (SIZEOF (.got.plt) == 0x18)), Unexpected GOT/PLT entries detected!)

.build-id       0x0000000000011fc0       0x24
 *(.note.gnu.build-id)
 .note.gnu.build-id
                0x0000000000011fc0       0x24 Setup.obj (symbol from plugin)

/DISCARD/
 *(.note.GNU-stack)
 *(.gnu_debuglink)
 *(.interp)
 *(.dynsym)
 *(.dynstr)
 *(.hash .gnu.hash)
 *(.comment)
OUTPUT(/home/mcw/MCW/Dell/EDK2/edk2/Build/OvmfX64/RELEASE_GCC5/X64/MdeModulePkg/Universal/SetupBrowserDxe/SetupBrowserDxe/DEBUG/SetupBrowser.dll elf64-x86-64)

.debug_info     0x0000000000000000    0x3c330
 .debug_info    0x0000000000000000    0x10d5c /tmp/ccEpM5hr.ltrans0.ltrans.o
 .debug_info    0x0000000000010d5c     0x4a06 /tmp/ccEpM5hr.ltrans1.ltrans.o
 .debug_info    0x0000000000015762     0x5ef6 /tmp/ccHMztv7.debug.temp.o
                0x0000000000015762                Setup.c.c593c8e8
 .debug_info    0x000000000001b658     0x2bd3 /tmp/ccmN5Sp9.debug.temp.o
                0x000000000001b658                IfrParse.c.d7834916
 .debug_info    0x000000000001e22b     0x39cf /tmp/cc5J4Hy1.debug.temp.o
                0x000000000001e22b                Expression.c.c70db7b2
 .debug_info    0x0000000000021bfa     0x3c90 /tmp/ccTLAYTc.debug.temp.o
                0x0000000000021bfa                Presentation.c.2d93ec09
 .debug_info    0x000000000002588a     0x1d49 /tmp/ccmATk3S.debug.temp.o
                0x000000000002588a                AutoGen.c.74fa5d1f
 .debug_info    0x00000000000275d3       0xc6 /tmp/ccsp4m2t.debug.temp.o
                0x00000000000275d3                ZeroMemWrapper.c.25596d56
 .debug_info    0x0000000000027699       0xf1 /tmp/ccRuK41x.debug.temp.o
                0x0000000000027699                CompareMemWrapper.c.322a4c57
 .debug_info    0x000000000002778a       0xdd /tmp/ccjmHop0.debug.temp.o
                0x000000000002778a                CopyMemWrapper.c.ef8e1eb6
 .debug_info    0x0000000000027867      0x226 /tmp/ccED9ds8.debug.temp.o
                0x0000000000027867                MemLibGuid.c.6c3c41cb
 .debug_info    0x0000000000027a8d      0x16a /tmp/ccsiJ0Au.debug.temp.o
                0x0000000000027a8d                SetJump.c.b15ef690
 .debug_info    0x0000000000027bf7       0xc2 /tmp/cckxSeRH.debug.temp.o
                0x0000000000027bf7                RShiftU64.c.d7caae1a
 .debug_info    0x0000000000027cb9       0xc3 /tmp/ccoE8k6l.debug.temp.o
                0x0000000000027cb9                MultU64x32.c.ace76558
 .debug_info    0x0000000000027d7c       0xc2 /tmp/cc6Al0zm.debug.temp.o
                0x0000000000027d7c                LShiftU64.c.5bf887d0
 .debug_info    0x0000000000027e3e       0xda /tmp/ccbN1G5G.debug.temp.o
                0x0000000000027e3e                DivU64x32Remainder.c.1726288f
 .debug_info    0x0000000000027f18       0xc2 /tmp/ccpx2jhx.debug.temp.o
                0x0000000000027f18                DivU64x32.c.55f53283
 .debug_info    0x0000000000027fda      0x70f /tmp/ccnovLQj.debug.temp.o
                0x0000000000027fda                BitField.c.37de7eaf
 .debug_info    0x00000000000286e9       0xa8 /tmp/cc7wO8S2.debug.temp.o
                0x00000000000286e9                CpuDeadLoop.c.ef36c9e8
 .debug_info    0x0000000000028791      0x2da /tmp/ccP7iYzo.debug.temp.o
                0x0000000000028791                LinkedList.c.67e4cd40
 .debug_info    0x0000000000028a6b     0x1034 /tmp/ccsiB8xv.debug.temp.o
                0x0000000000028a6b                SafeString.c.118797c3
 .debug_info    0x0000000000029a9f      0x7e1 /tmp/ccQ4bMOB.debug.temp.o
                0x0000000000029a9f                String.c.4b618c93
 .debug_info    0x000000000002a280      0x1d8 /tmp/ccRj8MXJ.debug.temp.o
                0x000000000002a280                Unaligned.c.631962e0
 .debug_info    0x000000000002a458      0x2d6 /tmp/ccf5JmKP.debug.temp.o
                0x000000000002a458                Math64.c.752f6e1c
 .debug_info    0x000000000002a72e      0x733 /tmp/cc6QQ1xW.debug.temp.o
                0x000000000002a72e                PrintLibInternal.c.9f59397e
 .debug_info    0x000000000002ae61      0x560 /tmp/cclixrC1.debug.temp.o
                0x000000000002ae61                PrintLib.c.576c55d3
 .debug_info    0x000000000002b3c1      0x39b /tmp/ccivnAVc.debug.temp.o
                0x000000000002b3c1                DxeCcProbeLib.c.c76788d3
 .debug_info    0x000000000002b75c     0x1749 /tmp/ccYoiTtl.debug.temp.o
                0x000000000002b75c                UefiBootServicesTableLib.c.262d1602
 .debug_info    0x000000000002cea5     0x12eb /tmp/ccnTRziZ.debug.temp.o
                0x000000000002cea5                MemoryAllocationLib.c.b5e6700f
 .debug_info    0x000000000002e190     0x1e80 /tmp/ccK8T7yV.debug.temp.o
                0x000000000002e190                UefiDevicePathLib.c.0794db94
 .debug_info    0x0000000000030010     0x1720 /tmp/ccS320S9.debug.temp.o
                0x0000000000030010                UefiRuntimeServicesTableLib.c.dd14825a
 .debug_info    0x0000000000031730     0x272e /tmp/cctWxh9c.debug.temp.o
                0x0000000000031730                UefiHiiServicesLib.c.9396e787
 .debug_info    0x0000000000033e5e     0x2541 /tmp/ccyPkTMS.debug.temp.o
                0x0000000000033e5e                UefiLib.c.b253aea4
 .debug_info    0x000000000003639f     0x18d2 /tmp/cc9D2Agh.debug.temp.o
                0x000000000003639f                DriverEntryPoint.c.6efd6145
 .debug_info    0x0000000000037c71     0x3c3e /tmp/cc6byS8O.debug.temp.o
                0x0000000000037c71                HiiLib.c.4ca14eab
 .debug_info    0x000000000003b8af      0x631 /tmp/cczHAaJ3.debug.temp.o
                0x000000000003b8af                HiiString.c.b86f3671
 .debug_info    0x000000000003bee0      0x38f /tmp/ccbgTbIM.debug.temp.o
                0x000000000003bee0                HiiLanguage.c.68ab9f81
 .debug_info    0x000000000003c26f       0xc1 /home/mcw/MCW/Dell/EDK2/edk2/Build/OvmfX64/RELEASE_GCC5/X64/MdePkg/Library/StackCheckLibNull/StackCheckLibNull/OUTPUT/StackCheckLibNull.lib(StackCheckLibNullGcc.obj)

.debug_abbrev   0x0000000000000000     0x3a9f
 .debug_abbrev  0x0000000000000000      0x284 /tmp/ccEpM5hr.ltrans0.ltrans.o
 .debug_abbrev  0x0000000000000284      0x2a1 /tmp/ccEpM5hr.ltrans1.ltrans.o
 .debug_abbrev  0x0000000000000525      0x39f /tmp/ccHMztv7.debug.temp.o
 .debug_abbrev  0x00000000000008c4      0x2fb /tmp/ccmN5Sp9.debug.temp.o
 .debug_abbrev  0x0000000000000bbf      0x361 /tmp/cc5J4Hy1.debug.temp.o
 .debug_abbrev  0x0000000000000f20      0x391 /tmp/ccTLAYTc.debug.temp.o
 .debug_abbrev  0x00000000000012b1      0x29d /tmp/ccmATk3S.debug.temp.o
 .debug_abbrev  0x000000000000154e       0x7e /tmp/ccsp4m2t.debug.temp.o
 .debug_abbrev  0x00000000000015cc       0x85 /tmp/ccRuK41x.debug.temp.o
 .debug_abbrev  0x0000000000001651       0x8c /tmp/ccjmHop0.debug.temp.o
 .debug_abbrev  0x00000000000016dd       0xdd /tmp/ccED9ds8.debug.temp.o
 .debug_abbrev  0x00000000000017ba       0xa7 /tmp/ccsiJ0Au.debug.temp.o
 .debug_abbrev  0x0000000000001861       0x78 /tmp/cckxSeRH.debug.temp.o
 .debug_abbrev  0x00000000000018d9       0x87 /tmp/ccoE8k6l.debug.temp.o
 .debug_abbrev  0x0000000000001960       0x78 /tmp/cc6Al0zm.debug.temp.o
 .debug_abbrev  0x00000000000019d8       0x80 /tmp/ccbN1G5G.debug.temp.o
 .debug_abbrev  0x0000000000001a58       0x78 /tmp/ccpx2jhx.debug.temp.o
 .debug_abbrev  0x0000000000001ad0       0xc9 /tmp/ccnovLQj.debug.temp.o
 .debug_abbrev  0x0000000000001b99       0x71 /tmp/cc7wO8S2.debug.temp.o
 .debug_abbrev  0x0000000000001c0a      0x10f /tmp/ccP7iYzo.debug.temp.o
 .debug_abbrev  0x0000000000001d19      0x181 /tmp/ccsiB8xv.debug.temp.o
 .debug_abbrev  0x0000000000001e9a      0x12d /tmp/ccQ4bMOB.debug.temp.o
 .debug_abbrev  0x0000000000001fc7       0xa4 /tmp/ccRj8MXJ.debug.temp.o
 .debug_abbrev  0x000000000000206b       0xd0 /tmp/ccf5JmKP.debug.temp.o
 .debug_abbrev  0x000000000000213b      0x17a /tmp/cc6QQ1xW.debug.temp.o
 .debug_abbrev  0x00000000000022b5      0x130 /tmp/cclixrC1.debug.temp.o
 .debug_abbrev  0x00000000000023e5      0x136 /tmp/ccivnAVc.debug.temp.o
 .debug_abbrev  0x000000000000251b      0x1e0 /tmp/ccYoiTtl.debug.temp.o
 .debug_abbrev  0x00000000000026fb      0x21c /tmp/ccnTRziZ.debug.temp.o
 .debug_abbrev  0x0000000000002917      0x2a2 /tmp/ccK8T7yV.debug.temp.o
 .debug_abbrev  0x0000000000002bb9      0x1b0 /tmp/ccS320S9.debug.temp.o
 .debug_abbrev  0x0000000000002d69      0x216 /tmp/cctWxh9c.debug.temp.o
 .debug_abbrev  0x0000000000002f7f      0x2a8 /tmp/ccyPkTMS.debug.temp.o
 .debug_abbrev  0x0000000000003227      0x21d /tmp/cc9D2Agh.debug.temp.o
 .debug_abbrev  0x0000000000003444      0x333 /tmp/cc6byS8O.debug.temp.o
 .debug_abbrev  0x0000000000003777      0x18a /tmp/cczHAaJ3.debug.temp.o
 .debug_abbrev  0x0000000000003901      0x122 /tmp/ccbgTbIM.debug.temp.o
 .debug_abbrev  0x0000000000003a23       0x7c /home/mcw/MCW/Dell/EDK2/edk2/Build/OvmfX64/RELEASE_GCC5/X64/MdePkg/Library/StackCheckLibNull/StackCheckLibNull/OUTPUT/StackCheckLibNull.lib(StackCheckLibNullGcc.obj)

.debug_loclists
                0x0000000000000000    0x10dd7
 .debug_loclists
                0x0000000000000000     0xd31c /tmp/ccEpM5hr.ltrans0.ltrans.o
 .debug_loclists
                0x000000000000d31c     0x3abb /tmp/ccEpM5hr.ltrans1.ltrans.o

.debug_aranges  0x0000000000000000      0x990
 .debug_aranges
                0x0000000000000000      0x510 /tmp/ccEpM5hr.ltrans0.ltrans.o
 .debug_aranges
                0x0000000000000510      0x450 /tmp/ccEpM5hr.ltrans1.ltrans.o
 .debug_aranges
                0x0000000000000960       0x30 /home/mcw/MCW/Dell/EDK2/edk2/Build/OvmfX64/RELEASE_GCC5/X64/MdePkg/Library/StackCheckLibNull/StackCheckLibNull/OUTPUT/StackCheckLibNull.lib(StackCheckLibNullGcc.obj)

.debug_rnglists
                0x0000000000000000     0x1d09
 .debug_rnglists
                0x0000000000000000     0x168f /tmp/ccEpM5hr.ltrans0.ltrans.o
 .debug_rnglists
                0x000000000000168f      0x663 /tmp/ccEpM5hr.ltrans1.ltrans.o
 .debug_rnglists
                0x0000000000001cf2       0x17 /home/mcw/MCW/Dell/EDK2/edk2/Build/OvmfX64/RELEASE_GCC5/X64/MdePkg/Library/StackCheckLibNull/StackCheckLibNull/OUTPUT/StackCheckLibNull.lib(StackCheckLibNullGcc.obj)

.debug_line     0x0000000000000000    0x10ed8
 .debug_line    0x0000000000000000     0xceb9 /tmp/ccEpM5hr.ltrans0.ltrans.o
 .debug_line    0x000000000000ceb9     0x3011 /tmp/ccEpM5hr.ltrans1.ltrans.o
 .debug_line    0x000000000000feca       0xe6 /tmp/ccHMztv7.debug.temp.o
 .debug_line    0x000000000000ffb0       0xb3 /tmp/ccmN5Sp9.debug.temp.o
 .debug_line    0x0000000000010063       0xc4 /tmp/cc5J4Hy1.debug.temp.o
 .debug_line    0x0000000000010127       0xdc /tmp/ccTLAYTc.debug.temp.o
 .debug_line    0x0000000000010203       0x8e /tmp/ccmATk3S.debug.temp.o
 .debug_line    0x0000000000010291       0x48 /tmp/ccsp4m2t.debug.temp.o
 .debug_line    0x00000000000102d9       0x48 /tmp/ccRuK41x.debug.temp.o
 .debug_line    0x0000000000010321       0x48 /tmp/ccjmHop0.debug.temp.o
 .debug_line    0x0000000000010369       0x55 /tmp/ccED9ds8.debug.temp.o
 .debug_line    0x00000000000103be       0x4c /tmp/ccsiJ0Au.debug.temp.o
 .debug_line    0x000000000001040a       0x48 /tmp/cckxSeRH.debug.temp.o
 .debug_line    0x0000000000010452       0x48 /tmp/ccoE8k6l.debug.temp.o
 .debug_line    0x000000000001049a       0x48 /tmp/cc6Al0zm.debug.temp.o
 .debug_line    0x00000000000104e2       0x48 /tmp/ccbN1G5G.debug.temp.o
 .debug_line    0x000000000001052a       0x48 /tmp/ccpx2jhx.debug.temp.o
 .debug_line    0x0000000000010572       0x4c /tmp/ccnovLQj.debug.temp.o
 .debug_line    0x00000000000105be       0x4c /tmp/cc7wO8S2.debug.temp.o
 .debug_line    0x000000000001060a       0x55 /tmp/ccP7iYzo.debug.temp.o
 .debug_line    0x000000000001065f       0x68 /tmp/ccsiB8xv.debug.temp.o
 .debug_line    0x00000000000106c7       0x5e /tmp/ccQ4bMOB.debug.temp.o
 .debug_line    0x0000000000010725       0x43 /tmp/ccRj8MXJ.debug.temp.o
 .debug_line    0x0000000000010768       0x4c /tmp/ccf5JmKP.debug.temp.o
 .debug_line    0x00000000000107b4       0x63 /tmp/cc6QQ1xW.debug.temp.o
 .debug_line    0x0000000000010817       0x51 /tmp/cclixrC1.debug.temp.o
 .debug_line    0x0000000000010868       0x6c /tmp/ccivnAVc.debug.temp.o
 .debug_line    0x00000000000108d4       0x7b /tmp/ccYoiTtl.debug.temp.o
 .debug_line    0x000000000001094f       0x76 /tmp/ccnTRziZ.debug.temp.o
 .debug_line    0x00000000000109c5       0xa2 /tmp/ccK8T7yV.debug.temp.o
 .debug_line    0x0000000000010a67       0x72 /tmp/ccS320S9.debug.temp.o
 .debug_line    0x0000000000010ad9       0xb0 /tmp/cctWxh9c.debug.temp.o
 .debug_line    0x0000000000010b89       0xa7 /tmp/ccyPkTMS.debug.temp.o
 .debug_line    0x0000000000010c30       0x8e /tmp/cc9D2Agh.debug.temp.o
 .debug_line    0x0000000000010cbe       0xb5 /tmp/cc6byS8O.debug.temp.o
 .debug_line    0x0000000000010d73       0x89 /tmp/cczHAaJ3.debug.temp.o
 .debug_line    0x0000000000010dfc       0x7a /tmp/ccbgTbIM.debug.temp.o
 .debug_line    0x0000000000010e76       0x62 /home/mcw/MCW/Dell/EDK2/edk2/Build/OvmfX64/RELEASE_GCC5/X64/MdePkg/Library/StackCheckLibNull/StackCheckLibNull/OUTPUT/StackCheckLibNull.lib(StackCheckLibNullGcc.obj)

.debug_str      0x0000000000000000     0x8708
 .debug_str     0x0000000000000000      0x355 /tmp/ccEpM5hr.ltrans0.ltrans.o
                                        0x366 (size before relaxing)
 .debug_str     0x0000000000000355       0xb6 /tmp/ccEpM5hr.ltrans1.ltrans.o
                                        0x36d (size before relaxing)
 .debug_str     0x000000000000040b     0x32c9 /tmp/ccHMztv7.debug.temp.o
                                       0x3b00 (size before relaxing)
 .debug_str     0x00000000000036d4      0x934 /tmp/ccmN5Sp9.debug.temp.o
                                       0x1ae6 (size before relaxing)
 .debug_str     0x0000000000004008      0xaa1 /tmp/cc5J4Hy1.debug.temp.o
                                       0x287c (size before relaxing)
 .debug_str     0x0000000000004aa9      0x483 /tmp/ccTLAYTc.debug.temp.o
                                       0x2bc5 (size before relaxing)
 .debug_str     0x0000000000004f2c      0x816 /tmp/ccmATk3S.debug.temp.o
                                       0x1d66 (size before relaxing)
 .debug_str     0x0000000000005742       0x13 /tmp/ccsp4m2t.debug.temp.o
                                        0x23e (size before relaxing)
 .debug_str     0x0000000000005755       0x35 /tmp/ccRuK41x.debug.temp.o
                                        0x267 (size before relaxing)
 .debug_str     0x000000000000578a       0x13 /tmp/ccjmHop0.debug.temp.o
                                        0x256 (size before relaxing)
 .debug_str     0x000000000000579d       0xa8 /tmp/ccED9ds8.debug.temp.o
                                        0x32d (size before relaxing)
 .debug_str     0x0000000000005845       0x42 /tmp/ccsiJ0Au.debug.temp.o
                                        0x268 (size before relaxing)
 .debug_str     0x0000000000005887       0x16 /tmp/cckxSeRH.debug.temp.o
                                        0x243 (size before relaxing)
 .debug_str     0x000000000000589d       0x2f /tmp/ccoE8k6l.debug.temp.o
                                        0x24f (size before relaxing)
 .debug_str     0x00000000000058cc       0x16 /tmp/cc6Al0zm.debug.temp.o
                                        0x243 (size before relaxing)
 .debug_str     0x00000000000058e2       0x2a /tmp/ccbN1G5G.debug.temp.o
                                        0x25d (size before relaxing)
 .debug_str     0x000000000000590c       0x16 /tmp/ccpx2jhx.debug.temp.o
                                        0x247 (size before relaxing)
 .debug_str     0x0000000000005922      0x1a8 /tmp/ccnovLQj.debug.temp.o
                                        0x43f (size before relaxing)
 .debug_str     0x0000000000005aca       0x29 /tmp/cc7wO8S2.debug.temp.o
                                        0x23c (size before relaxing)
 .debug_str     0x0000000000005af3       0x6b /tmp/ccP7iYzo.debug.temp.o
                                        0x36d (size before relaxing)
 .debug_str     0x0000000000005b5e      0x3a4 /tmp/ccsiB8xv.debug.temp.o
                                        0x7c9 (size before relaxing)
 .debug_str     0x0000000000005f02      0x1b9 /tmp/ccQ4bMOB.debug.temp.o
                                        0x6c7 (size before relaxing)
 .debug_str     0x00000000000060bb       0x80 /tmp/ccRj8MXJ.debug.temp.o
                                        0x2d1 (size before relaxing)
 .debug_str     0x000000000000613b       0xd7 /tmp/ccf5JmKP.debug.temp.o
                                        0x3b5 (size before relaxing)
 .debug_str     0x0000000000006212      0x243 /tmp/cc6QQ1xW.debug.temp.o
                                        0x637 (size before relaxing)
 .debug_str     0x0000000000006455      0x123 /tmp/cclixrC1.debug.temp.o
                                        0x435 (size before relaxing)
 .debug_str     0x0000000000006578      0x1ee /tmp/ccivnAVc.debug.temp.o
                                        0x52e (size before relaxing)
 .debug_str     0x0000000000006766     0x138c /tmp/ccYoiTtl.debug.temp.o
 .debug_str     0x0000000000006766      0x239 /tmp/ccnTRziZ.debug.temp.o
                                        0xf83 (size before relaxing)
 .debug_str     0x000000000000699f      0x491 /tmp/ccK8T7yV.debug.temp.o
                                       0x1a2e (size before relaxing)
 .debug_str     0x0000000000006e30     0x1382 /tmp/ccS320S9.debug.temp.o
 .debug_str     0x0000000000006e30      0x63e /tmp/cctWxh9c.debug.temp.o
                                       0x1fc4 (size before relaxing)
 .debug_str     0x000000000000746e      0x5a1 /tmp/ccyPkTMS.debug.temp.o
                                       0x1c0f (size before relaxing)
 .debug_str     0x0000000000007a0f       0xb8 /tmp/cc9D2Agh.debug.temp.o
                                       0x14e6 (size before relaxing)
 .debug_str     0x0000000000007ac7      0x9a6 /tmp/cc6byS8O.debug.temp.o
                                       0x25c1 (size before relaxing)
 .debug_str     0x000000000000846d       0x7b /tmp/cczHAaJ3.debug.temp.o
                                        0x56d (size before relaxing)
 .debug_str     0x00000000000084e8       0x24 /tmp/ccbgTbIM.debug.temp.o
                                        0x40f (size before relaxing)
 .debug_str     0x000000000000850c      0x1fc /home/mcw/MCW/Dell/EDK2/edk2/Build/OvmfX64/RELEASE_GCC5/X64/MdePkg/Library/StackCheckLibNull/StackCheckLibNull/OUTPUT/StackCheckLibNull.lib(StackCheckLibNullGcc.obj)
                                        0x233 (size before relaxing)

.debug_line_str
                0x0000000000000000     0x1d2f
 .debug_line_str
                0x0000000000000000      0x1fe /tmp/ccEpM5hr.ltrans0.ltrans.o
                                        0x377 (size before relaxing)
 .debug_line_str
                0x00000000000001fe      0x23c /tmp/ccEpM5hr.ltrans1.ltrans.o
                                        0x68b (size before relaxing)
 .debug_line_str
                0x000000000000043a      0x302 /tmp/ccHMztv7.debug.temp.o
                                        0x4ae (size before relaxing)
 .debug_line_str
                0x000000000000073c       0x97 /tmp/ccmN5Sp9.debug.temp.o
                                        0x427 (size before relaxing)
 .debug_line_str
                0x00000000000007d3       0x8e /tmp/cc5J4Hy1.debug.temp.o
                                        0x43a (size before relaxing)
 .debug_line_str
                0x0000000000000861       0x63 /tmp/ccTLAYTc.debug.temp.o
                                        0x493 (size before relaxing)
 .debug_line_str
                0x00000000000008c4       0x9a /tmp/ccmATk3S.debug.temp.o
                                        0x361 (size before relaxing)
 .debug_line_str
                0x000000000000095e       0xd6 /tmp/ccsp4m2t.debug.temp.o
                                        0x167 (size before relaxing)
 .debug_line_str
                0x0000000000000a34       0x54 /tmp/ccRuK41x.debug.temp.o
                                        0x16d (size before relaxing)
 .debug_line_str
                0x0000000000000a88       0x51 /tmp/ccjmHop0.debug.temp.o
                                        0x167 (size before relaxing)
 .debug_line_str
                0x0000000000000ad9       0x4d /tmp/ccED9ds8.debug.temp.o
                                        0x1be (size before relaxing)
 .debug_line_str
                0x0000000000000b26       0x99 /tmp/ccsiJ0Au.debug.temp.o
                                        0x155 (size before relaxing)
 .debug_line_str
                0x0000000000000bbf       0x53 /tmp/cckxSeRH.debug.temp.o
                                        0x12e (size before relaxing)
 .debug_line_str
                0x0000000000000c12       0x41 /tmp/ccoE8k6l.debug.temp.o
                                        0x130 (size before relaxing)
 .debug_line_str
                0x0000000000000c53       0x40 /tmp/cc6Al0zm.debug.temp.o
                                        0x12e (size before relaxing)
 .debug_line_str
                0x0000000000000c93       0x49 /tmp/ccbN1G5G.debug.temp.o
                                        0x140 (size before relaxing)
 .debug_line_str
                0x0000000000000cdc       0x40 /tmp/ccpx2jhx.debug.temp.o
                                        0x12e (size before relaxing)
 .debug_line_str
                0x0000000000000d1c       0x3f /tmp/ccnovLQj.debug.temp.o
                                        0x157 (size before relaxing)
 .debug_line_str
                0x0000000000000d5b       0x42 /tmp/cc7wO8S2.debug.temp.o
                                        0x15d (size before relaxing)
 .debug_line_str
                0x0000000000000d9d       0xa2 /tmp/ccP7iYzo.debug.temp.o
                                        0x1bb (size before relaxing)
 .debug_line_str
                0x0000000000000e3f       0x41 /tmp/ccsiB8xv.debug.temp.o
                                        0x21c (size before relaxing)
 .debug_line_str
                0x0000000000000e80       0x3d /tmp/ccQ4bMOB.debug.temp.o
                                        0x1f1 (size before relaxing)
 .debug_line_str
                0x0000000000000ebd       0x40 /tmp/ccRj8MXJ.debug.temp.o
                                        0x11b (size before relaxing)
 .debug_line_str
                0x0000000000000efd       0x3d /tmp/ccf5JmKP.debug.temp.o
                                        0x153 (size before relaxing)
 .debug_line_str
                0x0000000000000f3a      0x12f /tmp/cc6QQ1xW.debug.temp.o
                                        0x236 (size before relaxing)
 .debug_line_str
                0x0000000000001069       0x44 /tmp/cclixrC1.debug.temp.o
                                        0x173 (size before relaxing)
 .debug_line_str
                0x00000000000010ad      0x106 /tmp/ccivnAVc.debug.temp.o
                                        0x23f (size before relaxing)
 .debug_line_str
                0x00000000000011b3       0xdd /tmp/ccYoiTtl.debug.temp.o
                                        0x2bc (size before relaxing)
 .debug_line_str
                0x0000000000001290       0xd5 /tmp/ccnTRziZ.debug.temp.o
                                        0x29f (size before relaxing)
 .debug_line_str
                0x0000000000001365      0x1b9 /tmp/ccK8T7yV.debug.temp.o
                                        0x3eb (size before relaxing)
 .debug_line_str
                0x000000000000151e       0xe9 /tmp/ccS320S9.debug.temp.o
                                        0x27f (size before relaxing)
 .debug_line_str
                0x0000000000001607      0x195 /tmp/cctWxh9c.debug.temp.o
                                        0x3f4 (size before relaxing)
 .debug_line_str
                0x000000000000179c      0x10d /tmp/ccyPkTMS.debug.temp.o
                                        0x33c (size before relaxing)
 .debug_line_str
                0x00000000000018a9      0x152 /tmp/cc9D2Agh.debug.temp.o
                                        0x346 (size before relaxing)
 .debug_line_str
                0x00000000000019fb      0x11a /tmp/cc6byS8O.debug.temp.o
                                        0x3be (size before relaxing)
 .debug_line_str
                0x0000000000001b15       0x49 /tmp/cczHAaJ3.debug.temp.o
                                        0x2ce (size before relaxing)
 .debug_line_str
                0x0000000000001b5e       0x4b /tmp/ccbgTbIM.debug.temp.o
                                        0x2b5 (size before relaxing)
 .debug_line_str
                0x0000000000001ba9      0x186 /home/mcw/MCW/Dell/EDK2/edk2/Build/OvmfX64/RELEASE_GCC5/X64/MdePkg/Library/StackCheckLibNull/StackCheckLibNull/OUTPUT/StackCheckLibNull.lib(StackCheckLibNullGcc.obj)
                                        0x223 (size before relaxing)

.debug_frame    0x0000000000000000     0x1d18
 .debug_frame   0x0000000000000000     0x10d0 /tmp/ccEpM5hr.ltrans0.ltrans.o
 .debug_frame   0x00000000000010d0      0xc18 /tmp/ccEpM5hr.ltrans1.ltrans.o
 .debug_frame   0x0000000000001ce8       0x30 /home/mcw/MCW/Dell/EDK2/edk2/Build/OvmfX64/RELEASE_GCC5/X64/MdePkg/Library/StackCheckLibNull/StackCheckLibNull/OUTPUT/StackCheckLibNull.lib(StackCheckLibNullGcc.obj)
