/home/mcw/MCW/Dell/EDK2/edk2/Build/UefiLessonsPkg/RELEASE_GCC5/X64/MdePkg/Library/BaseLib/BaseLib/OUTPUT/CheckSum.obj
/home/mcw/MCW/Dell/EDK2/edk2/Build/UefiLessonsPkg/RELEASE_GCC5/X64/MdePkg/Library/BaseLib/BaseLib/OUTPUT/SwitchStack.obj
/home/mcw/MCW/Dell/EDK2/edk2/Build/UefiLessonsPkg/RELEASE_GCC5/X64/MdePkg/Library/BaseLib/BaseLib/OUTPUT/SwapBytes64.obj
/home/mcw/MCW/Dell/EDK2/edk2/Build/UefiLessonsPkg/RELEASE_GCC5/X64/MdePkg/Library/BaseLib/BaseLib/OUTPUT/SwapBytes32.obj
/home/mcw/MCW/Dell/EDK2/edk2/Build/UefiLessonsPkg/RELEASE_GCC5/X64/MdePkg/Library/BaseLib/BaseLib/OUTPUT/SwapBytes16.obj
/home/mcw/MCW/Dell/EDK2/edk2/Build/UefiLessonsPkg/RELEASE_GCC5/X64/MdePkg/Library/BaseLib/BaseLib/OUTPUT/LongJump.obj
/home/mcw/MCW/Dell/EDK2/edk2/Build/UefiLessonsPkg/RELEASE_GCC5/X64/MdePkg/Library/BaseLib/BaseLib/OUTPUT/SetJump.obj
/home/mcw/MCW/Dell/EDK2/edk2/Build/UefiLessonsPkg/RELEASE_GCC5/X64/MdePkg/Library/BaseLib/BaseLib/OUTPUT/QuickSort.obj
/home/mcw/MCW/Dell/EDK2/edk2/Build/UefiLessonsPkg/RELEASE_GCC5/X64/MdePkg/Library/BaseLib/BaseLib/OUTPUT/RShiftU64.obj
/home/mcw/MCW/Dell/EDK2/edk2/Build/UefiLessonsPkg/RELEASE_GCC5/X64/MdePkg/Library/BaseLib/BaseLib/OUTPUT/RRotU64.obj
/home/mcw/MCW/Dell/EDK2/edk2/Build/UefiLessonsPkg/RELEASE_GCC5/X64/MdePkg/Library/BaseLib/BaseLib/OUTPUT/RRotU32.obj
/home/mcw/MCW/Dell/EDK2/edk2/Build/UefiLessonsPkg/RELEASE_GCC5/X64/MdePkg/Library/BaseLib/BaseLib/OUTPUT/MultU64x64.obj
/home/mcw/MCW/Dell/EDK2/edk2/Build/UefiLessonsPkg/RELEASE_GCC5/X64/MdePkg/Library/BaseLib/BaseLib/OUTPUT/MultU64x32.obj
/home/mcw/MCW/Dell/EDK2/edk2/Build/UefiLessonsPkg/RELEASE_GCC5/X64/MdePkg/Library/BaseLib/BaseLib/OUTPUT/MultS64x64.obj
/home/mcw/MCW/Dell/EDK2/edk2/Build/UefiLessonsPkg/RELEASE_GCC5/X64/MdePkg/Library/BaseLib/BaseLib/OUTPUT/ModU64x32.obj
/home/mcw/MCW/Dell/EDK2/edk2/Build/UefiLessonsPkg/RELEASE_GCC5/X64/MdePkg/Library/BaseLib/BaseLib/OUTPUT/LShiftU64.obj
/home/mcw/MCW/Dell/EDK2/edk2/Build/UefiLessonsPkg/RELEASE_GCC5/X64/MdePkg/Library/BaseLib/BaseLib/OUTPUT/LRotU64.obj
/home/mcw/MCW/Dell/EDK2/edk2/Build/UefiLessonsPkg/RELEASE_GCC5/X64/MdePkg/Library/BaseLib/BaseLib/OUTPUT/LRotU32.obj
/home/mcw/MCW/Dell/EDK2/edk2/Build/UefiLessonsPkg/RELEASE_GCC5/X64/MdePkg/Library/BaseLib/BaseLib/OUTPUT/LowBitSet64.obj
/home/mcw/MCW/Dell/EDK2/edk2/Build/UefiLessonsPkg/RELEASE_GCC5/X64/MdePkg/Library/BaseLib/BaseLib/OUTPUT/LowBitSet32.obj
/home/mcw/MCW/Dell/EDK2/edk2/Build/UefiLessonsPkg/RELEASE_GCC5/X64/MdePkg/Library/BaseLib/BaseLib/OUTPUT/HighBitSet64.obj
/home/mcw/MCW/Dell/EDK2/edk2/Build/UefiLessonsPkg/RELEASE_GCC5/X64/MdePkg/Library/BaseLib/BaseLib/OUTPUT/HighBitSet32.obj
/home/mcw/MCW/Dell/EDK2/edk2/Build/UefiLessonsPkg/RELEASE_GCC5/X64/MdePkg/Library/BaseLib/BaseLib/OUTPUT/GetPowerOfTwo64.obj
/home/mcw/MCW/Dell/EDK2/edk2/Build/UefiLessonsPkg/RELEASE_GCC5/X64/MdePkg/Library/BaseLib/BaseLib/OUTPUT/GetPowerOfTwo32.obj
/home/mcw/MCW/Dell/EDK2/edk2/Build/UefiLessonsPkg/RELEASE_GCC5/X64/MdePkg/Library/BaseLib/BaseLib/OUTPUT/DivU64x64Remainder.obj
/home/mcw/MCW/Dell/EDK2/edk2/Build/UefiLessonsPkg/RELEASE_GCC5/X64/MdePkg/Library/BaseLib/BaseLib/OUTPUT/DivU64x32Remainder.obj
/home/mcw/MCW/Dell/EDK2/edk2/Build/UefiLessonsPkg/RELEASE_GCC5/X64/MdePkg/Library/BaseLib/BaseLib/OUTPUT/DivU64x32.obj
/home/mcw/MCW/Dell/EDK2/edk2/Build/UefiLessonsPkg/RELEASE_GCC5/X64/MdePkg/Library/BaseLib/BaseLib/OUTPUT/DivS64x64Remainder.obj
/home/mcw/MCW/Dell/EDK2/edk2/Build/UefiLessonsPkg/RELEASE_GCC5/X64/MdePkg/Library/BaseLib/BaseLib/OUTPUT/ARShiftU64.obj
/home/mcw/MCW/Dell/EDK2/edk2/Build/UefiLessonsPkg/RELEASE_GCC5/X64/MdePkg/Library/BaseLib/BaseLib/OUTPUT/BitField.obj
/home/mcw/MCW/Dell/EDK2/edk2/Build/UefiLessonsPkg/RELEASE_GCC5/X64/MdePkg/Library/BaseLib/BaseLib/OUTPUT/ConvertGuidUuid.obj
/home/mcw/MCW/Dell/EDK2/edk2/Build/UefiLessonsPkg/RELEASE_GCC5/X64/MdePkg/Library/BaseLib/BaseLib/OUTPUT/CpuDeadLoop.obj
/home/mcw/MCW/Dell/EDK2/edk2/Build/UefiLessonsPkg/RELEASE_GCC5/X64/MdePkg/Library/BaseLib/BaseLib/OUTPUT/Cpu.obj
/home/mcw/MCW/Dell/EDK2/edk2/Build/UefiLessonsPkg/RELEASE_GCC5/X64/MdePkg/Library/BaseLib/BaseLib/OUTPUT/LinkedList.obj
/home/mcw/MCW/Dell/EDK2/edk2/Build/UefiLessonsPkg/RELEASE_GCC5/X64/MdePkg/Library/BaseLib/BaseLib/OUTPUT/SafeString.obj
/home/mcw/MCW/Dell/EDK2/edk2/Build/UefiLessonsPkg/RELEASE_GCC5/X64/MdePkg/Library/BaseLib/BaseLib/OUTPUT/String.obj
/home/mcw/MCW/Dell/EDK2/edk2/Build/UefiLessonsPkg/RELEASE_GCC5/X64/MdePkg/Library/BaseLib/BaseLib/OUTPUT/Unaligned.obj
/home/mcw/MCW/Dell/EDK2/edk2/Build/UefiLessonsPkg/RELEASE_GCC5/X64/MdePkg/Library/BaseLib/BaseLib/OUTPUT/FilePaths.obj
/home/mcw/MCW/Dell/EDK2/edk2/Build/UefiLessonsPkg/RELEASE_GCC5/X64/MdePkg/Library/BaseLib/BaseLib/OUTPUT/X64/Thunk16.obj
/home/mcw/MCW/Dell/EDK2/edk2/Build/UefiLessonsPkg/RELEASE_GCC5/X64/MdePkg/Library/BaseLib/BaseLib/OUTPUT/X64/CpuIdEx.obj
/home/mcw/MCW/Dell/EDK2/edk2/Build/UefiLessonsPkg/RELEASE_GCC5/X64/MdePkg/Library/BaseLib/BaseLib/OUTPUT/X64/CpuId.obj
/home/mcw/MCW/Dell/EDK2/edk2/Build/UefiLessonsPkg/RELEASE_GCC5/X64/MdePkg/Library/BaseLib/BaseLib/OUTPUT/X64/LongJump.obj
/home/mcw/MCW/Dell/EDK2/edk2/Build/UefiLessonsPkg/RELEASE_GCC5/X64/MdePkg/Library/BaseLib/BaseLib/OUTPUT/X64/SetJump.obj
/home/mcw/MCW/Dell/EDK2/edk2/Build/UefiLessonsPkg/RELEASE_GCC5/X64/MdePkg/Library/BaseLib/BaseLib/OUTPUT/X64/SwitchStack.obj
/home/mcw/MCW/Dell/EDK2/edk2/Build/UefiLessonsPkg/RELEASE_GCC5/X64/MdePkg/Library/BaseLib/BaseLib/OUTPUT/X64/EnableCache.obj
/home/mcw/MCW/Dell/EDK2/edk2/Build/UefiLessonsPkg/RELEASE_GCC5/X64/MdePkg/Library/BaseLib/BaseLib/OUTPUT/X64/DisableCache.obj
/home/mcw/MCW/Dell/EDK2/edk2/Build/UefiLessonsPkg/RELEASE_GCC5/X64/MdePkg/Library/BaseLib/BaseLib/OUTPUT/X64/WriteTr.obj
/home/mcw/MCW/Dell/EDK2/edk2/Build/UefiLessonsPkg/RELEASE_GCC5/X64/MdePkg/Library/BaseLib/BaseLib/OUTPUT/X64/Lfence.obj
/home/mcw/MCW/Dell/EDK2/edk2/Build/UefiLessonsPkg/RELEASE_GCC5/X64/MdePkg/Library/BaseLib/BaseLib/OUTPUT/X64/TdCall.obj
/home/mcw/MCW/Dell/EDK2/edk2/Build/UefiLessonsPkg/RELEASE_GCC5/X64/MdePkg/Library/BaseLib/BaseLib/OUTPUT/X64/TdVmcall.obj
/home/mcw/MCW/Dell/EDK2/edk2/Build/UefiLessonsPkg/RELEASE_GCC5/X64/MdePkg/Library/BaseLib/BaseLib/OUTPUT/X64/TdProbe.obj
/home/mcw/MCW/Dell/EDK2/edk2/Build/UefiLessonsPkg/RELEASE_GCC5/X64/MdePkg/Library/BaseLib/BaseLib/OUTPUT/X64/SevProbe.obj
/home/mcw/MCW/Dell/EDK2/edk2/Build/UefiLessonsPkg/RELEASE_GCC5/X64/MdePkg/Library/BaseLib/BaseLib/OUTPUT/X64/Non-existing.obj
/home/mcw/MCW/Dell/EDK2/edk2/Build/UefiLessonsPkg/RELEASE_GCC5/X64/MdePkg/Library/BaseLib/BaseLib/OUTPUT/Math64.obj
/home/mcw/MCW/Dell/EDK2/edk2/Build/UefiLessonsPkg/RELEASE_GCC5/X64/MdePkg/Library/BaseLib/BaseLib/OUTPUT/X86WriteIdtr.obj
/home/mcw/MCW/Dell/EDK2/edk2/Build/UefiLessonsPkg/RELEASE_GCC5/X64/MdePkg/Library/BaseLib/BaseLib/OUTPUT/X86WriteGdtr.obj
/home/mcw/MCW/Dell/EDK2/edk2/Build/UefiLessonsPkg/RELEASE_GCC5/X64/MdePkg/Library/BaseLib/BaseLib/OUTPUT/X86Thunk.obj
/home/mcw/MCW/Dell/EDK2/edk2/Build/UefiLessonsPkg/RELEASE_GCC5/X64/MdePkg/Library/BaseLib/BaseLib/OUTPUT/X86ReadIdtr.obj
/home/mcw/MCW/Dell/EDK2/edk2/Build/UefiLessonsPkg/RELEASE_GCC5/X64/MdePkg/Library/BaseLib/BaseLib/OUTPUT/X86ReadGdtr.obj
/home/mcw/MCW/Dell/EDK2/edk2/Build/UefiLessonsPkg/RELEASE_GCC5/X64/MdePkg/Library/BaseLib/BaseLib/OUTPUT/X86Msr.obj
/home/mcw/MCW/Dell/EDK2/edk2/Build/UefiLessonsPkg/RELEASE_GCC5/X64/MdePkg/Library/BaseLib/BaseLib/OUTPUT/X86GetInterruptState.obj
/home/mcw/MCW/Dell/EDK2/edk2/Build/UefiLessonsPkg/RELEASE_GCC5/X64/MdePkg/Library/BaseLib/BaseLib/OUTPUT/X86FxSave.obj
/home/mcw/MCW/Dell/EDK2/edk2/Build/UefiLessonsPkg/RELEASE_GCC5/X64/MdePkg/Library/BaseLib/BaseLib/OUTPUT/X86FxRestore.obj
/home/mcw/MCW/Dell/EDK2/edk2/Build/UefiLessonsPkg/RELEASE_GCC5/X64/MdePkg/Library/BaseLib/BaseLib/OUTPUT/X86EnablePaging64.obj
/home/mcw/MCW/Dell/EDK2/edk2/Build/UefiLessonsPkg/RELEASE_GCC5/X64/MdePkg/Library/BaseLib/BaseLib/OUTPUT/X86EnablePaging32.obj
/home/mcw/MCW/Dell/EDK2/edk2/Build/UefiLessonsPkg/RELEASE_GCC5/X64/MdePkg/Library/BaseLib/BaseLib/OUTPUT/X86DisablePaging64.obj
/home/mcw/MCW/Dell/EDK2/edk2/Build/UefiLessonsPkg/RELEASE_GCC5/X64/MdePkg/Library/BaseLib/BaseLib/OUTPUT/X86DisablePaging32.obj
/home/mcw/MCW/Dell/EDK2/edk2/Build/UefiLessonsPkg/RELEASE_GCC5/X64/MdePkg/Library/BaseLib/BaseLib/OUTPUT/X86RdRand.obj
/home/mcw/MCW/Dell/EDK2/edk2/Build/UefiLessonsPkg/RELEASE_GCC5/X64/MdePkg/Library/BaseLib/BaseLib/OUTPUT/X86PatchInstruction.obj
/home/mcw/MCW/Dell/EDK2/edk2/Build/UefiLessonsPkg/RELEASE_GCC5/X64/MdePkg/Library/BaseLib/BaseLib/OUTPUT/X86SpeculationBarrier.obj
/home/mcw/MCW/Dell/EDK2/edk2/Build/UefiLessonsPkg/RELEASE_GCC5/X64/MdePkg/Library/BaseLib/BaseLib/OUTPUT/X64/GccInline.obj
/home/mcw/MCW/Dell/EDK2/edk2/Build/UefiLessonsPkg/RELEASE_GCC5/X64/MdePkg/Library/BaseLib/BaseLib/OUTPUT/X64/GccInlinePriv.obj
/home/mcw/MCW/Dell/EDK2/edk2/Build/UefiLessonsPkg/RELEASE_GCC5/X64/MdePkg/Library/BaseLib/BaseLib/OUTPUT/X64/EnableDisableInterrupts.obj
/home/mcw/MCW/Dell/EDK2/edk2/Build/UefiLessonsPkg/RELEASE_GCC5/X64/MdePkg/Library/BaseLib/BaseLib/OUTPUT/X64/DisablePaging64.obj
/home/mcw/MCW/Dell/EDK2/edk2/Build/UefiLessonsPkg/RELEASE_GCC5/X64/MdePkg/Library/BaseLib/BaseLib/OUTPUT/X64/Pvalidate.obj
/home/mcw/MCW/Dell/EDK2/edk2/Build/UefiLessonsPkg/RELEASE_GCC5/X64/MdePkg/Library/BaseLib/BaseLib/OUTPUT/X64/RdRand.obj
/home/mcw/MCW/Dell/EDK2/edk2/Build/UefiLessonsPkg/RELEASE_GCC5/X64/MdePkg/Library/BaseLib/BaseLib/OUTPUT/X64/RmpAdjust.obj
/home/mcw/MCW/Dell/EDK2/edk2/Build/UefiLessonsPkg/RELEASE_GCC5/X64/MdePkg/Library/BaseLib/BaseLib/OUTPUT/X64/XGetBv.obj
/home/mcw/MCW/Dell/EDK2/edk2/Build/UefiLessonsPkg/RELEASE_GCC5/X64/MdePkg/Library/BaseLib/BaseLib/OUTPUT/X64/XSetBv.obj
/home/mcw/MCW/Dell/EDK2/edk2/Build/UefiLessonsPkg/RELEASE_GCC5/X64/MdePkg/Library/BaseLib/BaseLib/OUTPUT/X64/VmgExit.obj
/home/mcw/MCW/Dell/EDK2/edk2/Build/UefiLessonsPkg/RELEASE_GCC5/X64/MdePkg/Library/BaseLib/BaseLib/OUTPUT/X64/VmgExitSvsm.obj