/home/mcw/MCW/Dell/EDK2/git/D-work/edk2/Build/OvmfX64/DEBUG_GCC5/X64/MdePkg/Library/BaseMemoryLibRepStr/BaseMemoryLibRepStr/OUTPUT/ScanMem64Wrapper.obj
/home/mcw/MCW/Dell/EDK2/git/D-work/edk2/Build/OvmfX64/DEBUG_GCC5/X64/MdePkg/Library/BaseMemoryLibRepStr/BaseMemoryLibRepStr/OUTPUT/ScanMem32Wrapper.obj
/home/mcw/MCW/Dell/EDK2/git/D-work/edk2/Build/OvmfX64/DEBUG_GCC5/X64/MdePkg/Library/BaseMemoryLibRepStr/BaseMemoryLibRepStr/OUTPUT/ScanMem16Wrapper.obj
/home/mcw/MCW/Dell/EDK2/git/D-work/edk2/Build/OvmfX64/DEBUG_GCC5/X64/MdePkg/Library/BaseMemoryLibRepStr/BaseMemoryLibRepStr/OUTPUT/ScanMem8Wrapper.obj
/home/mcw/MCW/Dell/EDK2/git/D-work/edk2/Build/OvmfX64/DEBUG_GCC5/X64/MdePkg/Library/BaseMemoryLibRepStr/BaseMemoryLibRepStr/OUTPUT/ZeroMemWrapper.obj
/home/mcw/MCW/Dell/EDK2/git/D-work/edk2/Build/OvmfX64/DEBUG_GCC5/X64/MdePkg/Library/BaseMemoryLibRepStr/BaseMemoryLibRepStr/OUTPUT/CompareMemWrapper.obj
/home/mcw/MCW/Dell/EDK2/git/D-work/edk2/Build/OvmfX64/DEBUG_GCC5/X64/MdePkg/Library/BaseMemoryLibRepStr/BaseMemoryLibRepStr/OUTPUT/SetMemNWrapper.obj
/home/mcw/MCW/Dell/EDK2/git/D-work/edk2/Build/OvmfX64/DEBUG_GCC5/X64/MdePkg/Library/BaseMemoryLibRepStr/BaseMemoryLibRepStr/OUTPUT/SetMem64Wrapper.obj
/home/mcw/MCW/Dell/EDK2/git/D-work/edk2/Build/OvmfX64/DEBUG_GCC5/X64/MdePkg/Library/BaseMemoryLibRepStr/BaseMemoryLibRepStr/OUTPUT/SetMem32Wrapper.obj
/home/mcw/MCW/Dell/EDK2/git/D-work/edk2/Build/OvmfX64/DEBUG_GCC5/X64/MdePkg/Library/BaseMemoryLibRepStr/BaseMemoryLibRepStr/OUTPUT/SetMem16Wrapper.obj
/home/mcw/MCW/Dell/EDK2/git/D-work/edk2/Build/OvmfX64/DEBUG_GCC5/X64/MdePkg/Library/BaseMemoryLibRepStr/BaseMemoryLibRepStr/OUTPUT/SetMemWrapper.obj
/home/mcw/MCW/Dell/EDK2/git/D-work/edk2/Build/OvmfX64/DEBUG_GCC5/X64/MdePkg/Library/BaseMemoryLibRepStr/BaseMemoryLibRepStr/OUTPUT/CopyMemWrapper.obj
/home/mcw/MCW/Dell/EDK2/git/D-work/edk2/Build/OvmfX64/DEBUG_GCC5/X64/MdePkg/Library/BaseMemoryLibRepStr/BaseMemoryLibRepStr/OUTPUT/IsZeroBufferWrapper.obj
/home/mcw/MCW/Dell/EDK2/git/D-work/edk2/Build/OvmfX64/DEBUG_GCC5/X64/MdePkg/Library/BaseMemoryLibRepStr/BaseMemoryLibRepStr/OUTPUT/MemLibGuid.obj
/home/mcw/MCW/Dell/EDK2/git/D-work/edk2/Build/OvmfX64/DEBUG_GCC5/X64/MdePkg/Library/BaseMemoryLibRepStr/BaseMemoryLibRepStr/OUTPUT/X64/ScanMem64.obj
/home/mcw/MCW/Dell/EDK2/git/D-work/edk2/Build/OvmfX64/DEBUG_GCC5/X64/MdePkg/Library/BaseMemoryLibRepStr/BaseMemoryLibRepStr/OUTPUT/X64/ScanMem32.obj
/home/mcw/MCW/Dell/EDK2/git/D-work/edk2/Build/OvmfX64/DEBUG_GCC5/X64/MdePkg/Library/BaseMemoryLibRepStr/BaseMemoryLibRepStr/OUTPUT/X64/ScanMem16.obj
/home/mcw/MCW/Dell/EDK2/git/D-work/edk2/Build/OvmfX64/DEBUG_GCC5/X64/MdePkg/Library/BaseMemoryLibRepStr/BaseMemoryLibRepStr/OUTPUT/X64/ScanMem8.obj
/home/mcw/MCW/Dell/EDK2/git/D-work/edk2/Build/OvmfX64/DEBUG_GCC5/X64/MdePkg/Library/BaseMemoryLibRepStr/BaseMemoryLibRepStr/OUTPUT/X64/CompareMem.obj
/home/mcw/MCW/Dell/EDK2/git/D-work/edk2/Build/OvmfX64/DEBUG_GCC5/X64/MdePkg/Library/BaseMemoryLibRepStr/BaseMemoryLibRepStr/OUTPUT/X64/ZeroMem.obj
/home/mcw/MCW/Dell/EDK2/git/D-work/edk2/Build/OvmfX64/DEBUG_GCC5/X64/MdePkg/Library/BaseMemoryLibRepStr/BaseMemoryLibRepStr/OUTPUT/X64/SetMem64.obj
/home/mcw/MCW/Dell/EDK2/git/D-work/edk2/Build/OvmfX64/DEBUG_GCC5/X64/MdePkg/Library/BaseMemoryLibRepStr/BaseMemoryLibRepStr/OUTPUT/X64/SetMem32.obj
/home/mcw/MCW/Dell/EDK2/git/D-work/edk2/Build/OvmfX64/DEBUG_GCC5/X64/MdePkg/Library/BaseMemoryLibRepStr/BaseMemoryLibRepStr/OUTPUT/X64/SetMem16.obj
/home/mcw/MCW/Dell/EDK2/git/D-work/edk2/Build/OvmfX64/DEBUG_GCC5/X64/MdePkg/Library/BaseMemoryLibRepStr/BaseMemoryLibRepStr/OUTPUT/X64/SetMem.obj
/home/mcw/MCW/Dell/EDK2/git/D-work/edk2/Build/OvmfX64/DEBUG_GCC5/X64/MdePkg/Library/BaseMemoryLibRepStr/BaseMemoryLibRepStr/OUTPUT/X64/CopyMem.obj
/home/mcw/MCW/Dell/EDK2/git/D-work/edk2/Build/OvmfX64/DEBUG_GCC5/X64/MdePkg/Library/BaseMemoryLibRepStr/BaseMemoryLibRepStr/OUTPUT/X64/IsZeroBuffer.obj